Archive member included to satisfy reference by file (symbol)

C:/software/STM32CubeCLT_1.15.1/GNU-tools-for-STM32/bin/../lib/gcc/arm-none-eabi/12.3.1/thumb/v7-m/nofp\libgcc.a(_arm_muldf3.o)
                              CMakeFiles/RoboticStm32.elf.dir/Bsp/adc/voltage.c.obj (__aeabi_dmul)
C:/software/STM32CubeCLT_1.15.1/GNU-tools-for-STM32/bin/../lib/gcc/arm-none-eabi/12.3.1/thumb/v7-m/nofp\libgcc.a(_arm_mulsf3.o)
                              CMakeFiles/RoboticStm32.elf.dir/Bsp/motor/motor.c.obj (__aeabi_fmul)
C:/software/STM32CubeCLT_1.15.1/GNU-tools-for-STM32/bin/../lib/gcc/arm-none-eabi/12.3.1/thumb/v7-m/nofp\libgcc.a(_arm_addsubdf3.o)
                              CMakeFiles/RoboticStm32.elf.dir/Bsp/adc/voltage.c.obj (__aeabi_i2d)
C:/software/STM32CubeCLT_1.15.1/GNU-tools-for-STM32/bin/../lib/gcc/arm-none-eabi/12.3.1/thumb/v7-m/nofp\libgcc.a(_arm_muldivdf3.o)
                              CMakeFiles/RoboticStm32.elf.dir/Bsp/adc/voltage.c.obj (__aeabi_ddiv)
C:/software/STM32CubeCLT_1.15.1/GNU-tools-for-STM32/bin/../lib/gcc/arm-none-eabi/12.3.1/thumb/v7-m/nofp\libgcc.a(_arm_fixunsdfsi.o)
                              CMakeFiles/RoboticStm32.elf.dir/Bsp/adc/voltage.c.obj (__aeabi_d2uiz)
C:/software/STM32CubeCLT_1.15.1/GNU-tools-for-STM32/bin/../lib/gcc/arm-none-eabi/12.3.1/thumb/v7-m/nofp\libgcc.a(_arm_truncdfsf2.o)
                              CMakeFiles/RoboticStm32.elf.dir/Bsp/imu/icm20948.c.obj (__aeabi_d2f)
C:/software/STM32CubeCLT_1.15.1/GNU-tools-for-STM32/bin/../lib/gcc/arm-none-eabi/12.3.1/thumb/v7-m/nofp\libgcc.a(_arm_addsubsf3.o)
                              CMakeFiles/RoboticStm32.elf.dir/Bsp/oled/oled.c.obj (__aeabi_fsub)
C:/software/STM32CubeCLT_1.15.1/GNU-tools-for-STM32/bin/../lib/gcc/arm-none-eabi/12.3.1/thumb/v7-m/nofp\libgcc.a(_arm_muldivsf3.o)
                              CMakeFiles/RoboticStm32.elf.dir/Bsp/motor/motor.c.obj (__aeabi_fdiv)
C:/software/STM32CubeCLT_1.15.1/GNU-tools-for-STM32/bin/../lib/gcc/arm-none-eabi/12.3.1/thumb/v7-m/nofp\libgcc.a(_arm_cmpsf2.o)
                              CMakeFiles/RoboticStm32.elf.dir/Bsp/oled/oled.c.obj (__aeabi_fcmplt)
C:/software/STM32CubeCLT_1.15.1/GNU-tools-for-STM32/bin/../lib/gcc/arm-none-eabi/12.3.1/thumb/v7-m/nofp\libgcc.a(_arm_fixsfsi.o)
                              CMakeFiles/RoboticStm32.elf.dir/Bsp/motor/motor.c.obj (__aeabi_f2iz)
C:/software/STM32CubeCLT_1.15.1/GNU-tools-for-STM32/bin/../lib/gcc/arm-none-eabi/12.3.1/thumb/v7-m/nofp\libgcc.a(_arm_fixunssfsi.o)
                              CMakeFiles/RoboticStm32.elf.dir/Bsp/oled/oled.c.obj (__aeabi_f2uiz)
C:/software/STM32CubeCLT_1.15.1/GNU-tools-for-STM32/bin/../lib/gcc/arm-none-eabi/12.3.1/thumb/v7-m/nofp\libgcc.a(_aeabi_uldivmod.o)
                              CMakeFiles/RoboticStm32.elf.dir/Bsp/timer/timer.c.obj (__aeabi_uldivmod)
C:/software/STM32CubeCLT_1.15.1/GNU-tools-for-STM32/bin/../lib/gcc/arm-none-eabi/12.3.1/thumb/v7-m/nofp\libgcc.a(_udivmoddi4.o)
                              C:/software/STM32CubeCLT_1.15.1/GNU-tools-for-STM32/bin/../lib/gcc/arm-none-eabi/12.3.1/thumb/v7-m/nofp\libgcc.a(_aeabi_uldivmod.o) (__udivmoddi4)
C:/software/STM32CubeCLT_1.15.1/GNU-tools-for-STM32/bin/../lib/gcc/arm-none-eabi/12.3.1/thumb/v7-m/nofp\libgcc.a(_dvmd_tls.o)
                              C:/software/STM32CubeCLT_1.15.1/GNU-tools-for-STM32/bin/../lib/gcc/arm-none-eabi/12.3.1/thumb/v7-m/nofp\libgcc.a(_aeabi_uldivmod.o) (__aeabi_ldiv0)
C:/software/STM32CubeCLT_1.15.1/GNU-tools-for-STM32/bin/../lib/gcc/arm-none-eabi/12.3.1/../../../../arm-none-eabi/lib/thumb/v7-m/nofp\libg.a(libc_a-exit.o)
                              C:/software/STM32CubeCLT_1.15.1/GNU-tools-for-STM32/bin/../lib/gcc/arm-none-eabi/12.3.1/../../../../arm-none-eabi/lib/thumb/v7-m/nofp/crt0.o (exit)
C:/software/STM32CubeCLT_1.15.1/GNU-tools-for-STM32/bin/../lib/gcc/arm-none-eabi/12.3.1/../../../../arm-none-eabi/lib/thumb/v7-m/nofp\libg.a(libc_a-findfp.o)
                              CMakeFiles/RoboticStm32.elf.dir/Middlewares/Third_Party/FreeRTOS/Source/tasks.c.obj (__sf)
C:/software/STM32CubeCLT_1.15.1/GNU-tools-for-STM32/bin/../lib/gcc/arm-none-eabi/12.3.1/../../../../arm-none-eabi/lib/thumb/v7-m/nofp\libg.a(libc_a-fwalk.o)
                              C:/software/STM32CubeCLT_1.15.1/GNU-tools-for-STM32/bin/../lib/gcc/arm-none-eabi/12.3.1/../../../../arm-none-eabi/lib/thumb/v7-m/nofp\libg.a(libc_a-findfp.o) (_fwalk_sglue)
C:/software/STM32CubeCLT_1.15.1/GNU-tools-for-STM32/bin/../lib/gcc/arm-none-eabi/12.3.1/../../../../arm-none-eabi/lib/thumb/v7-m/nofp\libg.a(libc_a-snprintf.o)
                              CMakeFiles/RoboticStm32.elf.dir/Bsp/uart/uart.c.obj (snprintf)
C:/software/STM32CubeCLT_1.15.1/GNU-tools-for-STM32/bin/../lib/gcc/arm-none-eabi/12.3.1/../../../../arm-none-eabi/lib/thumb/v7-m/nofp\libg.a(libc_a-sprintf.o)
                              CMakeFiles/RoboticStm32.elf.dir/Bsp/adc/voltage.c.obj (sprintf)
[...]
Memory Configuration

Name             Origin             Length             Attributes
RAM              0x20000000         0x0000c000         xrw
FLASH            0x08000000         0x00040000         xr
*default*        0x00000000         0xffffffff

Linker script and memory map

LOAD C:/software/STM32CubeCLT_1.15.1/GNU-tools-for-STM32/bin/../lib/gcc/arm-none-eabi/12.3.1/thumb/v7-m/nofp/crti.o
LOAD C:/software/STM32CubeCLT_1.15.1/GNU-tools-for-STM32/bin/../lib/gcc/arm-none-eabi/12.3.1/thumb/v7-m/nofp/crtbegin.o
LOAD C:/software/STM32CubeCLT_1.15.1/GNU-tools-for-STM32/bin/../lib/gcc/arm-none-eabi/12.3.1/../../../../arm-none-eabi/lib/thumb/v7-m/nofp/crt0.o
LOAD CMakeFiles/RoboticStm32.elf.dir/Bsp/adc/voltage.c.obj
LOAD CMakeFiles/RoboticStm32.elf.dir/Bsp/can_fd/can_fd.c.obj
LOAD CMakeFiles/RoboticStm32.elf.dir/Bsp/encoder/encoder.c.obj
LOAD CMakeFiles/RoboticStm32.elf.dir/Bsp/gpio/beef.c.obj
LOAD CMakeFiles/RoboticStm32.elf.dir/Bsp/gpio/led.c.obj
LOAD CMakeFiles/RoboticStm32.elf.dir/Bsp/imu/icm20948.c.obj
LOAD CMakeFiles/RoboticStm32.elf.dir/Bsp/imu/mpu6050.c.obj
LOAD CMakeFiles/RoboticStm32.elf.dir/Bsp/imu/sw_iic.c.obj
LOAD CMakeFiles/RoboticStm32.elf.dir/Bsp/motor/motor.c.obj
LOAD CMakeFiles/RoboticStm32.elf.dir/Bsp/oled/oled.c.obj
LOAD CMakeFiles/RoboticStm32.elf.dir/Bsp/timer/timer.c.obj
LOAD CMakeFiles/RoboticStm32.elf.dir/Bsp/uart/uart.c.obj
LOAD CMakeFiles/RoboticStm32.elf.dir/Core/Src/adc.c.obj
LOAD CMakeFiles/RoboticStm32.elf.dir/Core/Src/can.c.obj
LOAD CMakeFiles/RoboticStm32.elf.dir/Core/Src/freertos.c.obj
LOAD CMakeFiles/RoboticStm32.elf.dir/Core/Src/gpio.c.obj
LOAD CMakeFiles/RoboticStm32.elf.dir/Core/Src/i2c.c.obj
LOAD CMakeFiles/RoboticStm32.elf.dir/Core/Src/main.c.obj
LOAD CMakeFiles/RoboticStm32.elf.dir/Core/Src/spi.c.obj
LOAD CMakeFiles/RoboticStm32.elf.dir/Core/Src/stm32f1xx_hal_msp.c.obj
LOAD CMakeFiles/RoboticStm32.elf.dir/Core/Src/stm32f1xx_hal_timebase_tim.c.obj
LOAD CMakeFiles/RoboticStm32.elf.dir/Core/Src/stm32f1xx_it.c.obj
LOAD CMakeFiles/RoboticStm32.elf.dir/Core/Src/syscalls.c.obj
LOAD CMakeFiles/RoboticStm32.elf.dir/Core/Src/sysmem.c.obj
LOAD CMakeFiles/RoboticStm32.elf.dir/Core/Src/system_stm32f1xx.c.obj
LOAD CMakeFiles/RoboticStm32.elf.dir/Core/Src/tim.c.obj
LOAD CMakeFiles/RoboticStm32.elf.dir/Core/Src/usart.c.obj
LOAD CMakeFiles/RoboticStm32.elf.dir/Core/Startup/startup_stm32f103rctx.s.obj
LOAD CMakeFiles/RoboticStm32.elf.dir/Drivers/STM32F1xx_HAL_Driver/Src/stm32f1xx_hal.c.obj
LOAD CMakeFiles/RoboticStm32.elf.dir/Drivers/STM32F1xx_HAL_Driver/Src/stm32f1xx_hal_adc.c.obj
LOAD CMakeFiles/RoboticStm32.elf.dir/Drivers/STM32F1xx_HAL_Driver/Src/stm32f1xx_hal_adc_ex.c.obj
LOAD CMakeFiles/RoboticStm32.elf.dir/Drivers/STM32F1xx_HAL_Driver/Src/stm32f1xx_hal_can.c.obj
LOAD CMakeFiles/RoboticStm32.elf.dir/Drivers/STM32F1xx_HAL_Driver/Src/stm32f1xx_hal_cortex.c.obj
LOAD CMakeFiles/RoboticStm32.elf.dir/Drivers/STM32F1xx_HAL_Driver/Src/stm32f1xx_hal_dma.c.obj
LOAD CMakeFiles/RoboticStm32.elf.dir/Drivers/STM32F1xx_HAL_Driver/Src/stm32f1xx_hal_exti.c.obj
LOAD CMakeFiles/RoboticStm32.elf.dir/Drivers/STM32F1xx_HAL_Driver/Src/stm32f1xx_hal_flash.c.obj
LOAD CMakeFiles/RoboticStm32.elf.dir/Drivers/STM32F1xx_HAL_Driver/Src/stm32f1xx_hal_flash_ex.c.obj
LOAD CMakeFiles/RoboticStm32.elf.dir/Drivers/STM32F1xx_HAL_Driver/Src/stm32f1xx_hal_gpio.c.obj
LOAD CMakeFiles/RoboticStm32.elf.dir/Drivers/STM32F1xx_HAL_Driver/Src/stm32f1xx_hal_gpio_ex.c.obj
LOAD CMakeFiles/RoboticStm32.elf.dir/Drivers/STM32F1xx_HAL_Driver/Src/stm32f1xx_hal_i2c.c.obj
LOAD CMakeFiles/RoboticStm32.elf.dir/Drivers/STM32F1xx_HAL_Driver/Src/stm32f1xx_hal_pwr.c.obj
LOAD CMakeFiles/RoboticStm32.elf.dir/Drivers/STM32F1xx_HAL_Driver/Src/stm32f1xx_hal_rcc.c.obj
LOAD CMakeFiles/RoboticStm32.elf.dir/Drivers/STM32F1xx_HAL_Driver/Src/stm32f1xx_hal_rcc_ex.c.obj
LOAD CMakeFiles/RoboticStm32.elf.dir/Drivers/STM32F1xx_HAL_Driver/Src/stm32f1xx_hal_spi.c.obj
LOAD CMakeFiles/RoboticStm32.elf.dir/Drivers/STM32F1xx_HAL_Driver/Src/stm32f1xx_hal_tim.c.obj
LOAD CMakeFiles/RoboticStm32.elf.dir/Drivers/STM32F1xx_HAL_Driver/Src/stm32f1xx_hal_tim_ex.c.obj
LOAD CMakeFiles/RoboticStm32.elf.dir/Drivers/STM32F1xx_HAL_Driver/Src/stm32f1xx_hal_uart.c.obj
LOAD CMakeFiles/RoboticStm32.elf.dir/Middlewares/Third_Party/FreeRTOS/Source/CMSIS_RTOS_V2/cmsis_os2.c.obj
LOAD CMakeFiles/RoboticStm32.elf.dir/Middlewares/Third_Party/FreeRTOS/Source/croutine.c.obj
LOAD CMakeFiles/RoboticStm32.elf.dir/Middlewares/Third_Party/FreeRTOS/Source/event_groups.c.obj
LOAD CMakeFiles/RoboticStm32.elf.dir/Middlewares/Third_Party/FreeRTOS/Source/list.c.obj
LOAD CMakeFiles/RoboticStm32.elf.dir/Middlewares/Third_Party/FreeRTOS/Source/portable/GCC/ARM_CM3/port.c.obj
LOAD CMakeFiles/RoboticStm32.elf.dir/Middlewares/Third_Party/FreeRTOS/Source/portable/MemMang/heap_4.c.obj
LOAD CMakeFiles/RoboticStm32.elf.dir/Middlewares/Third_Party/FreeRTOS/Source/queue.c.obj
LOAD CMakeFiles/RoboticStm32.elf.dir/Middlewares/Third_Party/FreeRTOS/Source/stream_buffer.c.obj
LOAD CMakeFiles/RoboticStm32.elf.dir/Middlewares/Third_Party/FreeRTOS/Source/tasks.c.obj
LOAD CMakeFiles/RoboticStm32.elf.dir/Middlewares/Third_Party/FreeRTOS/Source/timers.c.obj
LOAD CMakeFiles/RoboticStm32.elf.dir/Robotic/pid/pid.c.obj
START GROUP
LOAD C:/software/STM32CubeCLT_1.15.1/GNU-tools-for-STM32/bin/../lib/gcc/arm-none-eabi/12.3.1/thumb/v7-m/nofp\libgcc.a
LOAD C:/software/STM32CubeCLT_1.15.1/GNU-tools-for-STM32/bin/../lib/gcc/arm-none-eabi/12.3.1/../../../../arm-none-eabi/lib/thumb/v7-m/nofp\libg.a
LOAD C:/software/STM32CubeCLT_1.15.1/GNU-tools-for-STM32/bin/../lib/gcc/arm-none-eabi/12.3.1/../../../../arm-none-eabi/lib/thumb/v7-m/nofp\libc.a
END GROUP
LOAD C:/software/STM32CubeCLT_1.15.1/GNU-tools-for-STM32/bin/../lib/gcc/arm-none-eabi/12.3.1/thumb/v7-m/nofp/crtend.o
LOAD C:/software/STM32CubeCLT_1.15.1/GNU-tools-for-STM32/bin/../lib/gcc/arm-none-eabi/12.3.1/thumb/v7-m/nofp/crtn.o
                0x2000c000                        _estack = (ORIGIN (RAM) + LENGTH (RAM))
                0x00000200                        _Min_Heap_Size = 0x200
                0x00000400                        _Min_Stack_Size = 0x400

.isr_vector     0x08000000      0x1e4
                0x08000000                        . = ALIGN (0x4)
 *(.isr_vector)
 .isr_vector    0x08000000      0x1e4 CMakeFiles/RoboticStm32.elf.dir/Core/Startup/startup_stm32f103rctx.s.obj
                0x08000000                g_pfnVectors
                0x080001e4                        . = ALIGN (0x4)

.text           0x080001f0     0xc370
                0x080001f0                        . = ALIGN (0x4)
 *(.text)
 .text          0x080001f0       0x40 C:/software/STM32CubeCLT_1.15.1/GNU-tools-for-STM32/bin/../lib/gcc/arm-none-eabi/12.3.1/thumb/v7-m/nofp/crtbegin.o
 .text          0x08000230      0x378 C:/software/STM32CubeCLT_1.15.1/GNU-tools-for-STM32/bin/../lib/gcc/arm-none-eabi/12.3.1/thumb/v7-m/nofp\libgcc.a(_arm_addsubdf3.o)
                0x08000230                __aeabi_drsub
                0x08000238                __aeabi_dsub
                0x08000238                __subdf3
                0x0800023c                __aeabi_dadd
                0x0800023c                __adddf3
                0x080004b4                __floatunsidf
                0x080004b4                __aeabi_ui2d
                0x080004d4                __floatsidf
                0x080004d4                __aeabi_i2d
                0x080004f8                __aeabi_f2d
                0x080004f8                __extendsfdf2
                0x0800053c                __floatundidf
                0x0800053c                __aeabi_ul2d
                0x0800054c                __floatdidf
                0x0800054c                __aeabi_l2d
 .text          0x080005a8      0x424 C:/software/STM32CubeCLT_1.15.1/GNU-tools-for-STM32/bin/../lib/gcc/arm-none-eabi/12.3.1/thumb/v7-m/nofp\libgcc.a(_arm_muldivdf3.o)
                0x080005a8                __aeabi_dmul
                0x080005a8                __muldf3
                0x080007fc                __divdf3
                0x080007fc                __aeabi_ddiv
 .text          0x080009cc       0x40 C:/software/STM32CubeCLT_1.15.1/GNU-tools-for-STM32/bin/../lib/gcc/arm-none-eabi/12.3.1/thumb/v7-m/nofp\libgcc.a(_arm_fixunsdfsi.o)
                0x080009cc                __aeabi_d2uiz
                0x080009cc                __fixunsdfsi
 .text          0x08000a0c       0xa0 C:/software/STM32CubeCLT_1.15.1/GNU-tools-for-STM32/bin/../lib/gcc/arm-none-eabi/12.3.1/thumb/v7-m/nofp\libgcc.a(_arm_truncdfsf2.o)
                0x08000a0c                __truncdfsf2
                0x08000a0c                __aeabi_d2f
 .text          0x08000aac       0x30 C:/software/STM32CubeCLT_1.15.1/GNU-tools-for-STM32/bin/../lib/gcc/arm-none-eabi/12.3.1/thumb/v7-m/nofp\libgcc.a(_aeabi_uldivmod.o)
                0x08000aac                __aeabi_uldivmod
 .text          0x08000adc      0x2b8 C:/software/STM32CubeCLT_1.15.1/GNU-tools-for-STM32/bin/../lib/gcc/arm-none-eabi/12.3.1/thumb/v7-m/nofp\libgcc.a(_udivmoddi4.o)
                0x08000adc                __udivmoddi4
 .text          0x08000d94        0x4 C:/software/STM32CubeCLT_1.15.1/GNU-tools-for-STM32/bin/../lib/gcc/arm-none-eabi/12.3.1/thumb/v7-m/nofp\libgcc.a(_dvmd_tls.o)
                0x08000d94                __aeabi_idiv0
                0x08000d94                __aeabi_ldiv0
 .text          0x08000d98       0x10 C:/software/STM32CubeCLT_1.15.1/GNU-tools-for-STM32/bin/../lib/gcc/arm-none-eabi/12.3.1/../../../../arm-none-eabi/lib/thumb/v7-m/nofp\libg.a(libc_a-strlen.o)
                0x08000d98                strlen
 .text          0x08000da8      0x110 C:/software/STM32CubeCLT_1.15.1/GNU-tools-for-STM32/bin/../lib/gcc/arm-none-eabi/12.3.1/thumb/v7-m/nofp\libgcc.a(_arm_cmpdf2.o)
                0x08000da8                __gtdf2
                0x08000da8                __gedf2
                0x08000db0                __ltdf2
                0x08000db0                __ledf2
                0x08000db8                __nedf2
                0x08000db8                __eqdf2
                0x08000db8                __cmpdf2
                0x08000e34                __aeabi_cdrcmple
                0x08000e44                __aeabi_cdcmpeq
                0x08000e44                __aeabi_cdcmple
                0x08000e54                __aeabi_dcmpeq
                0x08000e68                __aeabi_dcmplt
                0x08000e7c                __aeabi_dcmple
                0x08000e90                __aeabi_dcmpge
                0x08000ea4                __aeabi_dcmpgt
 .text          0x08000eb8       0x2c C:/software/STM32CubeCLT_1.15.1/GNU-tools-for-STM32/bin/../lib/gcc/arm-none-eabi/12.3.1/thumb/v7-m/nofp\libgcc.a(_arm_unorddf2.o)
                0x08000eb8                __unorddf2
                0x08000eb8                __aeabi_dcmpun
 .text          0x08000ee4       0x50 C:/software/STM32CubeCLT_1.15.1/GNU-tools-for-STM32/bin/../lib/gcc/arm-none-eabi/12.3.1/thumb/v7-m/nofp\libgcc.a(_arm_fixdfsi.o)
                0x08000ee4                __aeabi_d2iz
                0x08000ee4                __fixdfsi
 *(.text*)
 .text.ADC_Voltage_Init
                0x08000f34       0x24 CMakeFiles/RoboticStm32.elf.dir/Bsp/adc/voltage.c.obj
                0x08000f34                ADC_Voltage_Init
 .text.ADC_Voltage_Analog
                0x08000f58       0x10 CMakeFiles/RoboticStm32.elf.dir/Bsp/adc/voltage.c.obj
                0x08000f58                ADC_Voltage_Analog
 .text.ADC_Voltage_Actual
                0x08000f68       0x58 CMakeFiles/RoboticStm32.elf.dir/Bsp/adc/voltage.c.obj
                0x08000f68                ADC_Voltage_Actual
 .text.OLED_ShowVoltage
                0x08000fc0       0x94 CMakeFiles/RoboticStm32.elf.dir/Bsp/adc/voltage.c.obj
                0x08000fc0                OLED_ShowVoltage
 .text.ADC_Voltage_Oled
                0x08001054       0x22 CMakeFiles/RoboticStm32.elf.dir/Bsp/adc/voltage.c.obj
                0x08001054                ADC_Voltage_Oled
 *fill*         0x08001076        0x2 
 .text.CAN_SendMessage
                0x08001078       0x24 CMakeFiles/RoboticStm32.elf.dir/Bsp/can_fd/can_fd.c.obj
                0x08001078                CAN_SendMessage
 .text.CAN_ReceiveFlag
                0x0800109c       0x18 CMakeFiles/RoboticStm32.elf.dir/Bsp/can_fd/can_fd.c.obj
                0x0800109c                CAN_ReceiveFlag
 .text.CAN_ReceiveMessage
                0x080010b4       0x1c CMakeFiles/RoboticStm32.elf.dir/Bsp/can_fd/can_fd.c.obj
                0x080010b4                CAN_ReceiveMessage
 .text.Encoder_Init
                0x080010d0       0x34 CMakeFiles/RoboticStm32.elf.dir/Bsp/encoder/encoder.c.obj
                0x080010d0                Encoder_Init
 .text.LED_Flash
                0x08001104       0x30 CMakeFiles/RoboticStm32.elf.dir/Bsp/gpio/led.c.obj
                0x08001104                LED_Flash
 .text.ICM20948_Enable
                0x08001134       0x14 CMakeFiles/RoboticStm32.elf.dir/Bsp/imu/icm20948.c.obj
 .text.ICM20948_Disable
                0x08001148       0x14 CMakeFiles/RoboticStm32.elf.dir/Bsp/imu/icm20948.c.obj
 .text.ICM20948_SelectBank
                0x0800115c       0x2c CMakeFiles/RoboticStm32.elf.dir/Bsp/imu/icm20948.c.obj
 .text.ICM20948_WriteMultiple
                0x08001188       0x40 CMakeFiles/RoboticStm32.elf.dir/Bsp/imu/icm20948.c.obj
 .text.ICM20948_WriteByte
                0x080011c8       0x30 CMakeFiles/RoboticStm32.elf.dir/Bsp/imu/icm20948.c.obj
 .text.AK09916_WriteByte
                0x080011f8       0x30 CMakeFiles/RoboticStm32.elf.dir/Bsp/imu/icm20948.c.obj
 .text.ICM20948_ReadByte
                0x08001228       0x48 CMakeFiles/RoboticStm32.elf.dir/Bsp/imu/icm20948.c.obj
 .text.AK09916_ReadByte
                0x08001270       0x32 CMakeFiles/RoboticStm32.elf.dir/Bsp/imu/icm20948.c.obj
 .text.ICM20948_ReadGyro
                0x080012a2       0x4e CMakeFiles/RoboticStm32.elf.dir/Bsp/imu/icm20948.c.obj
                0x080012a2                ICM20948_ReadGyro
 .text.ICM20948_GyroCalibration
                0x080012f0       0xc0 CMakeFiles/RoboticStm32.elf.dir/Bsp/imu/icm20948.c.obj
 .text.ICM20948_Init
                0x080013b0       0x72 CMakeFiles/RoboticStm32.elf.dir/Bsp/imu/icm20948.c.obj
                0x080013b0                ICM20948_Init
 .text.ICM20948_ReadAccel
                0x08001422       0x4e CMakeFiles/RoboticStm32.elf.dir/Bsp/imu/icm20948.c.obj
                0x08001422                ICM20948_ReadAccel
 .text.ICM20948_RealData
                0x08001470       0xb4 CMakeFiles/RoboticStm32.elf.dir/Bsp/imu/icm20948.c.obj
                0x08001470                ICM20948_RealData
 .text.AK09916_Init
                0x08001524       0x4c CMakeFiles/RoboticStm32.elf.dir/Bsp/imu/icm20948.c.obj
                0x08001524                AK09916_Init
 .text.AK09916_ReadDeviceID
                0x08001570        0xa CMakeFiles/RoboticStm32.elf.dir/Bsp/imu/icm20948.c.obj
                0x08001570                AK09916_ReadDeviceID
 .text.AK09916_ReadMag
                0x0800157a       0x42 CMakeFiles/RoboticStm32.elf.dir/Bsp/imu/icm20948.c.obj
                0x0800157a                AK09916_ReadMag
 *fill*         0x080015bc        0x4 
 .text.AK09916_RealData
                0x080015c0       0x60 CMakeFiles/RoboticStm32.elf.dir/Bsp/imu/icm20948.c.obj
                0x080015c0                AK09916_RealData
 .text.Motor_Init
                0x08001620       0x50 CMakeFiles/RoboticStm32.elf.dir/Bsp/motor/motor.c.obj
                0x08001620                Motor_Init
 .text.OLED_Pow
                0x08001670       0x16 CMakeFiles/RoboticStm32.elf.dir/Bsp/oled/oled.c.obj
 *fill*         0x08001686        0x2 
 .text.OLED_Write_cmd
                0x08001688       0x2c CMakeFiles/RoboticStm32.elf.dir/Bsp/oled/oled.c.obj
                0x08001688                OLED_Write_cmd
 .text.OLED_Write_data
                0x080016b4       0x2c CMakeFiles/RoboticStm32.elf.dir/Bsp/oled/oled.c.obj
                0x080016b4                OLED_Write_data
 .text.OLED_Set_Position
                0x080016e0       0x22 CMakeFiles/RoboticStm32.elf.dir/Bsp/oled/oled.c.obj
                0x080016e0                OLED_Set_Position
 *fill*         0x08001702        0x2 
 .text.OLED_ShowChar
                0x08001704       0x90 CMakeFiles/RoboticStm32.elf.dir/Bsp/oled/oled.c.obj
                0x08001704                OLED_ShowChar
 .text.OLED_ShowNum
                0x08001794       0x90 CMakeFiles/RoboticStm32.elf.dir/Bsp/oled/oled.c.obj
                0x08001794                OLED_ShowNum
 .text.OLED_ShowStr
                0x08001824       0x36 CMakeFiles/RoboticStm32.elf.dir/Bsp/oled/oled.c.obj
                0x08001824                OLED_ShowStr
 .text.OLED_Clear
                0x0800185a       0x3a CMakeFiles/RoboticStm32.elf.dir/Bsp/oled/oled.c.obj
                0x0800185a                OLED_Clear
 .text.OLED_Init
                0x08001894       0x28 CMakeFiles/RoboticStm32.elf.dir/Bsp/oled/oled.c.obj
                0x08001894                OLED_Init
 .text.UART_SendImuData
                0x080018bc       0x68 CMakeFiles/RoboticStm32.elf.dir/Bsp/uart/uart.c.obj
                0x080018bc                UART_SendImuData
 .text.UART_SendImuReal
                0x08001924       0xa8 CMakeFiles/RoboticStm32.elf.dir/Bsp/uart/uart.c.obj
                0x08001924                UART_SendImuReal
 .text.MX_ADC1_Init
                0x080019cc       0x5c CMakeFiles/RoboticStm32.elf.dir/Core/Src/adc.c.obj
                0x080019cc                MX_ADC1_Init
 .text.HAL_ADC_MspInit
                0x08001a28       0x60 CMakeFiles/RoboticStm32.elf.dir/Core/Src/adc.c.obj
                0x08001a28                HAL_ADC_MspInit
 .text.MX_CAN_Init
                0x08001a88       0x78 CMakeFiles/RoboticStm32.elf.dir/Core/Src/can.c.obj
                0x08001a88                MX_CAN_Init
 .text.HAL_CAN_MspInit
                0x08001b00       0x88 CMakeFiles/RoboticStm32.elf.dir/Core/Src/can.c.obj
                0x08001b00                HAL_CAN_MspInit
 .text.StartDefaultTask
                0x08001b88        0x8 CMakeFiles/RoboticStm32.elf.dir/Core/Src/freertos.c.obj
                0x08001b88                StartDefaultTask
 .text.IMU_Task
                0x08001b90       0x74 CMakeFiles/RoboticStm32.elf.dir/Core/Src/freertos.c.obj
                0x08001b90                IMU_Task
 .text.CAN_FdTask
                0x08001c04      0x104 CMakeFiles/RoboticStm32.elf.dir/Core/Src/freertos.c.obj
                0x08001c04                CAN_FdTask
 .text.RTOS_Init
                0x08001d08       0x14 CMakeFiles/RoboticStm32.elf.dir/Core/Src/freertos.c.obj
                0x08001d08                RTOS_Init
 .text.MX_FREERTOS_Init
                0x08001d1c       0x60 CMakeFiles/RoboticStm32.elf.dir/Core/Src/freertos.c.obj
                0x08001d1c                MX_FREERTOS_Init
 .text.MX_GPIO_Init
                0x08001d7c       0xf0 CMakeFiles/RoboticStm32.elf.dir/Core/Src/gpio.c.obj
                0x08001d7c                MX_GPIO_Init
 .text.MX_I2C2_Init
                0x08001e6c       0x3c CMakeFiles/RoboticStm32.elf.dir/Core/Src/i2c.c.obj
                0x08001e6c                MX_I2C2_Init
 .text.HAL_I2C_MspInit
                0x08001ea8       0x64 CMakeFiles/RoboticStm32.elf.dir/Core/Src/i2c.c.obj
                0x08001ea8                HAL_I2C_MspInit
 .text.HAL_TIM_PeriodElapsedCallback
                0x08001f0c       0x18 CMakeFiles/RoboticStm32.elf.dir/Core/Src/main.c.obj
                0x08001f0c                HAL_TIM_PeriodElapsedCallback
 .text.Error_Handler
                0x08001f24        0x4 CMakeFiles/RoboticStm32.elf.dir/Core/Src/main.c.obj
                0x08001f24                Error_Handler
 .text.SystemClock_Config
                0x08001f28       0x86 CMakeFiles/RoboticStm32.elf.dir/Core/Src/main.c.obj
                0x08001f28                SystemClock_Config
 .text.main     0x08001fae       0x4c CMakeFiles/RoboticStm32.elf.dir/Core/Src/main.c.obj
                0x08001fae                main
 *fill*         0x08001ffa        0x2 
 .text.MX_SPI2_Init
                0x08001ffc       0x40 CMakeFiles/RoboticStm32.elf.dir/Core/Src/spi.c.obj
                0x08001ffc                MX_SPI2_Init
 .text.HAL_SPI_MspInit
                0x0800203c       0x78 CMakeFiles/RoboticStm32.elf.dir/Core/Src/spi.c.obj
                0x0800203c                HAL_SPI_MspInit
 .text.HAL_MspInit
                0x080020b4       0x54 CMakeFiles/RoboticStm32.elf.dir/Core/Src/stm32f1xx_hal_msp.c.obj
                0x080020b4                HAL_MspInit
 .text.HAL_InitTick
                0x08002108       0xa0 CMakeFiles/RoboticStm32.elf.dir/Core/Src/stm32f1xx_hal_timebase_tim.c.obj
                0x08002108                HAL_InitTick
 .text.NMI_Handler
                0x080021a8        0x2 CMakeFiles/RoboticStm32.elf.dir/Core/Src/stm32f1xx_it.c.obj
                0x080021a8                NMI_Handler
 .text.HardFault_Handler
                0x080021aa        0x2 CMakeFiles/RoboticStm32.elf.dir/Core/Src/stm32f1xx_it.c.obj
                0x080021aa                HardFault_Handler
 .text.MemManage_Handler
                0x080021ac        0x2 CMakeFiles/RoboticStm32.elf.dir/Core/Src/stm32f1xx_it.c.obj
                0x080021ac                MemManage_Handler
 .text.BusFault_Handler
                0x080021ae        0x2 CMakeFiles/RoboticStm32.elf.dir/Core/Src/stm32f1xx_it.c.obj
                0x080021ae                BusFault_Handler
 .text.UsageFault_Handler
                0x080021b0        0x2 CMakeFiles/RoboticStm32.elf.dir/Core/Src/stm32f1xx_it.c.obj
                0x080021b0                UsageFault_Handler
 .text.DebugMon_Handler
                0x080021b2        0x2 CMakeFiles/RoboticStm32.elf.dir/Core/Src/stm32f1xx_it.c.obj
                0x080021b2                DebugMon_Handler
 .text.TIM6_IRQHandler
                0x080021b4       0x10 CMakeFiles/RoboticStm32.elf.dir/Core/Src/stm32f1xx_it.c.obj
                0x080021b4                TIM6_IRQHandler
 .text.TIM7_IRQHandler
                0x080021c4       0x10 CMakeFiles/RoboticStm32.elf.dir/Core/Src/stm32f1xx_it.c.obj
                0x080021c4                TIM7_IRQHandler
 .text._getpid  0x080021d4        0x4 CMakeFiles/RoboticStm32.elf.dir/Core/Src/syscalls.c.obj
                0x080021d4                _getpid
 .text._kill    0x080021d8       0x10 CMakeFiles/RoboticStm32.elf.dir/Core/Src/syscalls.c.obj
                0x080021d8                _kill
 .text._exit    0x080021e8        0xc CMakeFiles/RoboticStm32.elf.dir/Core/Src/syscalls.c.obj
                0x080021e8                _exit
 .text._read    0x080021f4       0x20 CMakeFiles/RoboticStm32.elf.dir/Core/Src/syscalls.c.obj
                0x080021f4                _read
 .text._write   0x08002214       0x1c CMakeFiles/RoboticStm32.elf.dir/Core/Src/syscalls.c.obj
                0x08002214                _write
 .text._close   0x08002230        0x6 CMakeFiles/RoboticStm32.elf.dir/Core/Src/syscalls.c.obj
                0x08002230                _close
 .text._fstat   0x08002236        0xa CMakeFiles/RoboticStm32.elf.dir/Core/Src/syscalls.c.obj
                0x08002236                _fstat
 .text._isatty  0x08002240        0x4 CMakeFiles/RoboticStm32.elf.dir/Core/Src/syscalls.c.obj
                0x08002240                _isatty
 .text._lseek   0x08002244        0x4 CMakeFiles/RoboticStm32.elf.dir/Core/Src/syscalls.c.obj
                0x08002244                _lseek
 .text._sbrk    0x08002248       0x48 CMakeFiles/RoboticStm32.elf.dir/Core/Src/sysmem.c.obj
                0x08002248                _sbrk
 .text.SystemInit
                0x08002290        0x2 CMakeFiles/RoboticStm32.elf.dir/Core/Src/system_stm32f1xx.c.obj
                0x08002290                SystemInit
 *fill*         0x08002292        0x2 
 .text.MX_TIM2_Init
                0x08002294       0x6c CMakeFiles/RoboticStm32.elf.dir/Core/Src/tim.c.obj
                0x08002294                MX_TIM2_Init
 .text.MX_TIM3_Init
                0x08002300       0x6c CMakeFiles/RoboticStm32.elf.dir/Core/Src/tim.c.obj
                0x08002300                MX_TIM3_Init
 .text.MX_TIM4_Init
                0x0800236c       0x70 CMakeFiles/RoboticStm32.elf.dir/Core/Src/tim.c.obj
                0x0800236c                MX_TIM4_Init
 .text.MX_TIM5_Init
                0x080023dc       0x70 CMakeFiles/RoboticStm32.elf.dir/Core/Src/tim.c.obj
                0x080023dc                MX_TIM5_Init
 .text.MX_TIM7_Init
                0x0800244c       0x54 CMakeFiles/RoboticStm32.elf.dir/Core/Src/tim.c.obj
                0x0800244c                MX_TIM7_Init
 .text.HAL_TIM_Base_MspInit
                0x080024a0       0x80 CMakeFiles/RoboticStm32.elf.dir/Core/Src/tim.c.obj
                0x080024a0                HAL_TIM_Base_MspInit
 .text.HAL_TIM_Encoder_MspInit
                0x08002520      0x154 CMakeFiles/RoboticStm32.elf.dir/Core/Src/tim.c.obj
                0x08002520                HAL_TIM_Encoder_MspInit
 .text.HAL_TIM_MspPostInit
                0x08002674       0xc4 CMakeFiles/RoboticStm32.elf.dir/Core/Src/tim.c.obj
                0x08002674                HAL_TIM_MspPostInit
 .text.MX_TIM1_Init
                0x08002738      0x120 CMakeFiles/RoboticStm32.elf.dir/Core/Src/tim.c.obj
                0x08002738                MX_TIM1_Init
 .text.MX_TIM8_Init
                0x08002858      0x120 CMakeFiles/RoboticStm32.elf.dir/Core/Src/tim.c.obj
                0x08002858                MX_TIM8_Init
 .text.MX_USART1_UART_Init
                0x08002978       0x34 CMakeFiles/RoboticStm32.elf.dir/Core/Src/usart.c.obj
                0x08002978                MX_USART1_UART_Init
 .text.HAL_UART_MspInit
                0x080029ac       0x78 CMakeFiles/RoboticStm32.elf.dir/Core/Src/usart.c.obj
                0x080029ac                HAL_UART_MspInit
 .text.Reset_Handler
                0x08002a24       0x48 CMakeFiles/RoboticStm32.elf.dir/Core/Startup/startup_stm32f103rctx.s.obj
                0x08002a24                Reset_Handler
 .text.Default_Handler
                0x08002a6c        0x2 CMakeFiles/RoboticStm32.elf.dir/Core/Startup/startup_stm32f103rctx.s.obj
                0x08002a6c                RTC_Alarm_IRQHandler
                0x08002a6c                EXTI2_IRQHandler
                0x08002a6c                TIM8_TRG_COM_IRQHandler
                0x08002a6c                TIM8_CC_IRQHandler
                0x08002a6c                TIM1_CC_IRQHandler
                0x08002a6c                PVD_IRQHandler
                0x08002a6c                SDIO_IRQHandler
                0x08002a6c                EXTI3_IRQHandler
                0x08002a6c                EXTI0_IRQHandler
                0x08002a6c                I2C2_EV_IRQHandler
                0x08002a6c                ADC1_2_IRQHandler
                0x08002a6c                SPI1_IRQHandler
                0x08002a6c                TAMPER_IRQHandler
                0x08002a6c                TIM8_UP_IRQHandler
                0x08002a6c                DMA2_Channel2_IRQHandler
                0x08002a6c                DMA1_Channel4_IRQHandler
                0x08002a6c                USART3_IRQHandler
                0x08002a6c                RTC_IRQHandler
                0x08002a6c                DMA1_Channel7_IRQHandler
                0x08002a6c                CAN1_RX1_IRQHandler
                0x08002a6c                UART5_IRQHandler
                0x08002a6c                ADC3_IRQHandler
                0x08002a6c                TIM4_IRQHandler
                0x08002a6c                DMA2_Channel1_IRQHandler
                0x08002a6c                I2C1_EV_IRQHandler
                0x08002a6c                DMA1_Channel6_IRQHandler
                0x08002a6c                UART4_IRQHandler
                0x08002a6c                TIM3_IRQHandler
                0x08002a6c                RCC_IRQHandler
                0x08002a6c                TIM1_TRG_COM_IRQHandler
                0x08002a6c                DMA1_Channel1_IRQHandler
                0x08002a6c                Default_Handler
                0x08002a6c                EXTI15_10_IRQHandler
                0x08002a6c                TIM5_IRQHandler
                0x08002a6c                EXTI9_5_IRQHandler
                0x08002a6c                SPI2_IRQHandler
                0x08002a6c                DMA1_Channel5_IRQHandler
                0x08002a6c                EXTI4_IRQHandler
                0x08002a6c                USB_LP_CAN1_RX0_IRQHandler
                0x08002a6c                USB_HP_CAN1_TX_IRQHandler
                0x08002a6c                DMA1_Channel3_IRQHandler
                0x08002a6c                FSMC_IRQHandler
                0x08002a6c                TIM1_UP_IRQHandler
                0x08002a6c                WWDG_IRQHandler
                0x08002a6c                TIM2_IRQHandler
                0x08002a6c                TIM1_BRK_IRQHandler
                0x08002a6c                EXTI1_IRQHandler
                0x08002a6c                DMA2_Channel4_5_IRQHandler
                0x08002a6c                USART2_IRQHandler
                0x08002a6c                I2C2_ER_IRQHandler
                0x08002a6c                DMA1_Channel2_IRQHandler
                0x08002a6c                TIM8_BRK_IRQHandler
                0x08002a6c                CAN1_SCE_IRQHandler
                0x08002a6c                FLASH_IRQHandler
                0x08002a6c                USART1_IRQHandler
                0x08002a6c                SPI3_IRQHandler
                0x08002a6c                I2C1_ER_IRQHandler
                0x08002a6c                USBWakeUp_IRQHandler
                0x08002a6c                DMA2_Channel3_IRQHandler
 *fill*         0x08002a6e        0x2 
 .text.HAL_Init
                0x08002a70       0x24 CMakeFiles/RoboticStm32.elf.dir/Drivers/STM32F1xx_HAL_Driver/Src/stm32f1xx_hal.c.obj
                0x08002a70                HAL_Init
 .text.HAL_IncTick
                0x08002a94       0x18 CMakeFiles/RoboticStm32.elf.dir/Drivers/STM32F1xx_HAL_Driver/Src/stm32f1xx_hal.c.obj
                0x08002a94                HAL_IncTick
 .text.HAL_GetTick
                0x08002aac        0xc CMakeFiles/RoboticStm32.elf.dir/Drivers/STM32F1xx_HAL_Driver/Src/stm32f1xx_hal.c.obj
                0x08002aac                HAL_GetTick
 .text.HAL_ADC_PollForConversion
                0x08002ab8      0x184 CMakeFiles/RoboticStm32.elf.dir/Drivers/STM32F1xx_HAL_Driver/Src/stm32f1xx_hal_adc.c.obj
                0x08002ab8                HAL_ADC_PollForConversion
 .text.HAL_ADC_GetValue
                0x08002c3c        0x6 CMakeFiles/RoboticStm32.elf.dir/Drivers/STM32F1xx_HAL_Driver/Src/stm32f1xx_hal_adc.c.obj
                0x08002c3c                HAL_ADC_GetValue
 *fill*         0x08002c42        0x2 
 .text.HAL_ADC_ConfigChannel
                0x08002c44      0x140 CMakeFiles/RoboticStm32.elf.dir/Drivers/STM32F1xx_HAL_Driver/Src/stm32f1xx_hal_adc.c.obj
                0x08002c44                HAL_ADC_ConfigChannel
 .text.ADC_Enable
                0x08002d84       0x88 CMakeFiles/RoboticStm32.elf.dir/Drivers/STM32F1xx_HAL_Driver/Src/stm32f1xx_hal_adc.c.obj
                0x08002d84                ADC_Enable
 .text.HAL_ADC_Start
                0x08002e0c       0xe8 CMakeFiles/RoboticStm32.elf.dir/Drivers/STM32F1xx_HAL_Driver/Src/stm32f1xx_hal_adc.c.obj
                0x08002e0c                HAL_ADC_Start
 .text.ADC_ConversionStop_Disable
                0x08002ef4       0x56 CMakeFiles/RoboticStm32.elf.dir/Drivers/STM32F1xx_HAL_Driver/Src/stm32f1xx_hal_adc.c.obj
                0x08002ef4                ADC_ConversionStop_Disable
 *fill*         0x08002f4a        0x2 
 .text.HAL_ADC_Init
                0x08002f4c      0x128 CMakeFiles/RoboticStm32.elf.dir/Drivers/STM32F1xx_HAL_Driver/Src/stm32f1xx_hal_adc.c.obj
                0x08002f4c                HAL_ADC_Init
 .text.HAL_ADCEx_Calibration_Start
                0x08003074      0x100 CMakeFiles/RoboticStm32.elf.dir/Drivers/STM32F1xx_HAL_Driver/Src/stm32f1xx_hal_adc_ex.c.obj
                0x08003074                HAL_ADCEx_Calibration_Start
 .text.HAL_CAN_Init
                0x08003174      0x14c CMakeFiles/RoboticStm32.elf.dir/Drivers/STM32F1xx_HAL_Driver/Src/stm32f1xx_hal_can.c.obj
                0x08003174                HAL_CAN_Init
 .text.HAL_CAN_ConfigFilter
                0x080032c0      0x10c CMakeFiles/RoboticStm32.elf.dir/Drivers/STM32F1xx_HAL_Driver/Src/stm32f1xx_hal_can.c.obj
                0x080032c0                HAL_CAN_ConfigFilter
 .text.HAL_CAN_Start
                0x080033cc       0x5c CMakeFiles/RoboticStm32.elf.dir/Drivers/STM32F1xx_HAL_Driver/Src/stm32f1xx_hal_can.c.obj
                0x080033cc                HAL_CAN_Start
 .text.HAL_CAN_AddTxMessage
                0x08003428       0xea CMakeFiles/RoboticStm32.elf.dir/Drivers/STM32F1xx_HAL_Driver/Src/stm32f1xx_hal_can.c.obj
                0x08003428                HAL_CAN_AddTxMessage
 .text.HAL_CAN_GetRxMessage
                0x08003512      0x16a CMakeFiles/RoboticStm32.elf.dir/Drivers/STM32F1xx_HAL_Driver/Src/stm32f1xx_hal_can.c.obj
                0x08003512                HAL_CAN_GetRxMessage
 .text.HAL_CAN_GetRxFifoFillLevel
                0x0800367c       0x26 CMakeFiles/RoboticStm32.elf.dir/Drivers/STM32F1xx_HAL_Driver/Src/stm32f1xx_hal_can.c.obj
                0x0800367c                HAL_CAN_GetRxFifoFillLevel
 *fill*         0x080036a2        0x2 
 .text.__NVIC_SetPriority
                0x080036a4       0x28 CMakeFiles/RoboticStm32.elf.dir/Drivers/STM32F1xx_HAL_Driver/Src/stm32f1xx_hal_cortex.c.obj
 .text.NVIC_EncodePriority
                0x080036cc       0x3e CMakeFiles/RoboticStm32.elf.dir/Drivers/STM32F1xx_HAL_Driver/Src/stm32f1xx_hal_cortex.c.obj
 *fill*         0x0800370a        0x2 
 .text.HAL_NVIC_SetPriorityGrouping
                0x0800370c       0x24 CMakeFiles/RoboticStm32.elf.dir/Drivers/STM32F1xx_HAL_Driver/Src/stm32f1xx_hal_cortex.c.obj
                0x0800370c                HAL_NVIC_SetPriorityGrouping
 .text.HAL_NVIC_SetPriority
                0x08003730       0x20 CMakeFiles/RoboticStm32.elf.dir/Drivers/STM32F1xx_HAL_Driver/Src/stm32f1xx_hal_cortex.c.obj
                0x08003730                HAL_NVIC_SetPriority
 .text.HAL_NVIC_EnableIRQ
                0x08003750       0x1c CMakeFiles/RoboticStm32.elf.dir/Drivers/STM32F1xx_HAL_Driver/Src/stm32f1xx_hal_cortex.c.obj
                0x08003750                HAL_NVIC_EnableIRQ
 .text.HAL_GPIO_Init
                0x0800376c      0x238 CMakeFiles/RoboticStm32.elf.dir/Drivers/STM32F1xx_HAL_Driver/Src/stm32f1xx_hal_gpio.c.obj
                0x0800376c                HAL_GPIO_Init
 .text.HAL_GPIO_ReadPin
                0x080039a4        0xe CMakeFiles/RoboticStm32.elf.dir/Drivers/STM32F1xx_HAL_Driver/Src/stm32f1xx_hal_gpio.c.obj
                0x080039a4                HAL_GPIO_ReadPin
 .text.HAL_GPIO_WritePin
                0x080039b2        0xc CMakeFiles/RoboticStm32.elf.dir/Drivers/STM32F1xx_HAL_Driver/Src/stm32f1xx_hal_gpio.c.obj
                0x080039b2                HAL_GPIO_WritePin
 .text.I2C_IsAcknowledgeFailed
                0x080039be       0x32 CMakeFiles/RoboticStm32.elf.dir/Drivers/STM32F1xx_HAL_Driver/Src/stm32f1xx_hal_i2c.c.obj
 .text.I2C_WaitOnFlagUntilTimeout
                0x080039f0       0xaa CMakeFiles/RoboticStm32.elf.dir/Drivers/STM32F1xx_HAL_Driver/Src/stm32f1xx_hal_i2c.c.obj
 .text.I2C_WaitOnMasterAddressFlagUntilTimeout
                0x08003a9a       0xd6 CMakeFiles/RoboticStm32.elf.dir/Drivers/STM32F1xx_HAL_Driver/Src/stm32f1xx_hal_i2c.c.obj
 .text.I2C_WaitOnTXEFlagUntilTimeout
                0x08003b70       0x5e CMakeFiles/RoboticStm32.elf.dir/Drivers/STM32F1xx_HAL_Driver/Src/stm32f1xx_hal_i2c.c.obj
 *fill*         0x08003bce        0x2 
 .text.I2C_RequestMemoryWrite
                0x08003bd0       0xd8 CMakeFiles/RoboticStm32.elf.dir/Drivers/STM32F1xx_HAL_Driver/Src/stm32f1xx_hal_i2c.c.obj
 .text.I2C_WaitOnBTFFlagUntilTimeout
                0x08003ca8       0x5e CMakeFiles/RoboticStm32.elf.dir/Drivers/STM32F1xx_HAL_Driver/Src/stm32f1xx_hal_i2c.c.obj
 *fill*         0x08003d06        0x2 
 .text.HAL_I2C_Init
                0x08003d08      0x1bc CMakeFiles/RoboticStm32.elf.dir/Drivers/STM32F1xx_HAL_Driver/Src/stm32f1xx_hal_i2c.c.obj
                0x08003d08                HAL_I2C_Init
 .text.HAL_I2C_Mem_Write
                0x08003ec4      0x164 CMakeFiles/RoboticStm32.elf.dir/Drivers/STM32F1xx_HAL_Driver/Src/stm32f1xx_hal_i2c.c.obj
                0x08003ec4                HAL_I2C_Mem_Write
 .text.RCC_Delay
                0x08004028       0x2c CMakeFiles/RoboticStm32.elf.dir/Drivers/STM32F1xx_HAL_Driver/Src/stm32f1xx_hal_rcc.c.obj
 .text.HAL_RCC_OscConfig
                0x08004054      0x410 CMakeFiles/RoboticStm32.elf.dir/Drivers/STM32F1xx_HAL_Driver/Src/stm32f1xx_hal_rcc.c.obj
                0x08004054                HAL_RCC_OscConfig
 .text.HAL_RCC_GetSysClockFreq
                0x08004464       0x54 CMakeFiles/RoboticStm32.elf.dir/Drivers/STM32F1xx_HAL_Driver/Src/stm32f1xx_hal_rcc.c.obj
                0x08004464                HAL_RCC_GetSysClockFreq
 .text.HAL_RCC_ClockConfig
                0x080044b8      0x16c CMakeFiles/RoboticStm32.elf.dir/Drivers/STM32F1xx_HAL_Driver/Src/stm32f1xx_hal_rcc.c.obj
                0x080044b8                HAL_RCC_ClockConfig
 .text.HAL_RCC_GetHCLKFreq
                0x08004624        0xc CMakeFiles/RoboticStm32.elf.dir/Drivers/STM32F1xx_HAL_Driver/Src/stm32f1xx_hal_rcc.c.obj
                0x08004624                HAL_RCC_GetHCLKFreq
 .text.HAL_RCC_GetPCLK1Freq
                0x08004630       0x20 CMakeFiles/RoboticStm32.elf.dir/Drivers/STM32F1xx_HAL_Driver/Src/stm32f1xx_hal_rcc.c.obj
                0x08004630                HAL_RCC_GetPCLK1Freq
 .text.HAL_RCC_GetPCLK2Freq
                0x08004650       0x20 CMakeFiles/RoboticStm32.elf.dir/Drivers/STM32F1xx_HAL_Driver/Src/stm32f1xx_hal_rcc.c.obj
                0x08004650                HAL_RCC_GetPCLK2Freq
 .text.HAL_RCC_GetClockConfig
                0x08004670       0x3c CMakeFiles/RoboticStm32.elf.dir/Drivers/STM32F1xx_HAL_Driver/Src/stm32f1xx_hal_rcc.c.obj
                0x08004670                HAL_RCC_GetClockConfig
 .text.HAL_RCCEx_PeriphCLKConfig
                0x080046ac      0x118 CMakeFiles/RoboticStm32.elf.dir/Drivers/STM32F1xx_HAL_Driver/Src/stm32f1xx_hal_rcc_ex.c.obj
                0x080046ac                HAL_RCCEx_PeriphCLKConfig
 .text.HAL_RCCEx_GetPeriphCLKFreq
                0x080047c4       0xf4 CMakeFiles/RoboticStm32.elf.dir/Drivers/STM32F1xx_HAL_Driver/Src/stm32f1xx_hal_rcc_ex.c.obj
                0x080047c4                HAL_RCCEx_GetPeriphCLKFreq
 .text.SPI_WaitFlagStateUntilTimeout
                0x080048b8       0xc8 CMakeFiles/RoboticStm32.elf.dir/Drivers/STM32F1xx_HAL_Driver/Src/stm32f1xx_hal_spi.c.obj
 .text.SPI_EndRxTxTransaction
                0x08004980       0x24 CMakeFiles/RoboticStm32.elf.dir/Drivers/STM32F1xx_HAL_Driver/Src/stm32f1xx_hal_spi.c.obj
 .text.SPI_EndRxTransaction
                0x080049a4       0x74 CMakeFiles/RoboticStm32.elf.dir/Drivers/STM32F1xx_HAL_Driver/Src/stm32f1xx_hal_spi.c.obj
 .text.HAL_SPI_Init
                0x08004a18       0xb6 CMakeFiles/RoboticStm32.elf.dir/Drivers/STM32F1xx_HAL_Driver/Src/stm32f1xx_hal_spi.c.obj
                0x08004a18                HAL_SPI_Init
 .text.HAL_SPI_Transmit
                0x08004ace      0x1b8 CMakeFiles/RoboticStm32.elf.dir/Drivers/STM32F1xx_HAL_Driver/Src/stm32f1xx_hal_spi.c.obj
                0x08004ace                HAL_SPI_Transmit
 .text.HAL_SPI_TransmitReceive
                0x08004c86      0x244 CMakeFiles/RoboticStm32.elf.dir/Drivers/STM32F1xx_HAL_Driver/Src/stm32f1xx_hal_spi.c.obj
                0x08004c86                HAL_SPI_TransmitReceive
 .text.HAL_SPI_Receive
                0x08004eca      0x17e CMakeFiles/RoboticStm32.elf.dir/Drivers/STM32F1xx_HAL_Driver/Src/stm32f1xx_hal_spi.c.obj
                0x08004eca                HAL_SPI_Receive
 .text.TIM_OC1_SetConfig
                0x08005048       0x70 CMakeFiles/RoboticStm32.elf.dir/Drivers/STM32F1xx_HAL_Driver/Src/stm32f1xx_hal_tim.c.obj
 .text.TIM_OC3_SetConfig
                0x080050b8       0x70 CMakeFiles/RoboticStm32.elf.dir/Drivers/STM32F1xx_HAL_Driver/Src/stm32f1xx_hal_tim.c.obj
 .text.TIM_OC4_SetConfig
                0x08005128       0x50 CMakeFiles/RoboticStm32.elf.dir/Drivers/STM32F1xx_HAL_Driver/Src/stm32f1xx_hal_tim.c.obj
 .text.TIM_TI1_ConfigInputStage
                0x08005178       0x24 CMakeFiles/RoboticStm32.elf.dir/Drivers/STM32F1xx_HAL_Driver/Src/stm32f1xx_hal_tim.c.obj
 .text.TIM_TI2_ConfigInputStage
                0x0800519c       0x26 CMakeFiles/RoboticStm32.elf.dir/Drivers/STM32F1xx_HAL_Driver/Src/stm32f1xx_hal_tim.c.obj
 .text.TIM_ITRx_SetConfig
                0x080051c2       0x10 CMakeFiles/RoboticStm32.elf.dir/Drivers/STM32F1xx_HAL_Driver/Src/stm32f1xx_hal_tim.c.obj
 *fill*         0x080051d2        0x2 
 .text.HAL_TIM_Base_Start_IT
                0x080051d4       0x78 CMakeFiles/RoboticStm32.elf.dir/Drivers/STM32F1xx_HAL_Driver/Src/stm32f1xx_hal_tim.c.obj
                0x080051d4                HAL_TIM_Base_Start_IT
 .text.HAL_TIM_PWM_MspInit
                0x0800524c        0x2 CMakeFiles/RoboticStm32.elf.dir/Drivers/STM32F1xx_HAL_Driver/Src/stm32f1xx_hal_tim.c.obj
                0x0800524c                HAL_TIM_PWM_MspInit
 .text.HAL_TIM_OC_DelayElapsedCallback
                0x0800524e        0x2 CMakeFiles/RoboticStm32.elf.dir/Drivers/STM32F1xx_HAL_Driver/Src/stm32f1xx_hal_tim.c.obj
                0x0800524e                HAL_TIM_OC_DelayElapsedCallback
 .text.HAL_TIM_IC_CaptureCallback
                0x08005250        0x2 CMakeFiles/RoboticStm32.elf.dir/Drivers/STM32F1xx_HAL_Driver/Src/stm32f1xx_hal_tim.c.obj
                0x08005250                HAL_TIM_IC_CaptureCallback
 .text.HAL_TIM_PWM_PulseFinishedCallback
                0x08005252        0x2 CMakeFiles/RoboticStm32.elf.dir/Drivers/STM32F1xx_HAL_Driver/Src/stm32f1xx_hal_tim.c.obj
                0x08005252                HAL_TIM_PWM_PulseFinishedCallback
 .text.HAL_TIM_TriggerCallback
                0x08005254        0x2 CMakeFiles/RoboticStm32.elf.dir/Drivers/STM32F1xx_HAL_Driver/Src/stm32f1xx_hal_tim.c.obj
                0x08005254                HAL_TIM_TriggerCallback
 .text.HAL_TIM_IRQHandler
                0x08005256      0x17a CMakeFiles/RoboticStm32.elf.dir/Drivers/STM32F1xx_HAL_Driver/Src/stm32f1xx_hal_tim.c.obj
                0x08005256                HAL_TIM_IRQHandler
 .text.TIM_Base_SetConfig
                0x080053d0       0x98 CMakeFiles/RoboticStm32.elf.dir/Drivers/STM32F1xx_HAL_Driver/Src/stm32f1xx_hal_tim.c.obj
                0x080053d0                TIM_Base_SetConfig
 .text.HAL_TIM_Base_Init
                0x08005468       0x58 CMakeFiles/RoboticStm32.elf.dir/Drivers/STM32F1xx_HAL_Driver/Src/stm32f1xx_hal_tim.c.obj
                0x08005468                HAL_TIM_Base_Init
 .text.HAL_TIM_PWM_Init
                0x080054c0       0x58 CMakeFiles/RoboticStm32.elf.dir/Drivers/STM32F1xx_HAL_Driver/Src/stm32f1xx_hal_tim.c.obj
                0x080054c0                HAL_TIM_PWM_Init
 .text.HAL_TIM_Encoder_Init
                0x08005518       0xb6 CMakeFiles/RoboticStm32.elf.dir/Drivers/STM32F1xx_HAL_Driver/Src/stm32f1xx_hal_tim.c.obj
                0x08005518                HAL_TIM_Encoder_Init
 *fill*         0x080055ce        0x2 
 .text.TIM_OC2_SetConfig
                0x080055d0       0x70 CMakeFiles/RoboticStm32.elf.dir/Drivers/STM32F1xx_HAL_Driver/Src/stm32f1xx_hal_tim.c.obj
                0x080055d0                TIM_OC2_SetConfig
 .text.HAL_TIM_PWM_ConfigChannel
                0x08005640       0xdc CMakeFiles/RoboticStm32.elf.dir/Drivers/STM32F1xx_HAL_Driver/Src/stm32f1xx_hal_tim.c.obj
                0x08005640                HAL_TIM_PWM_ConfigChannel
 .text.TIM_ETR_SetConfig
                0x0800571c       0x18 CMakeFiles/RoboticStm32.elf.dir/Drivers/STM32F1xx_HAL_Driver/Src/stm32f1xx_hal_tim.c.obj
                0x0800571c                TIM_ETR_SetConfig
 .text.HAL_TIM_ConfigClockSource
                0x08005734       0xfe CMakeFiles/RoboticStm32.elf.dir/Drivers/STM32F1xx_HAL_Driver/Src/stm32f1xx_hal_tim.c.obj
                0x08005734                HAL_TIM_ConfigClockSource
 .text.TIM_CCxChannelCmd
                0x08005832       0x1e CMakeFiles/RoboticStm32.elf.dir/Drivers/STM32F1xx_HAL_Driver/Src/stm32f1xx_hal_tim.c.obj
                0x08005832                TIM_CCxChannelCmd
 .text.HAL_TIM_PWM_Start
                0x08005850       0xf4 CMakeFiles/RoboticStm32.elf.dir/Drivers/STM32F1xx_HAL_Driver/Src/stm32f1xx_hal_tim.c.obj
                0x08005850                HAL_TIM_PWM_Start
 .text.HAL_TIM_Encoder_Start
                0x08005944       0xcc CMakeFiles/RoboticStm32.elf.dir/Drivers/STM32F1xx_HAL_Driver/Src/stm32f1xx_hal_tim.c.obj
                0x08005944                HAL_TIM_Encoder_Start
 .text.TIM_CCxNChannelCmd
                0x08005a10       0x1e CMakeFiles/RoboticStm32.elf.dir/Drivers/STM32F1xx_HAL_Driver/Src/stm32f1xx_hal_tim_ex.c.obj
 *fill*         0x08005a2e        0x2 
 .text.HAL_TIMEx_PWMN_Start
                0x08005a30       0xe8 CMakeFiles/RoboticStm32.elf.dir/Drivers/STM32F1xx_HAL_Driver/Src/stm32f1xx_hal_tim_ex.c.obj
                0x08005a30                HAL_TIMEx_PWMN_Start
 .text.HAL_TIMEx_MasterConfigSynchronization
                0x08005b18       0x7c CMakeFiles/RoboticStm32.elf.dir/Drivers/STM32F1xx_HAL_Driver/Src/stm32f1xx_hal_tim_ex.c.obj
                0x08005b18                HAL_TIMEx_MasterConfigSynchronization
 .text.HAL_TIMEx_ConfigBreakDeadTime
                0x08005b94       0x52 CMakeFiles/RoboticStm32.elf.dir/Drivers/STM32F1xx_HAL_Driver/Src/stm32f1xx_hal_tim_ex.c.obj
                0x08005b94                HAL_TIMEx_ConfigBreakDeadTime
 .text.HAL_TIMEx_CommutCallback
                0x08005be6        0x2 CMakeFiles/RoboticStm32.elf.dir/Drivers/STM32F1xx_HAL_Driver/Src/stm32f1xx_hal_tim_ex.c.obj
                0x08005be6                HAL_TIMEx_CommutCallback
 .text.HAL_TIMEx_BreakCallback
                0x08005be8        0x2 CMakeFiles/RoboticStm32.elf.dir/Drivers/STM32F1xx_HAL_Driver/Src/stm32f1xx_hal_tim_ex.c.obj
                0x08005be8                HAL_TIMEx_BreakCallback
 *fill*         0x08005bea        0x2 
 .text.UART_SetConfig
                0x08005bec       0x94 CMakeFiles/RoboticStm32.elf.dir/Drivers/STM32F1xx_HAL_Driver/Src/stm32f1xx_hal_uart.c.obj
 .text.UART_WaitOnFlagUntilTimeout
                0x08005c80       0x84 CMakeFiles/RoboticStm32.elf.dir/Drivers/STM32F1xx_HAL_Driver/Src/stm32f1xx_hal_uart.c.obj
 .text.HAL_UART_Init
                0x08005d04       0x60 CMakeFiles/RoboticStm32.elf.dir/Drivers/STM32F1xx_HAL_Driver/Src/stm32f1xx_hal_uart.c.obj
                0x08005d04                HAL_UART_Init
 .text.HAL_UART_Transmit
                0x08005d64       0xbe CMakeFiles/RoboticStm32.elf.dir/Drivers/STM32F1xx_HAL_Driver/Src/stm32f1xx_hal_uart.c.obj
                0x08005d64                HAL_UART_Transmit
 *fill*         0x08005e22        0x2 
 .text.osKernelInitialize
                0x08005e24       0x44 CMakeFiles/RoboticStm32.elf.dir/Middlewares/Third_Party/FreeRTOS/Source/CMSIS_RTOS_V2/cmsis_os2.c.obj
                0x08005e24                osKernelInitialize
 .text.osKernelStart
                0x08005e68       0x4c CMakeFiles/RoboticStm32.elf.dir/Middlewares/Third_Party/FreeRTOS/Source/CMSIS_RTOS_V2/cmsis_os2.c.obj
                0x08005e68                osKernelStart
 .text.osThreadNew
                0x08005eb4       0xf0 CMakeFiles/RoboticStm32.elf.dir/Middlewares/Third_Party/FreeRTOS/Source/CMSIS_RTOS_V2/cmsis_os2.c.obj
                0x08005eb4                osThreadNew
 .text.vApplicationGetIdleTaskMemory
                0x08005fa4       0x18 CMakeFiles/RoboticStm32.elf.dir/Middlewares/Third_Party/FreeRTOS/Source/CMSIS_RTOS_V2/cmsis_os2.c.obj
                0x08005fa4                vApplicationGetIdleTaskMemory
 .text.vApplicationGetTimerTaskMemory
                0x08005fbc       0x18 CMakeFiles/RoboticStm32.elf.dir/Middlewares/Third_Party/FreeRTOS/Source/CMSIS_RTOS_V2/cmsis_os2.c.obj
                0x08005fbc                vApplicationGetTimerTaskMemory
 .text.vListInitialise
                0x08005fd4       0x16 CMakeFiles/RoboticStm32.elf.dir/Middlewares/Third_Party/FreeRTOS/Source/list.c.obj
                0x08005fd4                vListInitialise
 .text.vListInitialiseItem
                0x08005fea        0x6 CMakeFiles/RoboticStm32.elf.dir/Middlewares/Third_Party/FreeRTOS/Source/list.c.obj
                0x08005fea                vListInitialiseItem
 .text.vListInsertEnd
                0x08005ff0       0x16 CMakeFiles/RoboticStm32.elf.dir/Middlewares/Third_Party/FreeRTOS/Source/list.c.obj
                0x08005ff0                vListInsertEnd
 .text.vListInsert
                0x08006006       0x32 CMakeFiles/RoboticStm32.elf.dir/Middlewares/Third_Party/FreeRTOS/Source/list.c.obj
                0x08006006                vListInsert
 .text.uxListRemove
                0x08006038       0x26 CMakeFiles/RoboticStm32.elf.dir/Middlewares/Third_Party/FreeRTOS/Source/list.c.obj
                0x08006038                uxListRemove
 *fill*         0x0800605e        0x2 
 .text.prvTaskExitError
                0x08006060       0x40 CMakeFiles/RoboticStm32.elf.dir/Middlewares/Third_Party/FreeRTOS/Source/portable/GCC/ARM_CM3/port.c.obj
 .text.prvPortStartFirstTask
                0x080060a0       0x20 CMakeFiles/RoboticStm32.elf.dir/Middlewares/Third_Party/FreeRTOS/Source/portable/GCC/ARM_CM3/port.c.obj
 .text.pxPortInitialiseStack
                0x080060c0       0x24 CMakeFiles/RoboticStm32.elf.dir/Middlewares/Third_Party/FreeRTOS/Source/portable/GCC/ARM_CM3/port.c.obj
                0x080060c0                pxPortInitialiseStack
 *fill*         0x080060e4        0xc 
 .text.SVC_Handler
                0x080060f0       0x24 CMakeFiles/RoboticStm32.elf.dir/Middlewares/Third_Party/FreeRTOS/Source/portable/GCC/ARM_CM3/port.c.obj
                0x080060f0                SVC_Handler
 .text.vPortEnterCritical
                0x08006114       0x44 CMakeFiles/RoboticStm32.elf.dir/Middlewares/Third_Party/FreeRTOS/Source/portable/GCC/ARM_CM3/port.c.obj
                0x08006114                vPortEnterCritical
 .text.vPortExitCritical
                0x08006158       0x2c CMakeFiles/RoboticStm32.elf.dir/Middlewares/Third_Party/FreeRTOS/Source/portable/GCC/ARM_CM3/port.c.obj
                0x08006158                vPortExitCritical
 *fill*         0x08006184        0xc 
 .text.PendSV_Handler
                0x08006190       0x44 CMakeFiles/RoboticStm32.elf.dir/Middlewares/Third_Party/FreeRTOS/Source/portable/GCC/ARM_CM3/port.c.obj
                0x08006190                PendSV_Handler
 .text.SysTick_Handler
                0x080061d4       0x2c CMakeFiles/RoboticStm32.elf.dir/Middlewares/Third_Party/FreeRTOS/Source/portable/GCC/ARM_CM3/port.c.obj
                0x080061d4                SysTick_Handler
 .text.vPortSetupTimerInterrupt
                0x08006200       0x28 CMakeFiles/RoboticStm32.elf.dir/Middlewares/Third_Party/FreeRTOS/Source/portable/GCC/ARM_CM3/port.c.obj
                0x08006200                vPortSetupTimerInterrupt
 .text.xPortStartScheduler
                0x08006228       0xc0 CMakeFiles/RoboticStm32.elf.dir/Middlewares/Third_Party/FreeRTOS/Source/portable/GCC/ARM_CM3/port.c.obj
                0x08006228                xPortStartScheduler
 .text.vPortValidateInterruptPriority
                0x080062e8       0x5c CMakeFiles/RoboticStm32.elf.dir/Middlewares/Third_Party/FreeRTOS/Source/portable/GCC/ARM_CM3/port.c.obj
                0x080062e8                vPortValidateInterruptPriority
 .text.prvHeapInit
                0x08006344       0x68 CMakeFiles/RoboticStm32.elf.dir/Middlewares/Third_Party/FreeRTOS/Source/portable/MemMang/heap_4.c.obj
 .text.prvInsertBlockIntoFreeList
                0x080063ac       0x60 CMakeFiles/RoboticStm32.elf.dir/Middlewares/Third_Party/FreeRTOS/Source/portable/MemMang/heap_4.c.obj
 .text.pvPortMalloc
                0x0800640c       0xf8 CMakeFiles/RoboticStm32.elf.dir/Middlewares/Third_Party/FreeRTOS/Source/portable/MemMang/heap_4.c.obj
                0x0800640c                pvPortMalloc
 .text.vPortFree
                0x08006504       0x70 CMakeFiles/RoboticStm32.elf.dir/Middlewares/Third_Party/FreeRTOS/Source/portable/MemMang/heap_4.c.obj
                0x08006504                vPortFree
 .text.prvIsQueueFull
                0x08006574       0x1e CMakeFiles/RoboticStm32.elf.dir/Middlewares/Third_Party/FreeRTOS/Source/queue.c.obj
 .text.prvIsQueueEmpty
                0x08006592       0x1a CMakeFiles/RoboticStm32.elf.dir/Middlewares/Third_Party/FreeRTOS/Source/queue.c.obj
 .text.prvCopyDataToQueue
                0x080065ac       0x76 CMakeFiles/RoboticStm32.elf.dir/Middlewares/Third_Party/FreeRTOS/Source/queue.c.obj
 .text.prvCopyDataFromQueue
                0x08006622       0x24 CMakeFiles/RoboticStm32.elf.dir/Middlewares/Third_Party/FreeRTOS/Source/queue.c.obj
 .text.prvUnlockQueue
                0x08006646       0x6e CMakeFiles/RoboticStm32.elf.dir/Middlewares/Third_Party/FreeRTOS/Source/queue.c.obj
 .text.xQueueGenericReset
                0x080066b4       0x84 CMakeFiles/RoboticStm32.elf.dir/Middlewares/Third_Party/FreeRTOS/Source/queue.c.obj
                0x080066b4                xQueueGenericReset
 .text.prvInitialiseNewQueue
                0x08006738       0x22 CMakeFiles/RoboticStm32.elf.dir/Middlewares/Third_Party/FreeRTOS/Source/queue.c.obj
 .text.xQueueGenericCreateStatic
                0x0800675a       0x92 CMakeFiles/RoboticStm32.elf.dir/Middlewares/Third_Party/FreeRTOS/Source/queue.c.obj
                0x0800675a                xQueueGenericCreateStatic
 .text.xQueueGenericSend
                0x080067ec      0x188 CMakeFiles/RoboticStm32.elf.dir/Middlewares/Third_Party/FreeRTOS/Source/queue.c.obj
                0x080067ec                xQueueGenericSend
 .text.xQueueGenericSendFromISR
                0x08006974       0xcc CMakeFiles/RoboticStm32.elf.dir/Middlewares/Third_Party/FreeRTOS/Source/queue.c.obj
                0x08006974                xQueueGenericSendFromISR
 .text.xQueueReceive
                0x08006a40      0x15e CMakeFiles/RoboticStm32.elf.dir/Middlewares/Third_Party/FreeRTOS/Source/queue.c.obj
                0x08006a40                xQueueReceive
 *fill*         0x08006b9e        0x2 
 .text.vQueueAddToRegistry
                0x08006ba0       0x28 CMakeFiles/RoboticStm32.elf.dir/Middlewares/Third_Party/FreeRTOS/Source/queue.c.obj
                0x08006ba0                vQueueAddToRegistry
 .text.vQueueWaitForMessageRestricted
                0x08006bc8       0x52 CMakeFiles/RoboticStm32.elf.dir/Middlewares/Third_Party/FreeRTOS/Source/queue.c.obj
                0x08006bc8                vQueueWaitForMessageRestricted
 *fill*         0x08006c1a        0x2 
 .text.prvResetNextTaskUnblockTime
                0x08006c1c       0x2c CMakeFiles/RoboticStm32.elf.dir/Middlewares/Third_Party/FreeRTOS/Source/tasks.c.obj
 .text.prvInitialiseNewTask
                0x08006c48       0xf8 CMakeFiles/RoboticStm32.elf.dir/Middlewares/Third_Party/FreeRTOS/Source/tasks.c.obj
 .text.prvInitialiseTaskLists
                0x08006d40       0x68 CMakeFiles/RoboticStm32.elf.dir/Middlewares/Third_Party/FreeRTOS/Source/tasks.c.obj
 .text.prvAddNewTaskToReadyList
                0x08006da8       0xac CMakeFiles/RoboticStm32.elf.dir/Middlewares/Third_Party/FreeRTOS/Source/tasks.c.obj
 .text.prvDeleteTCB
                0x08006e54       0x40 CMakeFiles/RoboticStm32.elf.dir/Middlewares/Third_Party/FreeRTOS/Source/tasks.c.obj
 .text.prvCheckTasksWaitingTermination
                0x08006e94       0x4c CMakeFiles/RoboticStm32.elf.dir/Middlewares/Third_Party/FreeRTOS/Source/tasks.c.obj
 .text.prvIdleTask
                0x08006ee0       0x28 CMakeFiles/RoboticStm32.elf.dir/Middlewares/Third_Party/FreeRTOS/Source/tasks.c.obj
 .text.prvAddCurrentTaskToDelayedList
                0x08006f08       0x7c CMakeFiles/RoboticStm32.elf.dir/Middlewares/Third_Party/FreeRTOS/Source/tasks.c.obj
 .text.xTaskCreateStatic
                0x08006f84       0x78 CMakeFiles/RoboticStm32.elf.dir/Middlewares/Third_Party/FreeRTOS/Source/tasks.c.obj
                0x08006f84                xTaskCreateStatic
 .text.xTaskCreate
                0x08006ffc       0x66 CMakeFiles/RoboticStm32.elf.dir/Middlewares/Third_Party/FreeRTOS/Source/tasks.c.obj
                0x08006ffc                xTaskCreate
 *fill*         0x08007062        0x2 
 .text.vTaskStartScheduler
                0x08007064       0xac CMakeFiles/RoboticStm32.elf.dir/Middlewares/Third_Party/FreeRTOS/Source/tasks.c.obj
                0x08007064                vTaskStartScheduler
 .text.vTaskSuspendAll
                0x08007110       0x10 CMakeFiles/RoboticStm32.elf.dir/Middlewares/Third_Party/FreeRTOS/Source/tasks.c.obj
                0x08007110                vTaskSuspendAll
 .text.xTaskGetTickCount
                0x08007120        0xc CMakeFiles/RoboticStm32.elf.dir/Middlewares/Third_Party/FreeRTOS/Source/tasks.c.obj
                0x08007120                xTaskGetTickCount
 .text.xTaskIncrementTick
                0x0800712c      0x118 CMakeFiles/RoboticStm32.elf.dir/Middlewares/Third_Party/FreeRTOS/Source/tasks.c.obj
                0x0800712c                xTaskIncrementTick
 .text.xTaskResumeAll
                0x08007244       0xf8 CMakeFiles/RoboticStm32.elf.dir/Middlewares/Third_Party/FreeRTOS/Source/tasks.c.obj
                0x08007244                xTaskResumeAll
 .text.vTaskDelay
                0x0800733c       0x4c CMakeFiles/RoboticStm32.elf.dir/Middlewares/Third_Party/FreeRTOS/Source/tasks.c.obj
                0x0800733c                vTaskDelay
 .text.vTaskSwitchContext
                0x08007388       0xa4 CMakeFiles/RoboticStm32.elf.dir/Middlewares/Third_Party/FreeRTOS/Source/tasks.c.obj
                0x08007388                vTaskSwitchContext
 .text.vTaskPlaceOnEventList
                0x0800742c       0x30 CMakeFiles/RoboticStm32.elf.dir/Middlewares/Third_Party/FreeRTOS/Source/tasks.c.obj
                0x0800742c                vTaskPlaceOnEventList
 .text.vTaskPlaceOnEventListRestricted
                0x0800745c       0x38 CMakeFiles/RoboticStm32.elf.dir/Middlewares/Third_Party/FreeRTOS/Source/tasks.c.obj
                0x0800745c                vTaskPlaceOnEventListRestricted
 .text.xTaskRemoveFromEventList
                0x08007494       0x8c CMakeFiles/RoboticStm32.elf.dir/Middlewares/Third_Party/FreeRTOS/Source/tasks.c.obj
                0x08007494                xTaskRemoveFromEventList
 .text.vTaskInternalSetTimeOutState
                0x08007520       0x18 CMakeFiles/RoboticStm32.elf.dir/Middlewares/Third_Party/FreeRTOS/Source/tasks.c.obj
                0x08007520                vTaskInternalSetTimeOutState
 .text.xTaskCheckForTimeOut
                0x08007538       0x84 CMakeFiles/RoboticStm32.elf.dir/Middlewares/Third_Party/FreeRTOS/Source/tasks.c.obj
                0x08007538                xTaskCheckForTimeOut
 .text.vTaskMissedYield
                0x080075bc        0xc CMakeFiles/RoboticStm32.elf.dir/Middlewares/Third_Party/FreeRTOS/Source/tasks.c.obj
                0x080075bc                vTaskMissedYield
 .text.xTaskGetSchedulerState
                0x080075c8       0x20 CMakeFiles/RoboticStm32.elf.dir/Middlewares/Third_Party/FreeRTOS/Source/tasks.c.obj
                0x080075c8                xTaskGetSchedulerState
 .text.xTaskPriorityDisinherit
                0x080075e8       0x90 CMakeFiles/RoboticStm32.elf.dir/Middlewares/Third_Party/FreeRTOS/Source/tasks.c.obj
                0x080075e8                xTaskPriorityDisinherit
 .text.prvGetNextExpireTime
                0x08007678       0x20 CMakeFiles/RoboticStm32.elf.dir/Middlewares/Third_Party/FreeRTOS/Source/timers.c.obj
 .text.prvInsertTimerInActiveList
                0x08007698       0x48 CMakeFiles/RoboticStm32.elf.dir/Middlewares/Third_Party/FreeRTOS/Source/timers.c.obj
 .text.prvCheckForValidListAndQueue
                0x080076e0       0x70 CMakeFiles/RoboticStm32.elf.dir/Middlewares/Third_Party/FreeRTOS/Source/timers.c.obj
 .text.xTimerCreateTimerTask
                0x08007750       0x64 CMakeFiles/RoboticStm32.elf.dir/Middlewares/Third_Party/FreeRTOS/Source/timers.c.obj
                0x08007750                xTimerCreateTimerTask
 .text.xTimerGenericCommand
                0x080077b4       0x6c CMakeFiles/RoboticStm32.elf.dir/Middlewares/Third_Party/FreeRTOS/Source/timers.c.obj
                0x080077b4                xTimerGenericCommand
 .text.prvSwitchTimerLists
                0x08007820       0x78 CMakeFiles/RoboticStm32.elf.dir/Middlewares/Third_Party/FreeRTOS/Source/timers.c.obj
 .text.prvSampleTimeNow
                0x08007898       0x2c CMakeFiles/RoboticStm32.elf.dir/Middlewares/Third_Party/FreeRTOS/Source/timers.c.obj
 .text.prvProcessExpiredTimer
                0x080078c4       0x60 CMakeFiles/RoboticStm32.elf.dir/Middlewares/Third_Party/FreeRTOS/Source/timers.c.obj
 .text.prvProcessTimerOrBlockTask
                0x08007924       0x70 CMakeFiles/RoboticStm32.elf.dir/Middlewares/Third_Party/FreeRTOS/Source/timers.c.obj
 .text.prvProcessReceivedCommands
                0x08007994       0xf8 CMakeFiles/RoboticStm32.elf.dir/Middlewares/Third_Party/FreeRTOS/Source/timers.c.obj
 .text.prvTimerTask
                0x08007a8c       0x16 CMakeFiles/RoboticStm32.elf.dir/Middlewares/Third_Party/FreeRTOS/Source/timers.c.obj
 *fill*         0x08007aa2        0x2 
 .text.std      0x08007aa4       0x6c C:/software/STM32CubeCLT_1.15.1/GNU-tools-for-STM32/bin/../lib/gcc/arm-none-eabi/12.3.1/../../../../arm-none-eabi/lib/thumb/v7-m/nofp\libg.a(libc_a-findfp.o)
 .text.stdio_exit_handler
                0x08007b10       0x18 C:/software/STM32CubeCLT_1.15.1/GNU-tools-for-STM32/bin/../lib/gcc/arm-none-eabi/12.3.1/../../../../arm-none-eabi/lib/thumb/v7-m/nofp\libg.a(libc_a-findfp.o)
 .text.cleanup_stdio
                0x08007b28       0x40 C:/software/STM32CubeCLT_1.15.1/GNU-tools-for-STM32/bin/../lib/gcc/arm-none-eabi/12.3.1/../../../../arm-none-eabi/lib/thumb/v7-m/nofp\libg.a(libc_a-findfp.o)
 .text.global_stdio_init.part.0
                0x08007b68       0x3c C:/software/STM32CubeCLT_1.15.1/GNU-tools-for-STM32/bin/../lib/gcc/arm-none-eabi/12.3.1/../../../../arm-none-eabi/lib/thumb/v7-m/nofp\libg.a(libc_a-findfp.o)
 .text.__sfp_lock_acquire
                0x08007ba4        0xc C:/software/STM32CubeCLT_1.15.1/GNU-tools-for-STM32/bin/../lib/gcc/arm-none-eabi/12.3.1/../../../../arm-none-eabi/lib/thumb/v7-m/nofp\libg.a(libc_a-findfp.o)
                0x08007ba4                __sfp_lock_acquire
 .text.__sfp_lock_release
                0x08007bb0        0xc C:/software/STM32CubeCLT_1.15.1/GNU-tools-for-STM32/bin/../lib/gcc/arm-none-eabi/12.3.1/../../../../arm-none-eabi/lib/thumb/v7-m/nofp\libg.a(libc_a-findfp.o)
                0x08007bb0                __sfp_lock_release
 .text.__sinit  0x08007bbc       0x30 C:/software/STM32CubeCLT_1.15.1/GNU-tools-for-STM32/bin/../lib/gcc/arm-none-eabi/12.3.1/../../../../arm-none-eabi/lib/thumb/v7-m/nofp\libg.a(libc_a-findfp.o)
                0x08007bbc                __sinit
 .text._fwalk_sglue
                0x08007bec       0x3c C:/software/STM32CubeCLT_1.15.1/GNU-tools-for-STM32/bin/../lib/gcc/arm-none-eabi/12.3.1/../../../../arm-none-eabi/lib/thumb/v7-m/nofp\libg.a(libc_a-fwalk.o)
                0x08007bec                _fwalk_sglue
 .text.snprintf
                0x08007c28       0x68 C:/software/STM32CubeCLT_1.15.1/GNU-tools-for-STM32/bin/../lib/gcc/arm-none-eabi/12.3.1/../../../../arm-none-eabi/lib/thumb/v7-m/nofp\libg.a(libc_a-snprintf.o)
                0x08007c28                snprintf
 .text.__sread  0x08007c90       0x22 C:/software/STM32CubeCLT_1.15.1/GNU-tools-for-STM32/bin/../lib/gcc/arm-none-eabi/12.3.1/../../../../arm-none-eabi/lib/thumb/v7-m/nofp\libg.a(libc_a-stdio.o)
                0x08007c90                __sread
 .text.__swrite
                0x08007cb2       0x38 C:/software/STM32CubeCLT_1.15.1/GNU-tools-for-STM32/bin/../lib/gcc/arm-none-eabi/12.3.1/../../../../arm-none-eabi/lib/thumb/v7-m/nofp\libg.a(libc_a-stdio.o)
                0x08007cb2                __swrite
 .text.__sseek  0x08007cea       0x24 C:/software/STM32CubeCLT_1.15.1/GNU-tools-for-STM32/bin/../lib/gcc/arm-none-eabi/12.3.1/../../../../arm-none-eabi/lib/thumb/v7-m/nofp\libg.a(libc_a-stdio.o)
                0x08007cea                __sseek
 .text.__sclose
                0x08007d0e        0x8 C:/software/STM32CubeCLT_1.15.1/GNU-tools-for-STM32/bin/../lib/gcc/arm-none-eabi/12.3.1/../../../../arm-none-eabi/lib/thumb/v7-m/nofp\libg.a(libc_a-stdio.o)
                0x08007d0e                __sclose
 .text.memset   0x08007d16       0x10 C:/software/STM32CubeCLT_1.15.1/GNU-tools-for-STM32/bin/../lib/gcc/arm-none-eabi/12.3.1/../../../../arm-none-eabi/lib/thumb/v7-m/nofp\libg.a(libc_a-memset.o)
                0x08007d16                memset
 *fill*         0x08007d26        0x2 
 .text._close_r
                0x08007d28       0x20 C:/software/STM32CubeCLT_1.15.1/GNU-tools-for-STM32/bin/../lib/gcc/arm-none-eabi/12.3.1/../../../../arm-none-eabi/lib/thumb/v7-m/nofp\libg.a(libc_a-closer.o)
                0x08007d28                _close_r
 .text._reclaim_reent
                0x08007d48       0x58 C:/software/STM32CubeCLT_1.15.1/GNU-tools-for-STM32/bin/../lib/gcc/arm-none-eabi/12.3.1/../../../../arm-none-eabi/lib/thumb/v7-m/nofp\libg.a(libc_a-reent.o)
                0x08007d48                _reclaim_reent
 .text._lseek_r
                0x08007da0       0x24 C:/software/STM32CubeCLT_1.15.1/GNU-tools-for-STM32/bin/../lib/gcc/arm-none-eabi/12.3.1/../../../../arm-none-eabi/lib/thumb/v7-m/nofp\libg.a(libc_a-lseekr.o)
                0x08007da0                _lseek_r
 .text._read_r  0x08007dc4       0x24 C:/software/STM32CubeCLT_1.15.1/GNU-tools-for-STM32/bin/../lib/gcc/arm-none-eabi/12.3.1/../../../../arm-none-eabi/lib/thumb/v7-m/nofp\libg.a(libc_a-readr.o)
                0x08007dc4                _read_r
 .text._write_r
                0x08007de8       0x24 C:/software/STM32CubeCLT_1.15.1/GNU-tools-for-STM32/bin/../lib/gcc/arm-none-eabi/12.3.1/../../../../arm-none-eabi/lib/thumb/v7-m/nofp\libg.a(libc_a-writer.o)
                0x08007de8                _write_r
 .text.__errno  0x08007e0c        0xc C:/software/STM32CubeCLT_1.15.1/GNU-tools-for-STM32/bin/../lib/gcc/arm-none-eabi/12.3.1/../../../../arm-none-eabi/lib/thumb/v7-m/nofp\libg.a(libc_a-errno.o)
                0x08007e0c                __errno
 .text.__libc_init_array
                0x08007e18       0x48 C:/software/STM32CubeCLT_1.15.1/GNU-tools-for-STM32/bin/../lib/gcc/arm-none-eabi/12.3.1/../../../../arm-none-eabi/lib/thumb/v7-m/nofp\libg.a(libc_a-init.o)
                0x08007e18                __libc_init_array
 .text.__retarget_lock_init_recursive
                0x08007e60        0x2 C:/software/STM32CubeCLT_1.15.1/GNU-tools-for-STM32/bin/../lib/gcc/arm-none-eabi/12.3.1/../../../../arm-none-eabi/lib/thumb/v7-m/nofp\libg.a(libc_a-lock.o)
                0x08007e60                __retarget_lock_init_recursive
 .text.__retarget_lock_close_recursive
                0x08007e62        0x2 C:/software/STM32CubeCLT_1.15.1/GNU-tools-for-STM32/bin/../lib/gcc/arm-none-eabi/12.3.1/../../../../arm-none-eabi/lib/thumb/v7-m/nofp\libg.a(libc_a-lock.o)
                0x08007e62                __retarget_lock_close_recursive
 .text.__retarget_lock_acquire_recursive
                0x08007e64        0x2 C:/software/STM32CubeCLT_1.15.1/GNU-tools-for-STM32/bin/../lib/gcc/arm-none-eabi/12.3.1/../../../../arm-none-eabi/lib/thumb/v7-m/nofp\libg.a(libc_a-lock.o)
                0x08007e64                __retarget_lock_acquire_recursive
 .text.__retarget_lock_release_recursive
                0x08007e66        0x2 C:/software/STM32CubeCLT_1.15.1/GNU-tools-for-STM32/bin/../lib/gcc/arm-none-eabi/12.3.1/../../../../arm-none-eabi/lib/thumb/v7-m/nofp\libg.a(libc_a-lock.o)
                0x08007e66                __retarget_lock_release_recursive
 .text.memcpy   0x08007e68       0x1c C:/software/STM32CubeCLT_1.15.1/GNU-tools-for-STM32/bin/../lib/gcc/arm-none-eabi/12.3.1/../../../../arm-none-eabi/lib/thumb/v7-m/nofp\libg.a(libc_a-memcpy-stub.o)
                0x08007e68                memcpy
 .text.startup.register_fini
                0x08007e84       0x14 C:/software/STM32CubeCLT_1.15.1/GNU-tools-for-STM32/bin/../lib/gcc/arm-none-eabi/12.3.1/../../../../arm-none-eabi/lib/thumb/v7-m/nofp\libg.a(libc_a-__call_atexit.o)
 .text.atexit   0x08007e98        0xc C:/software/STM32CubeCLT_1.15.1/GNU-tools-for-STM32/bin/../lib/gcc/arm-none-eabi/12.3.1/../../../../arm-none-eabi/lib/thumb/v7-m/nofp\libg.a(libc_a-atexit.o)
                0x08007e98                atexit
 .text._malloc_trim_r
                0x08007ea4       0xac C:/software/STM32CubeCLT_1.15.1/GNU-tools-for-STM32/bin/../lib/gcc/arm-none-eabi/12.3.1/../../../../arm-none-eabi/lib/thumb/v7-m/nofp\libg.a(libc_a-freer.o)
                0x08007ea4                _malloc_trim_r
 .text._free_r  0x08007f50      0x180 C:/software/STM32CubeCLT_1.15.1/GNU-tools-for-STM32/bin/../lib/gcc/arm-none-eabi/12.3.1/../../../../arm-none-eabi/lib/thumb/v7-m/nofp\libg.a(libc_a-freer.o)
                0x08007f50                _free_r
 .text._malloc_r
                0x080080d0      0x474 C:/software/STM32CubeCLT_1.15.1/GNU-tools-for-STM32/bin/../lib/gcc/arm-none-eabi/12.3.1/../../../../arm-none-eabi/lib/thumb/v7-m/nofp\libg.a(libc_a-mallocr.o)
                0x080080d0                _malloc_r
 .text.__malloc_lock
                0x08008544        0xc C:/software/STM32CubeCLT_1.15.1/GNU-tools-for-STM32/bin/../lib/gcc/arm-none-eabi/12.3.1/../../../../arm-none-eabi/lib/thumb/v7-m/nofp\libg.a(libc_a-mlock.o)
                0x08008544                __malloc_lock
 .text.__malloc_unlock
                0x08008550        0xc C:/software/STM32CubeCLT_1.15.1/GNU-tools-for-STM32/bin/../lib/gcc/arm-none-eabi/12.3.1/../../../../arm-none-eabi/lib/thumb/v7-m/nofp\libg.a(libc_a-mlock.o)
                0x08008550                __malloc_unlock
 .text._svfprintf_r
                0x0800855c     0x1378 C:/software/STM32CubeCLT_1.15.1/GNU-tools-for-STM32/bin/../lib/gcc/arm-none-eabi/12.3.1/../../../../arm-none-eabi/lib/thumb/v7-m/nofp\libg.a(libc_a-svfprintf.o)
                0x0800855c                _svfprintf_r
 .text._fclose_r
                0x080098d4       0xaa C:/software/STM32CubeCLT_1.15.1/GNU-tools-for-STM32/bin/../lib/gcc/arm-none-eabi/12.3.1/../../../../arm-none-eabi/lib/thumb/v7-m/nofp\libg.a(libc_a-fclose.o)
                0x080098d4                _fclose_r
 *fill*         0x0800997e        0x2 
 .text.__sflush_r
                0x08009980      0x108 C:/software/STM32CubeCLT_1.15.1/GNU-tools-for-STM32/bin/../lib/gcc/arm-none-eabi/12.3.1/../../../../arm-none-eabi/lib/thumb/v7-m/nofp\libg.a(libc_a-fflush.o)
                0x08009980                __sflush_r
 .text._fflush_r
                0x08009a88       0x4a C:/software/STM32CubeCLT_1.15.1/GNU-tools-for-STM32/bin/../lib/gcc/arm-none-eabi/12.3.1/../../../../arm-none-eabi/lib/thumb/v7-m/nofp\libg.a(libc_a-fflush.o)
                0x08009a88                _fflush_r
 .text.strncpy  0x08009ad2       0x26 C:/software/STM32CubeCLT_1.15.1/GNU-tools-for-STM32/bin/../lib/gcc/arm-none-eabi/12.3.1/../../../../arm-none-eabi/lib/thumb/v7-m/nofp\libg.a(libc_a-strncpy.o)
                0x08009ad2                strncpy
 .text._localeconv_r
                0x08009af8        0x8 C:/software/STM32CubeCLT_1.15.1/GNU-tools-for-STM32/bin/../lib/gcc/arm-none-eabi/12.3.1/../../../../arm-none-eabi/lib/thumb/v7-m/nofp\libg.a(libc_a-localeconv.o)
                0x08009af8                _localeconv_r
 .text._sbrk_r  0x08009b00       0x20 C:/software/STM32CubeCLT_1.15.1/GNU-tools-for-STM32/bin/../lib/gcc/arm-none-eabi/12.3.1/../../../../arm-none-eabi/lib/thumb/v7-m/nofp\libg.a(libc_a-sbrkr.o)
                0x08009b00                _sbrk_r
 .text.__libc_fini_array
                0x08009b20       0x28 C:/software/STM32CubeCLT_1.15.1/GNU-tools-for-STM32/bin/../lib/gcc/arm-none-eabi/12.3.1/../../../../arm-none-eabi/lib/thumb/v7-m/nofp\libg.a(libc_a-fini.o)
                0x08009b20                __libc_fini_array
 .text.sysconf  0x08009b48       0x18 C:/software/STM32CubeCLT_1.15.1/GNU-tools-for-STM32/bin/../lib/gcc/arm-none-eabi/12.3.1/../../../../arm-none-eabi/lib/thumb/v7-m/nofp\libg.a(libc_a-sysconf.o)
                0x08009b48                sysconf
 .text.memchr   0x08009b60       0x1c C:/software/STM32CubeCLT_1.15.1/GNU-tools-for-STM32/bin/../lib/gcc/arm-none-eabi/12.3.1/../../../../arm-none-eabi/lib/thumb/v7-m/nofp\libg.a(libc_a-memchr-stub.o)
                0x08009b60                memchr
 .text.frexp    0x08009b7c       0x68 C:/software/STM32CubeCLT_1.15.1/GNU-tools-for-STM32/bin/../lib/gcc/arm-none-eabi/12.3.1/../../../../arm-none-eabi/lib/thumb/v7-m/nofp\libg.a(libm_a-s_frexp.o)
                0x08009b7c                frexp
 .text.__register_exitproc
                0x08009be4       0x80 C:/software/STM32CubeCLT_1.15.1/GNU-tools-for-STM32/bin/../lib/gcc/arm-none-eabi/12.3.1/../../../../arm-none-eabi/lib/thumb/v7-m/nofp\libg.a(libc_a-__atexit.o)
                0x08009be4                __register_exitproc
 .text.quorem   0x08009c64      0x110 C:/software/STM32CubeCLT_1.15.1/GNU-tools-for-STM32/bin/../lib/gcc/arm-none-eabi/12.3.1/../../../../arm-none-eabi/lib/thumb/v7-m/nofp\libg.a(libc_a-dtoa.o)
 *fill*         0x08009d74        0x4 
 .text._dtoa_r  0x08009d78      0xb58 C:/software/STM32CubeCLT_1.15.1/GNU-tools-for-STM32/bin/../lib/gcc/arm-none-eabi/12.3.1/../../../../arm-none-eabi/lib/thumb/v7-m/nofp\libg.a(libc_a-dtoa.o)
                0x08009d78                _dtoa_r
 .text._Balloc  0x0800a8d0       0x4a C:/software/STM32CubeCLT_1.15.1/GNU-tools-for-STM32/bin/../lib/gcc/arm-none-eabi/12.3.1/../../../../arm-none-eabi/lib/thumb/v7-m/nofp\libg.a(libc_a-mprec.o)
                0x0800a8d0                _Balloc
 .text._Bfree   0x0800a91a       0x12 C:/software/STM32CubeCLT_1.15.1/GNU-tools-for-STM32/bin/../lib/gcc/arm-none-eabi/12.3.1/../../../../arm-none-eabi/lib/thumb/v7-m/nofp\libg.a(libc_a-mprec.o)
                0x0800a91a                _Bfree
 .text.__multadd
                0x0800a92c       0x8c C:/software/STM32CubeCLT_1.15.1/GNU-tools-for-STM32/bin/../lib/gcc/arm-none-eabi/12.3.1/../../../../arm-none-eabi/lib/thumb/v7-m/nofp\libg.a(libc_a-mprec.o)
                0x0800a92c                __multadd
 .text.__hi0bits
                0x0800a9b8       0x3e C:/software/STM32CubeCLT_1.15.1/GNU-tools-for-STM32/bin/../lib/gcc/arm-none-eabi/12.3.1/../../../../arm-none-eabi/lib/thumb/v7-m/nofp\libg.a(libc_a-mprec.o)
                0x0800a9b8                __hi0bits
 .text.__lo0bits
                0x0800a9f6       0x5a C:/software/STM32CubeCLT_1.15.1/GNU-tools-for-STM32/bin/../lib/gcc/arm-none-eabi/12.3.1/../../../../arm-none-eabi/lib/thumb/v7-m/nofp\libg.a(libc_a-mprec.o)
                0x0800a9f6                __lo0bits
 .text.__i2b    0x0800aa50       0x2c C:/software/STM32CubeCLT_1.15.1/GNU-tools-for-STM32/bin/../lib/gcc/arm-none-eabi/12.3.1/../../../../arm-none-eabi/lib/thumb/v7-m/nofp\libg.a(libc_a-mprec.o)
                0x0800aa50                __i2b
 .text.__multiply
                0x0800aa7c      0x150 C:/software/STM32CubeCLT_1.15.1/GNU-tools-for-STM32/bin/../lib/gcc/arm-none-eabi/12.3.1/../../../../arm-none-eabi/lib/thumb/v7-m/nofp\libg.a(libc_a-mprec.o)
                0x0800aa7c                __multiply
 .text.__pow5mult
                0x0800abcc       0x80 C:/software/STM32CubeCLT_1.15.1/GNU-tools-for-STM32/bin/../lib/gcc/arm-none-eabi/12.3.1/../../../../arm-none-eabi/lib/thumb/v7-m/nofp\libg.a(libc_a-mprec.o)
                0x0800abcc                __pow5mult
 .text.__lshift
                0x0800ac4c       0xd8 C:/software/STM32CubeCLT_1.15.1/GNU-tools-for-STM32/bin/../lib/gcc/arm-none-eabi/12.3.1/../../../../arm-none-eabi/lib/thumb/v7-m/nofp\libg.a(libc_a-mprec.o)
                0x0800ac4c                __lshift
 .text.__mcmp   0x0800ad24       0x36 C:/software/STM32CubeCLT_1.15.1/GNU-tools-for-STM32/bin/../lib/gcc/arm-none-eabi/12.3.1/../../../../arm-none-eabi/lib/thumb/v7-m/nofp\libg.a(libc_a-mprec.o)
                0x0800ad24                __mcmp
 *fill*         0x0800ad5a        0x2 
 .text.__mdiff  0x0800ad5c      0x128 C:/software/STM32CubeCLT_1.15.1/GNU-tools-for-STM32/bin/../lib/gcc/arm-none-eabi/12.3.1/../../../../arm-none-eabi/lib/thumb/v7-m/nofp\libg.a(libc_a-mprec.o)
                0x0800ad5c                __mdiff
 .text.__d2b    0x0800ae84       0xb0 C:/software/STM32CubeCLT_1.15.1/GNU-tools-for-STM32/bin/../lib/gcc/arm-none-eabi/12.3.1/../../../../arm-none-eabi/lib/thumb/v7-m/nofp\libg.a(libc_a-mprec.o)
                0x0800ae84                __d2b
 .text.__ssprint_r
                0x0800af34       0xfa C:/software/STM32CubeCLT_1.15.1/GNU-tools-for-STM32/bin/../lib/gcc/arm-none-eabi/12.3.1/../../../../arm-none-eabi/lib/thumb/v7-m/nofp\libg.a(libc_a-svfiprintf.o)
                0x0800af34                __ssprint_r
 .text.memmove  0x0800b02e       0x34 C:/software/STM32CubeCLT_1.15.1/GNU-tools-for-STM32/bin/../lib/gcc/arm-none-eabi/12.3.1/../../../../arm-none-eabi/lib/thumb/v7-m/nofp\libg.a(libc_a-memmove.o)
                0x0800b02e                memmove
 *fill*         0x0800b062        0x2 
 .text.__locale_mb_cur_max
                0x0800b064        0xc C:/software/STM32CubeCLT_1.15.1/GNU-tools-for-STM32/bin/../lib/gcc/arm-none-eabi/12.3.1/../../../../arm-none-eabi/lib/thumb/v7-m/nofp\libg.a(libc_a-locale.o)
                0x0800b064                __locale_mb_cur_max
 .text.__assert_func
                0x0800b070       0x3c C:/software/STM32CubeCLT_1.15.1/GNU-tools-for-STM32/bin/../lib/gcc/arm-none-eabi/12.3.1/../../../../arm-none-eabi/lib/thumb/v7-m/nofp\libg.a(libc_a-assert.o)
                0x0800b070                __assert_func
 .text._calloc_r
                0x0800b0ac       0x6a C:/software/STM32CubeCLT_1.15.1/GNU-tools-for-STM32/bin/../lib/gcc/arm-none-eabi/12.3.1/../../../../arm-none-eabi/lib/thumb/v7-m/nofp\libg.a(libc_a-callocr.o)
                0x0800b0ac                _calloc_r
 .text.__ascii_mbtowc
                0x0800b116       0x24 C:/software/STM32CubeCLT_1.15.1/GNU-tools-for-STM32/bin/../lib/gcc/arm-none-eabi/12.3.1/../../../../arm-none-eabi/lib/thumb/v7-m/nofp\libg.a(libc_a-mbtowc_r.o)
                0x0800b116                __ascii_mbtowc
 *fill*         0x0800b13a        0x2 
 .text._realloc_r
                0x0800b13c      0x358 C:/software/STM32CubeCLT_1.15.1/GNU-tools-for-STM32/bin/../lib/gcc/arm-none-eabi/12.3.1/../../../../arm-none-eabi/lib/thumb/v7-m/nofp\libg.a(libc_a-reallocr.o)
                0x0800b13c                _realloc_r
 .text.__ascii_wctomb
                0x0800b494       0x1a C:/software/STM32CubeCLT_1.15.1/GNU-tools-for-STM32/bin/../lib/gcc/arm-none-eabi/12.3.1/../../../../arm-none-eabi/lib/thumb/v7-m/nofp\libg.a(libc_a-wctomb_r.o)
                0x0800b494                __ascii_wctomb
 *fill*         0x0800b4ae        0x2 
 .text.fiprintf
                0x0800b4b0       0x24 C:/software/STM32CubeCLT_1.15.1/GNU-tools-for-STM32/bin/../lib/gcc/arm-none-eabi/12.3.1/../../../../arm-none-eabi/lib/thumb/v7-m/nofp\libg.a(libc_a-fiprintf.o)
                0x0800b4b0                fiprintf
 .text.__sprint_r
                0x0800b4d4       0x64 C:/software/STM32CubeCLT_1.15.1/GNU-tools-for-STM32/bin/../lib/gcc/arm-none-eabi/12.3.1/../../../../arm-none-eabi/lib/thumb/v7-m/nofp\libg.a(libc_a-vfiprintf.o)
                0x0800b4d4                __sprint_r
 .text._vfiprintf_r
                0x0800b538      0x914 C:/software/STM32CubeCLT_1.15.1/GNU-tools-for-STM32/bin/../lib/gcc/arm-none-eabi/12.3.1/../../../../arm-none-eabi/lib/thumb/v7-m/nofp\libg.a(libc_a-vfiprintf.o)
                0x0800b538                _vfiprintf_r
 .text.__sbprintf
                0x0800be4c       0x80 C:/software/STM32CubeCLT_1.15.1/GNU-tools-for-STM32/bin/../lib/gcc/arm-none-eabi/12.3.1/../../../../arm-none-eabi/lib/thumb/v7-m/nofp\libg.a(libc_a-vfiprintf.o)
 .text.__sfvwrite_r
                0x0800becc      0x298 C:/software/STM32CubeCLT_1.15.1/GNU-tools-for-STM32/bin/../lib/gcc/arm-none-eabi/12.3.1/../../../../arm-none-eabi/lib/thumb/v7-m/nofp\libg.a(libc_a-fvwrite.o)
                0x0800becc                __sfvwrite_r
 .text.__swsetup_r
                0x0800c164       0xac C:/software/STM32CubeCLT_1.15.1/GNU-tools-for-STM32/bin/../lib/gcc/arm-none-eabi/12.3.1/../../../../arm-none-eabi/lib/thumb/v7-m/nofp\libg.a(libc_a-wsetup.o)
                0x0800c164                __swsetup_r
 .text.__fputwc
                0x0800c210       0x82 C:/software/STM32CubeCLT_1.15.1/GNU-tools-for-STM32/bin/../lib/gcc/arm-none-eabi/12.3.1/../../../../arm-none-eabi/lib/thumb/v7-m/nofp\libg.a(libc_a-fputwc.o)
                0x0800c210                __fputwc
 .text._fputwc_r
                0x0800c292       0x52 C:/software/STM32CubeCLT_1.15.1/GNU-tools-for-STM32/bin/../lib/gcc/arm-none-eabi/12.3.1/../../../../arm-none-eabi/lib/thumb/v7-m/nofp\libg.a(libc_a-fputwc.o)
                0x0800c292                _fputwc_r
 .text.abort    0x0800c2e4        0xe C:/software/STM32CubeCLT_1.15.1/GNU-tools-for-STM32/bin/../lib/gcc/arm-none-eabi/12.3.1/../../../../arm-none-eabi/lib/thumb/v7-m/nofp\libg.a(libc_a-abort.o)
                0x0800c2e4                abort
 *fill*         0x0800c2f2        0x2 
 .text._wcrtomb_r
                0x0800c2f4       0x2c C:/software/STM32CubeCLT_1.15.1/GNU-tools-for-STM32/bin/../lib/gcc/arm-none-eabi/12.3.1/../../../../arm-none-eabi/lib/thumb/v7-m/nofp\libg.a(libc_a-wcrtomb.o)
                0x0800c2f4                _wcrtomb_r
 .text.__swhatbuf_r
                0x0800c320       0x50 C:/software/STM32CubeCLT_1.15.1/GNU-tools-for-STM32/bin/../lib/gcc/arm-none-eabi/12.3.1/../../../../arm-none-eabi/lib/thumb/v7-m/nofp\libg.a(libc_a-makebuf.o)
                0x0800c320                __swhatbuf_r
 .text.__smakebuf_r
                0x0800c370       0x78 C:/software/STM32CubeCLT_1.15.1/GNU-tools-for-STM32/bin/../lib/gcc/arm-none-eabi/12.3.1/../../../../arm-none-eabi/lib/thumb/v7-m/nofp\libg.a(libc_a-makebuf.o)
                0x0800c370                __smakebuf_r
 .text.__swbuf_r
                0x0800c3e8       0x92 C:/software/STM32CubeCLT_1.15.1/GNU-tools-for-STM32/bin/../lib/gcc/arm-none-eabi/12.3.1/../../../../arm-none-eabi/lib/thumb/v7-m/nofp\libg.a(libc_a-wbuf.o)
                0x0800c3e8                __swbuf_r
 .text._raise_r
                0x0800c47a       0x52 C:/software/STM32CubeCLT_1.15.1/GNU-tools-for-STM32/bin/../lib/gcc/arm-none-eabi/12.3.1/../../../../arm-none-eabi/lib/thumb/v7-m/nofp\libg.a(libc_a-signal.o)
                0x0800c47a                _raise_r
 .text.raise    0x0800c4cc       0x10 C:/software/STM32CubeCLT_1.15.1/GNU-tools-for-STM32/bin/../lib/gcc/arm-none-eabi/12.3.1/../../../../arm-none-eabi/lib/thumb/v7-m/nofp\libg.a(libc_a-signal.o)
                0x0800c4cc                raise
 .text._fstat_r
                0x0800c4dc       0x24 C:/software/STM32CubeCLT_1.15.1/GNU-tools-for-STM32/bin/../lib/gcc/arm-none-eabi/12.3.1/../../../../arm-none-eabi/lib/thumb/v7-m/nofp\libg.a(libc_a-fstatr.o)
                0x0800c4dc                _fstat_r
 .text._isatty_r
                0x0800c500       0x20 C:/software/STM32CubeCLT_1.15.1/GNU-tools-for-STM32/bin/../lib/gcc/arm-none-eabi/12.3.1/../../../../arm-none-eabi/lib/thumb/v7-m/nofp\libg.a(libc_a-isattyr.o)
                0x0800c500                _isatty_r
 .text._kill_r  0x0800c520       0x24 C:/software/STM32CubeCLT_1.15.1/GNU-tools-for-STM32/bin/../lib/gcc/arm-none-eabi/12.3.1/../../../../arm-none-eabi/lib/thumb/v7-m/nofp\libg.a(libc_a-signalr.o)
                0x0800c520                _kill_r
 .text._getpid_r
                0x0800c544        0x4 C:/software/STM32CubeCLT_1.15.1/GNU-tools-for-STM32/bin/../lib/gcc/arm-none-eabi/12.3.1/../../../../arm-none-eabi/lib/thumb/v7-m/nofp\libg.a(libc_a-signalr.o)
                0x0800c544                _getpid_r
 *(.glue_7)
 .glue_7        0x0800c548        0x0 linker stubs
 *(.glue_7t)
 .glue_7t       0x0800c548        0x0 linker stubs
 *(.eh_frame)
 .eh_frame      0x0800c548        0x0 C:/software/STM32CubeCLT_1.15.1/GNU-tools-for-STM32/bin/../lib/gcc/arm-none-eabi/12.3.1/thumb/v7-m/nofp/crtbegin.o
 *(.init)
 .init          0x0800c548        0x4 C:/software/STM32CubeCLT_1.15.1/GNU-tools-for-STM32/bin/../lib/gcc/arm-none-eabi/12.3.1/thumb/v7-m/nofp/crti.o
                0x0800c548                _init
 .init          0x0800c54c        0x8 C:/software/STM32CubeCLT_1.15.1/GNU-tools-for-STM32/bin/../lib/gcc/arm-none-eabi/12.3.1/thumb/v7-m/nofp/crtn.o
 *(.fini)
 .fini          0x0800c554        0x4 C:/software/STM32CubeCLT_1.15.1/GNU-tools-for-STM32/bin/../lib/gcc/arm-none-eabi/12.3.1/thumb/v7-m/nofp/crti.o
                0x0800c554                _fini
 .fini          0x0800c558        0x8 C:/software/STM32CubeCLT_1.15.1/GNU-tools-for-STM32/bin/../lib/gcc/arm-none-eabi/12.3.1/thumb/v7-m/nofp/crtn.o
                0x0800c560                        . = ALIGN (0x4)
                0x0800c560                        _etext = .

.vfp11_veneer   0x0800c560        0x0
 .vfp11_veneer  0x0800c560        0x0 linker stubs

.v4_bx          0x0800c560        0x0
 .v4_bx         0x0800c560        0x0 linker stubs

.iplt           0x0800c560        0x0
 .iplt          0x0800c560        0x0 C:/software/STM32CubeCLT_1.15.1/GNU-tools-for-STM32/bin/../lib/gcc/arm-none-eabi/12.3.1/thumb/v7-m/nofp/crtbegin.o

.rodata         0x0800c560      0xcc8
                0x0800c560                        . = ALIGN (0x4)
 *(.rodata)
 .rodata        0x0800c560       0x20 CMakeFiles/RoboticStm32.elf.dir/Core/Src/freertos.c.obj
 *(.rodata*)
 .rodata.OLED_ShowVoltage.str1.4
                0x0800c580        0x2 CMakeFiles/RoboticStm32.elf.dir/Bsp/adc/voltage.c.obj
 *fill*         0x0800c582        0x2 
 .rodata.F8X16  0x0800c584      0x5f0 CMakeFiles/RoboticStm32.elf.dir/Bsp/oled/oled.c.obj
                0x0800c584                F8X16
 .rodata.F6X8   0x0800cb74      0x228 CMakeFiles/RoboticStm32.elf.dir/Bsp/oled/oled.c.obj
                0x0800cb74                F6X8
 .rodata.UART_SendImuData.str1.4
                0x0800cd9c       0x2c CMakeFiles/RoboticStm32.elf.dir/Bsp/uart/uart.c.obj
 .rodata.UART_SendImuReal.str1.4
                0x0800cdc8       0x44 CMakeFiles/RoboticStm32.elf.dir/Bsp/uart/uart.c.obj
 .rodata.MX_FREERTOS_Init.str1.4
                0x0800ce0c        0xb CMakeFiles/RoboticStm32.elf.dir/Core/Src/freertos.c.obj
 *fill*         0x0800ce17        0x1 
 .rodata.str1.4
                0x0800ce18        0xc CMakeFiles/RoboticStm32.elf.dir/Core/Src/freertos.c.obj
 .rodata.defaultTask_attributes
                0x0800ce24       0x24 CMakeFiles/RoboticStm32.elf.dir/Core/Src/freertos.c.obj
                0x0800ce24                defaultTask_attributes
 .rodata.APBPrescTable
                0x0800ce48        0x8 CMakeFiles/RoboticStm32.elf.dir/Core/Src/system_stm32f1xx.c.obj
                0x0800ce48                APBPrescTable
 .rodata.AHBPrescTable
                0x0800ce50       0x10 CMakeFiles/RoboticStm32.elf.dir/Core/Src/system_stm32f1xx.c.obj
                0x0800ce50                AHBPrescTable
 .rodata.aPredivFactorTable.0
                0x0800ce60        0x2 CMakeFiles/RoboticStm32.elf.dir/Drivers/STM32F1xx_HAL_Driver/Src/stm32f1xx_hal_rcc.c.obj
 *fill*         0x0800ce62        0x2 
 .rodata.aPLLMULFactorTable.1
                0x0800ce64       0x10 CMakeFiles/RoboticStm32.elf.dir/Drivers/STM32F1xx_HAL_Driver/Src/stm32f1xx_hal_rcc.c.obj
 .rodata.aPredivFactorTable.0
                0x0800ce74        0x2 CMakeFiles/RoboticStm32.elf.dir/Drivers/STM32F1xx_HAL_Driver/Src/stm32f1xx_hal_rcc_ex.c.obj
 *fill*         0x0800ce76        0x2 
 .rodata.aPLLMULFactorTable.1
                0x0800ce78       0x10 CMakeFiles/RoboticStm32.elf.dir/Drivers/STM32F1xx_HAL_Driver/Src/stm32f1xx_hal_rcc_ex.c.obj
 .rodata.vTaskStartScheduler.str1.4
                0x0800ce88        0x5 CMakeFiles/RoboticStm32.elf.dir/Middlewares/Third_Party/FreeRTOS/Source/tasks.c.obj
 *fill*         0x0800ce8d        0x3 
 .rodata.prvCheckForValidListAndQueue.str1.4
                0x0800ce90        0x5 CMakeFiles/RoboticStm32.elf.dir/Middlewares/Third_Party/FreeRTOS/Source/timers.c.obj
 *fill*         0x0800ce95        0x3 
 .rodata.xTimerCreateTimerTask.str1.4
                0x0800ce98        0x8 CMakeFiles/RoboticStm32.elf.dir/Middlewares/Third_Party/FreeRTOS/Source/timers.c.obj
 .rodata._svfprintf_r.str1.1
                0x0800cea0       0x34 C:/software/STM32CubeCLT_1.15.1/GNU-tools-for-STM32/bin/../lib/gcc/arm-none-eabi/12.3.1/../../../../arm-none-eabi/lib/thumb/v7-m/nofp\libg.a(libc_a-svfprintf.o)
 .rodata.zeroes.0
                0x0800ced4       0x10 C:/software/STM32CubeCLT_1.15.1/GNU-tools-for-STM32/bin/../lib/gcc/arm-none-eabi/12.3.1/../../../../arm-none-eabi/lib/thumb/v7-m/nofp\libg.a(libc_a-svfprintf.o)
 .rodata.blanks.1
                0x0800cee4       0x10 C:/software/STM32CubeCLT_1.15.1/GNU-tools-for-STM32/bin/../lib/gcc/arm-none-eabi/12.3.1/../../../../arm-none-eabi/lib/thumb/v7-m/nofp\libg.a(libc_a-svfprintf.o)
 .rodata._dtoa_r.str1.1
                0x0800cef4       0x76 C:/software/STM32CubeCLT_1.15.1/GNU-tools-for-STM32/bin/../lib/gcc/arm-none-eabi/12.3.1/../../../../arm-none-eabi/lib/thumb/v7-m/nofp\libg.a(libc_a-dtoa.o)
                                 0x78 (size before relaxing)
 .rodata.__multadd.str1.1
                0x0800cf6a       0x59 C:/software/STM32CubeCLT_1.15.1/GNU-tools-for-STM32/bin/../lib/gcc/arm-none-eabi/12.3.1/../../../../arm-none-eabi/lib/thumb/v7-m/nofp\libg.a(libc_a-mprec.o)
                                 0x6a (size before relaxing)
 *fill*         0x0800cfc3        0x1 
 .rodata.p05.0  0x0800cfc4        0xc C:/software/STM32CubeCLT_1.15.1/GNU-tools-for-STM32/bin/../lib/gcc/arm-none-eabi/12.3.1/../../../../arm-none-eabi/lib/thumb/v7-m/nofp\libg.a(libc_a-mprec.o)
 .rodata.__mprec_bigtens
                0x0800cfd0       0x28 C:/software/STM32CubeCLT_1.15.1/GNU-tools-for-STM32/bin/../lib/gcc/arm-none-eabi/12.3.1/../../../../arm-none-eabi/lib/thumb/v7-m/nofp\libg.a(libc_a-mprec.o)
                0x0800cfd0                __mprec_bigtens
 .rodata.__mprec_tens
                0x0800cff8       0xc8 C:/software/STM32CubeCLT_1.15.1/GNU-tools-for-STM32/bin/../lib/gcc/arm-none-eabi/12.3.1/../../../../arm-none-eabi/lib/thumb/v7-m/nofp\libg.a(libc_a-mprec.o)
                0x0800cff8                __mprec_tens
 .rodata._setlocale_r.str1.1
                0x0800d0c0        0x8 C:/software/STM32CubeCLT_1.15.1/GNU-tools-for-STM32/bin/../lib/gcc/arm-none-eabi/12.3.1/../../../../arm-none-eabi/lib/thumb/v7-m/nofp\libg.a(libc_a-locale.o)
                                  0x9 (size before relaxing)
 .rodata.str1.1
                0x0800d0c8        0x2 C:/software/STM32CubeCLT_1.15.1/GNU-tools-for-STM32/bin/../lib/gcc/arm-none-eabi/12.3.1/../../../../arm-none-eabi/lib/thumb/v7-m/nofp\libg.a(libc_a-locale.o)
 .rodata.__assert_func.str1.1
                0x0800d0ca       0x3c C:/software/STM32CubeCLT_1.15.1/GNU-tools-for-STM32/bin/../lib/gcc/arm-none-eabi/12.3.1/../../../../arm-none-eabi/lib/thumb/v7-m/nofp\libg.a(libc_a-assert.o)
                                 0x3d (size before relaxing)
 .rodata._ctype_
                0x0800d106      0x101 C:/software/STM32CubeCLT_1.15.1/GNU-tools-for-STM32/bin/../lib/gcc/arm-none-eabi/12.3.1/../../../../arm-none-eabi/lib/thumb/v7-m/nofp\libg.a(libc_a-ctype_.o)
                0x0800d106                _ctype_
 .rodata._vfiprintf_r.str1.1
                0x0800d207       0x22 C:/software/STM32CubeCLT_1.15.1/GNU-tools-for-STM32/bin/../lib/gcc/arm-none-eabi/12.3.1/../../../../arm-none-eabi/lib/thumb/v7-m/nofp\libg.a(libc_a-vfiprintf.o)
 .rodata.zeroes.0
                0x0800d207       0x10 C:/software/STM32CubeCLT_1.15.1/GNU-tools-for-STM32/bin/../lib/gcc/arm-none-eabi/12.3.1/../../../../arm-none-eabi/lib/thumb/v7-m/nofp\libg.a(libc_a-vfiprintf.o)
 .rodata.blanks.1
                0x0800d217       0x10 C:/software/STM32CubeCLT_1.15.1/GNU-tools-for-STM32/bin/../lib/gcc/arm-none-eabi/12.3.1/../../../../arm-none-eabi/lib/thumb/v7-m/nofp\libg.a(libc_a-vfiprintf.o)
                0x0800d22c                        . = ALIGN (0x4)
 *fill*         0x0800d227        0x1 

.ARM.extab      0x0800d228        0x0
                0x0800d228                        . = ALIGN (0x4)
 *(.ARM.extab* .gnu.linkonce.armextab.*)
                0x0800d228                        . = ALIGN (0x4)

.ARM            0x0800d228        0x8
                0x0800d228                        . = ALIGN (0x4)
                0x0800d228                        __exidx_start = .
 *(.ARM.exidx*)
 .ARM.exidx     0x0800d228        0x8 C:/software/STM32CubeCLT_1.15.1/GNU-tools-for-STM32/bin/../lib/gcc/arm-none-eabi/12.3.1/thumb/v7-m/nofp\libgcc.a(_udivmoddi4.o)
 .ARM.exidx     0x0800d230        0x0 C:/software/STM32CubeCLT_1.15.1/GNU-tools-for-STM32/bin/../lib/gcc/arm-none-eabi/12.3.1/../../../../arm-none-eabi/lib/thumb/v7-m/nofp\libg.a(libc_a-strlen.o)
                                  0x8 (size before relaxing)
                0x0800d230                        __exidx_end = .
                0x0800d230                        . = ALIGN (0x4)

.preinit_array  0x0800d230        0x0
                0x0800d230                        . = ALIGN (0x4)
                0x0800d230                        PROVIDE (__preinit_array_start = .)
 *(.preinit_array*)
                0x0800d230                        PROVIDE (__preinit_array_end = .)
                0x0800d230                        . = ALIGN (0x4)

.init_array     0x0800d230        0x8
                0x0800d230                        . = ALIGN (0x4)
                0x0800d230                        PROVIDE (__init_array_start = .)
 *(SORT_BY_NAME(.init_array.*))
 .init_array.00000
                0x0800d230        0x4 C:/software/STM32CubeCLT_1.15.1/GNU-tools-for-STM32/bin/../lib/gcc/arm-none-eabi/12.3.1/../../../../arm-none-eabi/lib/thumb/v7-m/nofp\libg.a(libc_a-__call_atexit.o)
 *(.init_array*)