Archive member included to satisfy reference by file (symbol)

C:/software/STM32CubeCLT_1.15.1/GNU-tools-for-STM32/bin/../lib/gcc/arm-none-eabi/12.3.1/thumb/v7-m/nofp\libgcc.a(_arm_muldf3.o)
                              CMakeFiles/RoboticStm32.elf.dir/Bsp/adc/voltage.c.obj (__aeabi_dmul)
C:/software/STM32CubeCLT_1.15.1/GNU-tools-for-STM32/bin/../lib/gcc/arm-none-eabi/12.3.1/thumb/v7-m/nofp\libgcc.a(_arm_mulsf3.o)
                              CMakeFiles/RoboticStm32.elf.dir/Bsp/motor/motor.c.obj (__aeabi_fmul)
C:/software/STM32CubeCLT_1.15.1/GNU-tools-for-STM32/bin/../lib/gcc/arm-none-eabi/12.3.1/thumb/v7-m/nofp\libgcc.a(_arm_addsubdf3.o)
                              CMakeFiles/RoboticStm32.elf.dir/Bsp/adc/voltage.c.obj (__aeabi_i2d)
C:/software/STM32CubeCLT_1.15.1/GNU-tools-for-STM32/bin/../lib/gcc/arm-none-eabi/12.3.1/thumb/v7-m/nofp\libgcc.a(_arm_muldivdf3.o)
                              CMakeFiles/RoboticStm32.elf.dir/Bsp/adc/voltage.c.obj (__aeabi_ddiv)
C:/software/STM32CubeCLT_1.15.1/GNU-tools-for-STM32/bin/../lib/gcc/arm-none-eabi/12.3.1/thumb/v7-m/nofp\libgcc.a(_arm_fixunsdfsi.o)
                              CMakeFiles/RoboticStm32.elf.dir/Bsp/adc/voltage.c.obj (__aeabi_d2uiz)
C:/software/STM32CubeCLT_1.15.1/GNU-tools-for-STM32/bin/../lib/gcc/arm-none-eabi/12.3.1/thumb/v7-m/nofp\libgcc.a(_arm_addsubsf3.o)
                              CMakeFiles/RoboticStm32.elf.dir/Bsp/oled/oled.c.obj (__aeabi_fsub)
C:/software/STM32CubeCLT_1.15.1/GNU-tools-for-STM32/bin/../lib/gcc/arm-none-eabi/12.3.1/thumb/v7-m/nofp\libgcc.a(_arm_muldivsf3.o)
                              CMakeFiles/RoboticStm32.elf.dir/Bsp/motor/motor.c.obj (__aeabi_fdiv)
C:/software/STM32CubeCLT_1.15.1/GNU-tools-for-STM32/bin/../lib/gcc/arm-none-eabi/12.3.1/thumb/v7-m/nofp\libgcc.a(_arm_cmpsf2.o)
                              CMakeFiles/RoboticStm32.elf.dir/Bsp/oled/oled.c.obj (__aeabi_fcmplt)
C:/software/STM32CubeCLT_1.15.1/GNU-tools-for-STM32/bin/../lib/gcc/arm-none-eabi/12.3.1/thumb/v7-m/nofp\libgcc.a(_arm_fixsfsi.o)
                              CMakeFiles/RoboticStm32.elf.dir/Bsp/motor/motor.c.obj (__aeabi_f2iz)
C:/software/STM32CubeCLT_1.15.1/GNU-tools-for-STM32/bin/../lib/gcc/arm-none-eabi/12.3.1/thumb/v7-m/nofp\libgcc.a(_arm_fixunssfsi.o)
                              CMakeFiles/RoboticStm32.elf.dir/Bsp/oled/oled.c.obj (__aeabi_f2uiz)
C:/software/STM32CubeCLT_1.15.1/GNU-tools-for-STM32/bin/../lib/gcc/arm-none-eabi/12.3.1/thumb/v7-m/nofp\libgcc.a(_aeabi_uldivmod.o)
                              CMakeFiles/RoboticStm32.elf.dir/Bsp/timer/timer.c.obj (__aeabi_uldivmod)
C:/software/STM32CubeCLT_1.15.1/GNU-tools-for-STM32/bin/../lib/gcc/arm-none-eabi/12.3.1/thumb/v7-m/nofp\libgcc.a(_udivmoddi4.o)
                              C:/software/STM32CubeCLT_1.15.1/GNU-tools-for-STM32/bin/../lib/gcc/arm-none-eabi/12.3.1/thumb/v7-m/nofp\libgcc.a(_aeabi_uldivmod.o) (__udivmoddi4)
C:/software/STM32CubeCLT_1.15.1/GNU-tools-for-STM32/bin/../lib/gcc/arm-none-eabi/12.3.1/thumb/v7-m/nofp\libgcc.a(_dvmd_tls.o)
                              C:/software/STM32CubeCLT_1.15.1/GNU-tools-for-STM32/bin/../lib/gcc/arm-none-eabi/12.3.1/thumb/v7-m/nofp\libgcc.a(_aeabi_uldivmod.o) (__aeabi_ldiv0)
C:/software/STM32CubeCLT_1.15.1/GNU-tools-for-STM32/bin/../lib/gcc/arm-none-eabi/12.3.1/../../../../arm-none-eabi/lib/thumb/v7-m/nofp\libg.a(libc_a-exit.o)
                              C:/software/STM32CubeCLT_1.15.1/GNU-tools-for-STM32/bin/../lib/gcc/arm-none-eabi/12.3.1/../../../../arm-none-eabi/lib/thumb/v7-m/nofp/crt0.o (exit)
C:/software/STM32CubeCLT_1.15.1/GNU-tools-for-STM32/bin/../lib/gcc/arm-none-eabi/12.3.1/../../../../arm-none-eabi/lib/thumb/v7-m/nofp\libg.a(libc_a-findfp.o)
                              CMakeFiles/RoboticStm32.elf.dir/Middlewares/Third_Party/FreeRTOS/Source/tasks.c.obj (__sf)
C:/software/STM32CubeCLT_1.15.1/GNU-tools-for-STM32/bin/../lib/gcc/arm-none-eabi/12.3.1/../../../../arm-none-eabi/lib/thumb/v7-m/nofp\libg.a(libc_a-fwalk.o)
                              C:/software/STM32CubeCLT_1.15.1/GNU-tools-for-STM32/bin/../lib/gcc/arm-none-eabi/12.3.1/../../../../arm-none-eabi/lib/thumb/v7-m/nofp\libg.a(libc_a-findfp.o) (_fwalk_sglue)
C:/software/STM32CubeCLT_1.15.1/GNU-tools-for-STM32/bin/../lib/gcc/arm-none-eabi/12.3.1/../../../../arm-none-eabi/lib/thumb/v7-m/nofp\libg.a(libc_a-snprintf.o)
                              CMakeFiles/RoboticStm32.elf.dir/Bsp/uart/uart.c.obj (snprintf)
C:/software/STM32CubeCLT_1.15.1/GNU-tools-for-STM32/bin/../lib/gcc/arm-none-eabi/12.3.1/../../../../arm-none-eabi/lib/thumb/v7-m/nofp\libg.a(libc_a-sprintf.o)
                              CMakeFiles/RoboticStm32.elf.dir/Bsp/adc/voltage.c.obj (sprintf)
C:/software/STM32CubeCLT_1.15.1/GNU-tools-for-STM32/bin/../lib/gcc/arm-none-eabi/12.3.1/../../../../arm-none-eabi/lib/thumb/v7-m/nofp\libg.a(libc_a-stdio.o)
[...]
Memory Configuration

Name             Origin             Length             Attributes
RAM              0x20000000         0x0000c000         xrw
FLASH            0x08000000         0x00040000         xr
*default*        0x00000000         0xffffffff

Linker script and memory map

LOAD C:/software/STM32CubeCLT_1.15.1/GNU-tools-for-STM32/bin/../lib/gcc/arm-none-eabi/12.3.1/thumb/v7-m/nofp/crti.o
LOAD C:/software/STM32CubeCLT_1.15.1/GNU-tools-for-STM32/bin/../lib/gcc/arm-none-eabi/12.3.1/thumb/v7-m/nofp/crtbegin.o
LOAD C:/software/STM32CubeCLT_1.15.1/GNU-tools-for-STM32/bin/../lib/gcc/arm-none-eabi/12.3.1/../../../../arm-none-eabi/lib/thumb/v7-m/nofp/crt0.o
LOAD CMakeFiles/RoboticStm32.elf.dir/Bsp/adc/voltage.c.obj
LOAD CMakeFiles/RoboticStm32.elf.dir/Bsp/encoder/encoder.c.obj
LOAD CMakeFiles/RoboticStm32.elf.dir/Bsp/gpio/beef.c.obj
LOAD CMakeFiles/RoboticStm32.elf.dir/Bsp/gpio/led.c.obj
LOAD CMakeFiles/RoboticStm32.elf.dir/Bsp/imu/icm20948.c.obj
LOAD CMakeFiles/RoboticStm32.elf.dir/Bsp/imu/mpu6050.c.obj
LOAD CMakeFiles/RoboticStm32.elf.dir/Bsp/imu/sw_iic.c.obj
LOAD CMakeFiles/RoboticStm32.elf.dir/Bsp/motor/motor.c.obj
LOAD CMakeFiles/RoboticStm32.elf.dir/Bsp/oled/oled.c.obj
LOAD CMakeFiles/RoboticStm32.elf.dir/Bsp/timer/timer.c.obj
LOAD CMakeFiles/RoboticStm32.elf.dir/Bsp/uart/uart.c.obj
LOAD CMakeFiles/RoboticStm32.elf.dir/Core/Src/adc.c.obj
LOAD CMakeFiles/RoboticStm32.elf.dir/Core/Src/freertos.c.obj
LOAD CMakeFiles/RoboticStm32.elf.dir/Core/Src/gpio.c.obj
LOAD CMakeFiles/RoboticStm32.elf.dir/Core/Src/i2c.c.obj
LOAD CMakeFiles/RoboticStm32.elf.dir/Core/Src/main.c.obj
LOAD CMakeFiles/RoboticStm32.elf.dir/Core/Src/stm32f1xx_hal_msp.c.obj
LOAD CMakeFiles/RoboticStm32.elf.dir/Core/Src/stm32f1xx_hal_timebase_tim.c.obj
LOAD CMakeFiles/RoboticStm32.elf.dir/Core/Src/stm32f1xx_it.c.obj
LOAD CMakeFiles/RoboticStm32.elf.dir/Core/Src/syscalls.c.obj
LOAD CMakeFiles/RoboticStm32.elf.dir/Core/Src/sysmem.c.obj
LOAD CMakeFiles/RoboticStm32.elf.dir/Core/Src/system_stm32f1xx.c.obj
LOAD CMakeFiles/RoboticStm32.elf.dir/Core/Src/tim.c.obj
LOAD CMakeFiles/RoboticStm32.elf.dir/Core/Src/usart.c.obj
LOAD CMakeFiles/RoboticStm32.elf.dir/Core/Startup/startup_stm32f103rctx.s.obj
LOAD CMakeFiles/RoboticStm32.elf.dir/Drivers/STM32F1xx_HAL_Driver/Src/stm32f1xx_hal.c.obj
LOAD CMakeFiles/RoboticStm32.elf.dir/Drivers/STM32F1xx_HAL_Driver/Src/stm32f1xx_hal_adc.c.obj
LOAD CMakeFiles/RoboticStm32.elf.dir/Drivers/STM32F1xx_HAL_Driver/Src/stm32f1xx_hal_adc_ex.c.obj
LOAD CMakeFiles/RoboticStm32.elf.dir/Drivers/STM32F1xx_HAL_Driver/Src/stm32f1xx_hal_cortex.c.obj
LOAD CMakeFiles/RoboticStm32.elf.dir/Drivers/STM32F1xx_HAL_Driver/Src/stm32f1xx_hal_dma.c.obj
LOAD CMakeFiles/RoboticStm32.elf.dir/Drivers/STM32F1xx_HAL_Driver/Src/stm32f1xx_hal_exti.c.obj
LOAD CMakeFiles/RoboticStm32.elf.dir/Drivers/STM32F1xx_HAL_Driver/Src/stm32f1xx_hal_flash.c.obj
LOAD CMakeFiles/RoboticStm32.elf.dir/Drivers/STM32F1xx_HAL_Driver/Src/stm32f1xx_hal_flash_ex.c.obj
LOAD CMakeFiles/RoboticStm32.elf.dir/Drivers/STM32F1xx_HAL_Driver/Src/stm32f1xx_hal_gpio.c.obj
LOAD CMakeFiles/RoboticStm32.elf.dir/Drivers/STM32F1xx_HAL_Driver/Src/stm32f1xx_hal_gpio_ex.c.obj
LOAD CMakeFiles/RoboticStm32.elf.dir/Drivers/STM32F1xx_HAL_Driver/Src/stm32f1xx_hal_i2c.c.obj
LOAD CMakeFiles/RoboticStm32.elf.dir/Drivers/STM32F1xx_HAL_Driver/Src/stm32f1xx_hal_pwr.c.obj
LOAD CMakeFiles/RoboticStm32.elf.dir/Drivers/STM32F1xx_HAL_Driver/Src/stm32f1xx_hal_rcc.c.obj
LOAD CMakeFiles/RoboticStm32.elf.dir/Drivers/STM32F1xx_HAL_Driver/Src/stm32f1xx_hal_rcc_ex.c.obj
LOAD CMakeFiles/RoboticStm32.elf.dir/Drivers/STM32F1xx_HAL_Driver/Src/stm32f1xx_hal_tim.c.obj
LOAD CMakeFiles/RoboticStm32.elf.dir/Drivers/STM32F1xx_HAL_Driver/Src/stm32f1xx_hal_tim_ex.c.obj
LOAD CMakeFiles/RoboticStm32.elf.dir/Drivers/STM32F1xx_HAL_Driver/Src/stm32f1xx_hal_uart.c.obj
LOAD CMakeFiles/RoboticStm32.elf.dir/Middlewares/Third_Party/FreeRTOS/Source/CMSIS_RTOS_V2/cmsis_os2.c.obj
LOAD CMakeFiles/RoboticStm32.elf.dir/Middlewares/Third_Party/FreeRTOS/Source/croutine.c.obj
LOAD CMakeFiles/RoboticStm32.elf.dir/Middlewares/Third_Party/FreeRTOS/Source/event_groups.c.obj
LOAD CMakeFiles/RoboticStm32.elf.dir/Middlewares/Third_Party/FreeRTOS/Source/list.c.obj
LOAD CMakeFiles/RoboticStm32.elf.dir/Middlewares/Third_Party/FreeRTOS/Source/portable/GCC/ARM_CM3/port.c.obj
LOAD CMakeFiles/RoboticStm32.elf.dir/Middlewares/Third_Party/FreeRTOS/Source/portable/MemMang/heap_4.c.obj
LOAD CMakeFiles/RoboticStm32.elf.dir/Middlewares/Third_Party/FreeRTOS/Source/queue.c.obj
LOAD CMakeFiles/RoboticStm32.elf.dir/Middlewares/Third_Party/FreeRTOS/Source/stream_buffer.c.obj
LOAD CMakeFiles/RoboticStm32.elf.dir/Middlewares/Third_Party/FreeRTOS/Source/tasks.c.obj
LOAD CMakeFiles/RoboticStm32.elf.dir/Middlewares/Third_Party/FreeRTOS/Source/timers.c.obj
START GROUP
LOAD C:/software/STM32CubeCLT_1.15.1/GNU-tools-for-STM32/bin/../lib/gcc/arm-none-eabi/12.3.1/thumb/v7-m/nofp\libgcc.a
LOAD C:/software/STM32CubeCLT_1.15.1/GNU-tools-for-STM32/bin/../lib/gcc/arm-none-eabi/12.3.1/../../../../arm-none-eabi/lib/thumb/v7-m/nofp\libg.a
LOAD C:/software/STM32CubeCLT_1.15.1/GNU-tools-for-STM32/bin/../lib/gcc/arm-none-eabi/12.3.1/../../../../arm-none-eabi/lib/thumb/v7-m/nofp\libc.a
END GROUP
LOAD C:/software/STM32CubeCLT_1.15.1/GNU-tools-for-STM32/bin/../lib/gcc/arm-none-eabi/12.3.1/thumb/v7-m/nofp/crtend.o
LOAD C:/software/STM32CubeCLT_1.15.1/GNU-tools-for-STM32/bin/../lib/gcc/arm-none-eabi/12.3.1/thumb/v7-m/nofp/crtn.o
                0x2000c000                        _estack = (ORIGIN (RAM) + LENGTH (RAM))
                0x00000200                        _Min_Heap_Size = 0x200
                0x00000400                        _Min_Stack_Size = 0x400

.isr_vector     0x08000000      0x1e4
                0x08000000                        . = ALIGN (0x4)
 *(.isr_vector)
 .isr_vector    0x08000000      0x1e4 CMakeFiles/RoboticStm32.elf.dir/Core/Startup/startup_stm32f103rctx.s.obj
                0x08000000                g_pfnVectors
                0x080001e4                        . = ALIGN (0x4)

.text           0x080001f0     0xac30
                0x080001f0                        . = ALIGN (0x4)
 *(.text)
 .text          0x080001f0       0x40 C:/software/STM32CubeCLT_1.15.1/GNU-tools-for-STM32/bin/../lib/gcc/arm-none-eabi/12.3.1/thumb/v7-m/nofp/crtbegin.o
 .text          0x08000230      0x378 C:/software/STM32CubeCLT_1.15.1/GNU-tools-for-STM32/bin/../lib/gcc/arm-none-eabi/12.3.1/thumb/v7-m/nofp\libgcc.a(_arm_addsubdf3.o)
                0x08000230                __aeabi_drsub
                0x08000238                __aeabi_dsub
                0x08000238                __subdf3
                0x0800023c                __aeabi_dadd
                0x0800023c                __adddf3
                0x080004b4                __floatunsidf
                0x080004b4                __aeabi_ui2d
                0x080004d4                __floatsidf
                0x080004d4                __aeabi_i2d
                0x080004f8                __aeabi_f2d
                0x080004f8                __extendsfdf2
                0x0800053c                __floatundidf
                0x0800053c                __aeabi_ul2d
                0x0800054c                __floatdidf
                0x0800054c                __aeabi_l2d
 .text          0x080005a8      0x424 C:/software/STM32CubeCLT_1.15.1/GNU-tools-for-STM32/bin/../lib/gcc/arm-none-eabi/12.3.1/thumb/v7-m/nofp\libgcc.a(_arm_muldivdf3.o)
                0x080005a8                __aeabi_dmul
                0x080005a8                __muldf3
                0x080007fc                __divdf3
                0x080007fc                __aeabi_ddiv
 .text          0x080009cc       0x40 C:/software/STM32CubeCLT_1.15.1/GNU-tools-for-STM32/bin/../lib/gcc/arm-none-eabi/12.3.1/thumb/v7-m/nofp\libgcc.a(_arm_fixunsdfsi.o)
                0x080009cc                __aeabi_d2uiz
                0x080009cc                __fixunsdfsi
 .text          0x08000a0c       0x30 C:/software/STM32CubeCLT_1.15.1/GNU-tools-for-STM32/bin/../lib/gcc/arm-none-eabi/12.3.1/thumb/v7-m/nofp\libgcc.a(_aeabi_uldivmod.o)
                0x08000a0c                __aeabi_uldivmod
 .text          0x08000a3c      0x2b8 C:/software/STM32CubeCLT_1.15.1/GNU-tools-for-STM32/bin/../lib/gcc/arm-none-eabi/12.3.1/thumb/v7-m/nofp\libgcc.a(_udivmoddi4.o)
                0x08000a3c                __udivmoddi4
 .text          0x08000cf4        0x4 C:/software/STM32CubeCLT_1.15.1/GNU-tools-for-STM32/bin/../lib/gcc/arm-none-eabi/12.3.1/thumb/v7-m/nofp\libgcc.a(_dvmd_tls.o)
                0x08000cf4                __aeabi_idiv0
                0x08000cf4                __aeabi_ldiv0
 .text          0x08000cf8       0x10 C:/software/STM32CubeCLT_1.15.1/GNU-tools-for-STM32/bin/../lib/gcc/arm-none-eabi/12.3.1/../../../../arm-none-eabi/lib/thumb/v7-m/nofp\libg.a(libc_a-strlen.o)
                0x08000cf8                strlen
 .text          0x08000d08      0x110 C:/software/STM32CubeCLT_1.15.1/GNU-tools-for-STM32/bin/../lib/gcc/arm-none-eabi/12.3.1/thumb/v7-m/nofp\libgcc.a(_arm_cmpdf2.o)
                0x08000d08                __gtdf2
                0x08000d08                __gedf2
                0x08000d10                __ltdf2
                0x08000d10                __ledf2
                0x08000d18                __nedf2
                0x08000d18                __eqdf2
                0x08000d18                __cmpdf2
                0x08000d94                __aeabi_cdrcmple
                0x08000da4                __aeabi_cdcmpeq
                0x08000da4                __aeabi_cdcmple
                0x08000db4                __aeabi_dcmpeq
                0x08000dc8                __aeabi_dcmplt
                0x08000ddc                __aeabi_dcmple
                0x08000df0                __aeabi_dcmpge
                0x08000e04                __aeabi_dcmpgt
 .text          0x08000e18       0x2c C:/software/STM32CubeCLT_1.15.1/GNU-tools-for-STM32/bin/../lib/gcc/arm-none-eabi/12.3.1/thumb/v7-m/nofp\libgcc.a(_arm_unorddf2.o)
                0x08000e18                __unorddf2
                0x08000e18                __aeabi_dcmpun
 .text          0x08000e44       0x50 C:/software/STM32CubeCLT_1.15.1/GNU-tools-for-STM32/bin/../lib/gcc/arm-none-eabi/12.3.1/thumb/v7-m/nofp\libgcc.a(_arm_fixdfsi.o)
                0x08000e44                __aeabi_d2iz
                0x08000e44                __fixdfsi
 *(.text*)
 .text.ADC_Voltage_Init
                0x08000e94       0x24 CMakeFiles/RoboticStm32.elf.dir/Bsp/adc/voltage.c.obj
                0x08000e94                ADC_Voltage_Init
 .text.ADC_Voltage_Analog
                0x08000eb8       0x10 CMakeFiles/RoboticStm32.elf.dir/Bsp/adc/voltage.c.obj
                0x08000eb8                ADC_Voltage_Analog
 .text.ADC_Voltage_Actual
                0x08000ec8       0x58 CMakeFiles/RoboticStm32.elf.dir/Bsp/adc/voltage.c.obj
                0x08000ec8                ADC_Voltage_Actual
 .text.OLED_ShowVoltage
                0x08000f20       0x94 CMakeFiles/RoboticStm32.elf.dir/Bsp/adc/voltage.c.obj
                0x08000f20                OLED_ShowVoltage
 .text.ADC_Voltage_Oled
                0x08000fb4       0x22 CMakeFiles/RoboticStm32.elf.dir/Bsp/adc/voltage.c.obj
                0x08000fb4                ADC_Voltage_Oled
 .text.ICM20948_WriteByte
                0x08000fd6       0x30 CMakeFiles/RoboticStm32.elf.dir/Bsp/imu/icm20948.c.obj
 .text.ICM20948_SelectBank
                0x08001006       0x4a CMakeFiles/RoboticStm32.elf.dir/Bsp/imu/icm20948.c.obj
 .text.ICM20948_ReadByte
                0x08001050       0x42 CMakeFiles/RoboticStm32.elf.dir/Bsp/imu/icm20948.c.obj
 .text.ICM20948_Init
                0x08001092       0x7a CMakeFiles/RoboticStm32.elf.dir/Bsp/imu/icm20948.c.obj
                0x08001092                ICM20948_Init
 .text.ICM20948_ReadData
                0x0800110c       0x9c CMakeFiles/RoboticStm32.elf.dir/Bsp/imu/icm20948.c.obj
                0x0800110c                ICM20948_ReadData
 .text.SDA_Write
                0x080011a8       0x18 CMakeFiles/RoboticStm32.elf.dir/Bsp/imu/sw_iic.c.obj
 .text.SCL_Write
                0x080011c0       0x18 CMakeFiles/RoboticStm32.elf.dir/Bsp/imu/sw_iic.c.obj
 .text.SDA_Read
                0x080011d8       0x1c CMakeFiles/RoboticStm32.elf.dir/Bsp/imu/sw_iic.c.obj
 .text.I2C_Start
                0x080011f4       0x1c CMakeFiles/RoboticStm32.elf.dir/Bsp/imu/sw_iic.c.obj
                0x080011f4                I2C_Start
 .text.I2C_Stop
                0x08001210       0x16 CMakeFiles/RoboticStm32.elf.dir/Bsp/imu/sw_iic.c.obj
                0x08001210                I2C_Stop
 .text.I2C_WriteByte
                0x08001226       0x28 CMakeFiles/RoboticStm32.elf.dir/Bsp/imu/sw_iic.c.obj
                0x08001226                I2C_WriteByte
 .text.I2C_ReadByte
                0x0800124e       0x38 CMakeFiles/RoboticStm32.elf.dir/Bsp/imu/sw_iic.c.obj
                0x0800124e                I2C_ReadByte
 .text.I2C_WriteAcK
                0x08001286       0x14 CMakeFiles/RoboticStm32.elf.dir/Bsp/imu/sw_iic.c.obj
                0x08001286                I2C_WriteAcK
 .text.I2C_ReceiveAck
                0x0800129a       0x1e CMakeFiles/RoboticStm32.elf.dir/Bsp/imu/sw_iic.c.obj
                0x0800129a                I2C_ReceiveAck
 .text.OLED_Pow
                0x080012b8       0x16 CMakeFiles/RoboticStm32.elf.dir/Bsp/oled/oled.c.obj
 *fill*         0x080012ce        0x2 
 .text.OLED_Write_cmd
                0x080012d0       0x2c CMakeFiles/RoboticStm32.elf.dir/Bsp/oled/oled.c.obj
                0x080012d0                OLED_Write_cmd
 .text.OLED_Write_data
                0x080012fc       0x2c CMakeFiles/RoboticStm32.elf.dir/Bsp/oled/oled.c.obj
                0x080012fc                OLED_Write_data
 .text.OLED_Set_Position
                0x08001328       0x22 CMakeFiles/RoboticStm32.elf.dir/Bsp/oled/oled.c.obj
                0x08001328                OLED_Set_Position
 *fill*         0x0800134a        0x2 
 .text.OLED_ShowChar
                0x0800134c       0x90 CMakeFiles/RoboticStm32.elf.dir/Bsp/oled/oled.c.obj
                0x0800134c                OLED_ShowChar
 .text.OLED_ShowNum
                0x080013dc       0x90 CMakeFiles/RoboticStm32.elf.dir/Bsp/oled/oled.c.obj
                0x080013dc                OLED_ShowNum
 .text.OLED_ShowStr
                0x0800146c       0x36 CMakeFiles/RoboticStm32.elf.dir/Bsp/oled/oled.c.obj
                0x0800146c                OLED_ShowStr
 .text.OLED_Clear
                0x080014a2       0x3a CMakeFiles/RoboticStm32.elf.dir/Bsp/oled/oled.c.obj
                0x080014a2                OLED_Clear
 .text.OLED_Init
                0x080014dc       0x28 CMakeFiles/RoboticStm32.elf.dir/Bsp/oled/oled.c.obj
                0x080014dc                OLED_Init
 .text.UART_SendImuData
                0x08001504       0x58 CMakeFiles/RoboticStm32.elf.dir/Bsp/uart/uart.c.obj
                0x08001504                UART_SendImuData
 .text.MX_ADC1_Init
                0x0800155c       0x5c CMakeFiles/RoboticStm32.elf.dir/Core/Src/adc.c.obj
                0x0800155c                MX_ADC1_Init
 .text.HAL_ADC_MspInit
                0x080015b8       0x60 CMakeFiles/RoboticStm32.elf.dir/Core/Src/adc.c.obj
                0x080015b8                HAL_ADC_MspInit
 .text.StartDefaultTask
                0x08001618        0x8 CMakeFiles/RoboticStm32.elf.dir/Core/Src/freertos.c.obj
                0x08001618                StartDefaultTask
 .text.IMU_Task
                0x08001620       0x28 CMakeFiles/RoboticStm32.elf.dir/Core/Src/freertos.c.obj
                0x08001620                IMU_Task
 .text.RTOS_Init
                0x08001648        0xc CMakeFiles/RoboticStm32.elf.dir/Core/Src/freertos.c.obj
                0x08001648                RTOS_Init
 .text.MX_FREERTOS_Init
                0x08001654       0x44 CMakeFiles/RoboticStm32.elf.dir/Core/Src/freertos.c.obj
                0x08001654                MX_FREERTOS_Init
 .text.MX_GPIO_Init
                0x08001698      0x110 CMakeFiles/RoboticStm32.elf.dir/Core/Src/gpio.c.obj
                0x08001698                MX_GPIO_Init
 .text.MX_I2C2_Init
                0x080017a8       0x3c CMakeFiles/RoboticStm32.elf.dir/Core/Src/i2c.c.obj
                0x080017a8                MX_I2C2_Init
 .text.HAL_I2C_MspInit
                0x080017e4       0x64 CMakeFiles/RoboticStm32.elf.dir/Core/Src/i2c.c.obj
                0x080017e4                HAL_I2C_MspInit
 .text.HAL_TIM_PeriodElapsedCallback
                0x08001848       0x18 CMakeFiles/RoboticStm32.elf.dir/Core/Src/main.c.obj
                0x08001848                HAL_TIM_PeriodElapsedCallback
 .text.Error_Handler
                0x08001860        0x4 CMakeFiles/RoboticStm32.elf.dir/Core/Src/main.c.obj
                0x08001860                Error_Handler
 .text.SystemClock_Config
                0x08001864       0x86 CMakeFiles/RoboticStm32.elf.dir/Core/Src/main.c.obj
                0x08001864                SystemClock_Config
 .text.main     0x080018ea       0x44 CMakeFiles/RoboticStm32.elf.dir/Core/Src/main.c.obj
                0x080018ea                main
 *fill*         0x0800192e        0x2 
 .text.HAL_MspInit
                0x08001930       0x54 CMakeFiles/RoboticStm32.elf.dir/Core/Src/stm32f1xx_hal_msp.c.obj
                0x08001930                HAL_MspInit
 .text.HAL_InitTick
                0x08001984       0xa0 CMakeFiles/RoboticStm32.elf.dir/Core/Src/stm32f1xx_hal_timebase_tim.c.obj
                0x08001984                HAL_InitTick
 .text.NMI_Handler
                0x08001a24        0x2 CMakeFiles/RoboticStm32.elf.dir/Core/Src/stm32f1xx_it.c.obj
                0x08001a24                NMI_Handler
 .text.HardFault_Handler
                0x08001a26        0x2 CMakeFiles/RoboticStm32.elf.dir/Core/Src/stm32f1xx_it.c.obj
                0x08001a26                HardFault_Handler
 .text.MemManage_Handler
                0x08001a28        0x2 CMakeFiles/RoboticStm32.elf.dir/Core/Src/stm32f1xx_it.c.obj
                0x08001a28                MemManage_Handler
 .text.BusFault_Handler
                0x08001a2a        0x2 CMakeFiles/RoboticStm32.elf.dir/Core/Src/stm32f1xx_it.c.obj
                0x08001a2a                BusFault_Handler
 .text.UsageFault_Handler
                0x08001a2c        0x2 CMakeFiles/RoboticStm32.elf.dir/Core/Src/stm32f1xx_it.c.obj
                0x08001a2c                UsageFault_Handler
 .text.DebugMon_Handler
                0x08001a2e        0x2 CMakeFiles/RoboticStm32.elf.dir/Core/Src/stm32f1xx_it.c.obj
                0x08001a2e                DebugMon_Handler
 .text.TIM6_IRQHandler
                0x08001a30       0x10 CMakeFiles/RoboticStm32.elf.dir/Core/Src/stm32f1xx_it.c.obj
                0x08001a30                TIM6_IRQHandler
 .text.TIM7_IRQHandler
                0x08001a40       0x10 CMakeFiles/RoboticStm32.elf.dir/Core/Src/stm32f1xx_it.c.obj
                0x08001a40                TIM7_IRQHandler
 .text._getpid  0x08001a50        0x4 CMakeFiles/RoboticStm32.elf.dir/Core/Src/syscalls.c.obj
                0x08001a50                _getpid
 .text._kill    0x08001a54       0x10 CMakeFiles/RoboticStm32.elf.dir/Core/Src/syscalls.c.obj
                0x08001a54                _kill
 .text._exit    0x08001a64        0xc CMakeFiles/RoboticStm32.elf.dir/Core/Src/syscalls.c.obj
                0x08001a64                _exit
 .text._read    0x08001a70       0x20 CMakeFiles/RoboticStm32.elf.dir/Core/Src/syscalls.c.obj
                0x08001a70                _read
 .text._write   0x08001a90       0x1c CMakeFiles/RoboticStm32.elf.dir/Core/Src/syscalls.c.obj
                0x08001a90                _write
 .text._close   0x08001aac        0x6 CMakeFiles/RoboticStm32.elf.dir/Core/Src/syscalls.c.obj
                0x08001aac                _close
 .text._fstat   0x08001ab2        0xa CMakeFiles/RoboticStm32.elf.dir/Core/Src/syscalls.c.obj
                0x08001ab2                _fstat
 .text._isatty  0x08001abc        0x4 CMakeFiles/RoboticStm32.elf.dir/Core/Src/syscalls.c.obj
                0x08001abc                _isatty
 .text._lseek   0x08001ac0        0x4 CMakeFiles/RoboticStm32.elf.dir/Core/Src/syscalls.c.obj
                0x08001ac0                _lseek
 .text._sbrk    0x08001ac4       0x48 CMakeFiles/RoboticStm32.elf.dir/Core/Src/sysmem.c.obj
                0x08001ac4                _sbrk
 .text.SystemInit
                0x08001b0c        0x2 CMakeFiles/RoboticStm32.elf.dir/Core/Src/system_stm32f1xx.c.obj
                0x08001b0c                SystemInit
 *fill*         0x08001b0e        0x2 
 .text.MX_TIM2_Init
                0x08001b10       0x68 CMakeFiles/RoboticStm32.elf.dir/Core/Src/tim.c.obj
                0x08001b10                MX_TIM2_Init
 .text.MX_TIM3_Init
                0x08001b78       0x6c CMakeFiles/RoboticStm32.elf.dir/Core/Src/tim.c.obj
                0x08001b78                MX_TIM3_Init
 .text.MX_TIM4_Init
                0x08001be4       0x6c CMakeFiles/RoboticStm32.elf.dir/Core/Src/tim.c.obj
                0x08001be4                MX_TIM4_Init
 .text.MX_TIM5_Init
                0x08001c50       0x6c CMakeFiles/RoboticStm32.elf.dir/Core/Src/tim.c.obj
                0x08001c50                MX_TIM5_Init
 .text.MX_TIM7_Init
                0x08001cbc       0x50 CMakeFiles/RoboticStm32.elf.dir/Core/Src/tim.c.obj
                0x08001cbc                MX_TIM7_Init
 .text.HAL_TIM_Base_MspInit
                0x08001d0c       0x80 CMakeFiles/RoboticStm32.elf.dir/Core/Src/tim.c.obj
                0x08001d0c                HAL_TIM_Base_MspInit
 .text.HAL_TIM_Encoder_MspInit
                0x08001d8c      0x154 CMakeFiles/RoboticStm32.elf.dir/Core/Src/tim.c.obj
                0x08001d8c                HAL_TIM_Encoder_MspInit
 .text.HAL_TIM_MspPostInit
                0x08001ee0       0xc4 CMakeFiles/RoboticStm32.elf.dir/Core/Src/tim.c.obj
                0x08001ee0                HAL_TIM_MspPostInit
 .text.MX_TIM1_Init
                0x08001fa4      0x120 CMakeFiles/RoboticStm32.elf.dir/Core/Src/tim.c.obj
                0x08001fa4                MX_TIM1_Init
 .text.MX_TIM8_Init
                0x080020c4      0x120 CMakeFiles/RoboticStm32.elf.dir/Core/Src/tim.c.obj
                0x080020c4                MX_TIM8_Init
 .text.MX_USART1_UART_Init
                0x080021e4       0x34 CMakeFiles/RoboticStm32.elf.dir/Core/Src/usart.c.obj
                0x080021e4                MX_USART1_UART_Init
 .text.HAL_UART_MspInit
                0x08002218       0x78 CMakeFiles/RoboticStm32.elf.dir/Core/Src/usart.c.obj
                0x08002218                HAL_UART_MspInit
 .text.Reset_Handler
                0x08002290       0x48 CMakeFiles/RoboticStm32.elf.dir/Core/Startup/startup_stm32f103rctx.s.obj
                0x08002290                Reset_Handler
 .text.Default_Handler
                0x080022d8        0x2 CMakeFiles/RoboticStm32.elf.dir/Core/Startup/startup_stm32f103rctx.s.obj
                0x080022d8                RTC_Alarm_IRQHandler
                0x080022d8                EXTI2_IRQHandler
                0x080022d8                TIM8_TRG_COM_IRQHandler
                0x080022d8                TIM8_CC_IRQHandler
                0x080022d8                TIM1_CC_IRQHandler
                0x080022d8                PVD_IRQHandler
                0x080022d8                SDIO_IRQHandler
                0x080022d8                EXTI3_IRQHandler
                0x080022d8                EXTI0_IRQHandler
                0x080022d8                I2C2_EV_IRQHandler
                0x080022d8                ADC1_2_IRQHandler
                0x080022d8                SPI1_IRQHandler
                0x080022d8                TAMPER_IRQHandler
                0x080022d8                TIM8_UP_IRQHandler
                0x080022d8                DMA2_Channel2_IRQHandler
                0x080022d8                DMA1_Channel4_IRQHandler
                0x080022d8                USART3_IRQHandler
                0x080022d8                RTC_IRQHandler
                0x080022d8                DMA1_Channel7_IRQHandler
                0x080022d8                CAN1_RX1_IRQHandler
                0x080022d8                UART5_IRQHandler
                0x080022d8                ADC3_IRQHandler
                0x080022d8                TIM4_IRQHandler
                0x080022d8                DMA2_Channel1_IRQHandler
                0x080022d8                I2C1_EV_IRQHandler
                0x080022d8                DMA1_Channel6_IRQHandler
                0x080022d8                UART4_IRQHandler
                0x080022d8                TIM3_IRQHandler
                0x080022d8                RCC_IRQHandler
                0x080022d8                TIM1_TRG_COM_IRQHandler
                0x080022d8                DMA1_Channel1_IRQHandler
                0x080022d8                Default_Handler
                0x080022d8                EXTI15_10_IRQHandler
                0x080022d8                TIM5_IRQHandler
                0x080022d8                EXTI9_5_IRQHandler
                0x080022d8                SPI2_IRQHandler
                0x080022d8                DMA1_Channel5_IRQHandler
                0x080022d8                EXTI4_IRQHandler
                0x080022d8                USB_LP_CAN1_RX0_IRQHandler
                0x080022d8                USB_HP_CAN1_TX_IRQHandler
                0x080022d8                DMA1_Channel3_IRQHandler
                0x080022d8                FSMC_IRQHandler
                0x080022d8                TIM1_UP_IRQHandler
                0x080022d8                WWDG_IRQHandler
                0x080022d8                TIM2_IRQHandler
                0x080022d8                TIM1_BRK_IRQHandler
                0x080022d8                EXTI1_IRQHandler
                0x080022d8                DMA2_Channel4_5_IRQHandler
                0x080022d8                USART2_IRQHandler
                0x080022d8                I2C2_ER_IRQHandler
                0x080022d8                DMA1_Channel2_IRQHandler
                0x080022d8                TIM8_BRK_IRQHandler
                0x080022d8                CAN1_SCE_IRQHandler
                0x080022d8                FLASH_IRQHandler
                0x080022d8                USART1_IRQHandler
                0x080022d8                SPI3_IRQHandler
                0x080022d8                I2C1_ER_IRQHandler
                0x080022d8                USBWakeUp_IRQHandler
                0x080022d8                DMA2_Channel3_IRQHandler
 *fill*         0x080022da        0x2 
 .text.HAL_Init
                0x080022dc       0x24 CMakeFiles/RoboticStm32.elf.dir/Drivers/STM32F1xx_HAL_Driver/Src/stm32f1xx_hal.c.obj
                0x080022dc                HAL_Init
 .text.HAL_IncTick
                0x08002300       0x18 CMakeFiles/RoboticStm32.elf.dir/Drivers/STM32F1xx_HAL_Driver/Src/stm32f1xx_hal.c.obj
                0x08002300                HAL_IncTick
 .text.HAL_GetTick
                0x08002318        0xc CMakeFiles/RoboticStm32.elf.dir/Drivers/STM32F1xx_HAL_Driver/Src/stm32f1xx_hal.c.obj
                0x08002318                HAL_GetTick
 .text.HAL_ADC_PollForConversion
                0x08002324      0x184 CMakeFiles/RoboticStm32.elf.dir/Drivers/STM32F1xx_HAL_Driver/Src/stm32f1xx_hal_adc.c.obj
                0x08002324                HAL_ADC_PollForConversion
 .text.HAL_ADC_GetValue
                0x080024a8        0x6 CMakeFiles/RoboticStm32.elf.dir/Drivers/STM32F1xx_HAL_Driver/Src/stm32f1xx_hal_adc.c.obj
                0x080024a8                HAL_ADC_GetValue
 *fill*         0x080024ae        0x2 
 .text.HAL_ADC_ConfigChannel
                0x080024b0      0x140 CMakeFiles/RoboticStm32.elf.dir/Drivers/STM32F1xx_HAL_Driver/Src/stm32f1xx_hal_adc.c.obj
                0x080024b0                HAL_ADC_ConfigChannel
 .text.ADC_Enable
                0x080025f0       0x88 CMakeFiles/RoboticStm32.elf.dir/Drivers/STM32F1xx_HAL_Driver/Src/stm32f1xx_hal_adc.c.obj
                0x080025f0                ADC_Enable
 .text.HAL_ADC_Start
                0x08002678       0xe8 CMakeFiles/RoboticStm32.elf.dir/Drivers/STM32F1xx_HAL_Driver/Src/stm32f1xx_hal_adc.c.obj
                0x08002678                HAL_ADC_Start
 .text.ADC_ConversionStop_Disable
                0x08002760       0x56 CMakeFiles/RoboticStm32.elf.dir/Drivers/STM32F1xx_HAL_Driver/Src/stm32f1xx_hal_adc.c.obj
                0x08002760                ADC_ConversionStop_Disable
 *fill*         0x080027b6        0x2 
 .text.HAL_ADC_Init
                0x080027b8      0x128 CMakeFiles/RoboticStm32.elf.dir/Drivers/STM32F1xx_HAL_Driver/Src/stm32f1xx_hal_adc.c.obj
                0x080027b8                HAL_ADC_Init
 .text.HAL_ADCEx_Calibration_Start
                0x080028e0      0x100 CMakeFiles/RoboticStm32.elf.dir/Drivers/STM32F1xx_HAL_Driver/Src/stm32f1xx_hal_adc_ex.c.obj
                0x080028e0                HAL_ADCEx_Calibration_Start
 .text.__NVIC_SetPriority
                0x080029e0       0x28 CMakeFiles/RoboticStm32.elf.dir/Drivers/STM32F1xx_HAL_Driver/Src/stm32f1xx_hal_cortex.c.obj
 .text.NVIC_EncodePriority
                0x08002a08       0x3e CMakeFiles/RoboticStm32.elf.dir/Drivers/STM32F1xx_HAL_Driver/Src/stm32f1xx_hal_cortex.c.obj
 *fill*         0x08002a46        0x2 
 .text.HAL_NVIC_SetPriorityGrouping
                0x08002a48       0x24 CMakeFiles/RoboticStm32.elf.dir/Drivers/STM32F1xx_HAL_Driver/Src/stm32f1xx_hal_cortex.c.obj
                0x08002a48                HAL_NVIC_SetPriorityGrouping
 .text.HAL_NVIC_SetPriority
                0x08002a6c       0x20 CMakeFiles/RoboticStm32.elf.dir/Drivers/STM32F1xx_HAL_Driver/Src/stm32f1xx_hal_cortex.c.obj
                0x08002a6c                HAL_NVIC_SetPriority
 .text.HAL_NVIC_EnableIRQ
                0x08002a8c       0x1c CMakeFiles/RoboticStm32.elf.dir/Drivers/STM32F1xx_HAL_Driver/Src/stm32f1xx_hal_cortex.c.obj
                0x08002a8c                HAL_NVIC_EnableIRQ
 .text.HAL_GPIO_Init
                0x08002aa8      0x238 CMakeFiles/RoboticStm32.elf.dir/Drivers/STM32F1xx_HAL_Driver/Src/stm32f1xx_hal_gpio.c.obj
                0x08002aa8                HAL_GPIO_Init
 .text.HAL_GPIO_ReadPin
                0x08002ce0        0xe CMakeFiles/RoboticStm32.elf.dir/Drivers/STM32F1xx_HAL_Driver/Src/stm32f1xx_hal_gpio.c.obj
                0x08002ce0                HAL_GPIO_ReadPin
 .text.HAL_GPIO_WritePin
                0x08002cee        0xc CMakeFiles/RoboticStm32.elf.dir/Drivers/STM32F1xx_HAL_Driver/Src/stm32f1xx_hal_gpio.c.obj
                0x08002cee                HAL_GPIO_WritePin
 .text.I2C_IsAcknowledgeFailed
                0x08002cfa       0x32 CMakeFiles/RoboticStm32.elf.dir/Drivers/STM32F1xx_HAL_Driver/Src/stm32f1xx_hal_i2c.c.obj
 .text.I2C_WaitOnFlagUntilTimeout
                0x08002d2c       0xaa CMakeFiles/RoboticStm32.elf.dir/Drivers/STM32F1xx_HAL_Driver/Src/stm32f1xx_hal_i2c.c.obj
 .text.I2C_WaitOnMasterAddressFlagUntilTimeout
                0x08002dd6       0xd6 CMakeFiles/RoboticStm32.elf.dir/Drivers/STM32F1xx_HAL_Driver/Src/stm32f1xx_hal_i2c.c.obj
 .text.I2C_WaitOnTXEFlagUntilTimeout
                0x08002eac       0x5e CMakeFiles/RoboticStm32.elf.dir/Drivers/STM32F1xx_HAL_Driver/Src/stm32f1xx_hal_i2c.c.obj
 *fill*         0x08002f0a        0x2 
 .text.I2C_RequestMemoryWrite
                0x08002f0c       0xd8 CMakeFiles/RoboticStm32.elf.dir/Drivers/STM32F1xx_HAL_Driver/Src/stm32f1xx_hal_i2c.c.obj
 .text.I2C_WaitOnBTFFlagUntilTimeout
                0x08002fe4       0x5e CMakeFiles/RoboticStm32.elf.dir/Drivers/STM32F1xx_HAL_Driver/Src/stm32f1xx_hal_i2c.c.obj
 *fill*         0x08003042        0x2 
 .text.HAL_I2C_Init
                0x08003044      0x1bc CMakeFiles/RoboticStm32.elf.dir/Drivers/STM32F1xx_HAL_Driver/Src/stm32f1xx_hal_i2c.c.obj
                0x08003044                HAL_I2C_Init
 .text.HAL_I2C_Mem_Write
                0x08003200      0x164 CMakeFiles/RoboticStm32.elf.dir/Drivers/STM32F1xx_HAL_Driver/Src/stm32f1xx_hal_i2c.c.obj
                0x08003200                HAL_I2C_Mem_Write
 .text.RCC_Delay
                0x08003364       0x2c CMakeFiles/RoboticStm32.elf.dir/Drivers/STM32F1xx_HAL_Driver/Src/stm32f1xx_hal_rcc.c.obj
 .text.HAL_RCC_OscConfig
                0x08003390      0x410 CMakeFiles/RoboticStm32.elf.dir/Drivers/STM32F1xx_HAL_Driver/Src/stm32f1xx_hal_rcc.c.obj
                0x08003390                HAL_RCC_OscConfig
 .text.HAL_RCC_GetSysClockFreq
                0x080037a0       0x54 CMakeFiles/RoboticStm32.elf.dir/Drivers/STM32F1xx_HAL_Driver/Src/stm32f1xx_hal_rcc.c.obj
                0x080037a0                HAL_RCC_GetSysClockFreq
 .text.HAL_RCC_ClockConfig
                0x080037f4      0x16c CMakeFiles/RoboticStm32.elf.dir/Drivers/STM32F1xx_HAL_Driver/Src/stm32f1xx_hal_rcc.c.obj
                0x080037f4                HAL_RCC_ClockConfig
 .text.HAL_RCC_GetHCLKFreq
                0x08003960        0xc CMakeFiles/RoboticStm32.elf.dir/Drivers/STM32F1xx_HAL_Driver/Src/stm32f1xx_hal_rcc.c.obj
                0x08003960                HAL_RCC_GetHCLKFreq
 .text.HAL_RCC_GetPCLK1Freq
                0x0800396c       0x20 CMakeFiles/RoboticStm32.elf.dir/Drivers/STM32F1xx_HAL_Driver/Src/stm32f1xx_hal_rcc.c.obj
                0x0800396c                HAL_RCC_GetPCLK1Freq
 .text.HAL_RCC_GetPCLK2Freq
                0x0800398c       0x20 CMakeFiles/RoboticStm32.elf.dir/Drivers/STM32F1xx_HAL_Driver/Src/stm32f1xx_hal_rcc.c.obj
                0x0800398c                HAL_RCC_GetPCLK2Freq
 .text.HAL_RCC_GetClockConfig
                0x080039ac       0x3c CMakeFiles/RoboticStm32.elf.dir/Drivers/STM32F1xx_HAL_Driver/Src/stm32f1xx_hal_rcc.c.obj
                0x080039ac                HAL_RCC_GetClockConfig
 .text.HAL_RCCEx_PeriphCLKConfig
                0x080039e8      0x118 CMakeFiles/RoboticStm32.elf.dir/Drivers/STM32F1xx_HAL_Driver/Src/stm32f1xx_hal_rcc_ex.c.obj
                0x080039e8                HAL_RCCEx_PeriphCLKConfig
 .text.HAL_RCCEx_GetPeriphCLKFreq
                0x08003b00       0xf4 CMakeFiles/RoboticStm32.elf.dir/Drivers/STM32F1xx_HAL_Driver/Src/stm32f1xx_hal_rcc_ex.c.obj
                0x08003b00                HAL_RCCEx_GetPeriphCLKFreq
 .text.TIM_OC1_SetConfig
                0x08003bf4       0x70 CMakeFiles/RoboticStm32.elf.dir/Drivers/STM32F1xx_HAL_Driver/Src/stm32f1xx_hal_tim.c.obj
 .text.TIM_OC3_SetConfig
                0x08003c64       0x70 CMakeFiles/RoboticStm32.elf.dir/Drivers/STM32F1xx_HAL_Driver/Src/stm32f1xx_hal_tim.c.obj
 .text.TIM_OC4_SetConfig
                0x08003cd4       0x50 CMakeFiles/RoboticStm32.elf.dir/Drivers/STM32F1xx_HAL_Driver/Src/stm32f1xx_hal_tim.c.obj
 .text.TIM_TI1_ConfigInputStage
                0x08003d24       0x24 CMakeFiles/RoboticStm32.elf.dir/Drivers/STM32F1xx_HAL_Driver/Src/stm32f1xx_hal_tim.c.obj
 .text.TIM_TI2_ConfigInputStage
                0x08003d48       0x26 CMakeFiles/RoboticStm32.elf.dir/Drivers/STM32F1xx_HAL_Driver/Src/stm32f1xx_hal_tim.c.obj
 .text.TIM_ITRx_SetConfig
                0x08003d6e       0x10 CMakeFiles/RoboticStm32.elf.dir/Drivers/STM32F1xx_HAL_Driver/Src/stm32f1xx_hal_tim.c.obj
 *fill*         0x08003d7e        0x2 
 .text.HAL_TIM_Base_Start_IT
                0x08003d80       0x78 CMakeFiles/RoboticStm32.elf.dir/Drivers/STM32F1xx_HAL_Driver/Src/stm32f1xx_hal_tim.c.obj
                0x08003d80                HAL_TIM_Base_Start_IT
 .text.HAL_TIM_PWM_MspInit
                0x08003df8        0x2 CMakeFiles/RoboticStm32.elf.dir/Drivers/STM32F1xx_HAL_Driver/Src/stm32f1xx_hal_tim.c.obj
                0x08003df8                HAL_TIM_PWM_MspInit
 .text.HAL_TIM_OC_DelayElapsedCallback
                0x08003dfa        0x2 CMakeFiles/RoboticStm32.elf.dir/Drivers/STM32F1xx_HAL_Driver/Src/stm32f1xx_hal_tim.c.obj
                0x08003dfa                HAL_TIM_OC_DelayElapsedCallback
 .text.HAL_TIM_IC_CaptureCallback
                0x08003dfc        0x2 CMakeFiles/RoboticStm32.elf.dir/Drivers/STM32F1xx_HAL_Driver/Src/stm32f1xx_hal_tim.c.obj
                0x08003dfc                HAL_TIM_IC_CaptureCallback
 .text.HAL_TIM_PWM_PulseFinishedCallback
                0x08003dfe        0x2 CMakeFiles/RoboticStm32.elf.dir/Drivers/STM32F1xx_HAL_Driver/Src/stm32f1xx_hal_tim.c.obj
                0x08003dfe                HAL_TIM_PWM_PulseFinishedCallback
 .text.HAL_TIM_TriggerCallback
                0x08003e00        0x2 CMakeFiles/RoboticStm32.elf.dir/Drivers/STM32F1xx_HAL_Driver/Src/stm32f1xx_hal_tim.c.obj
                0x08003e00                HAL_TIM_TriggerCallback
 .text.HAL_TIM_IRQHandler
                0x08003e02      0x17a CMakeFiles/RoboticStm32.elf.dir/Drivers/STM32F1xx_HAL_Driver/Src/stm32f1xx_hal_tim.c.obj
                0x08003e02                HAL_TIM_IRQHandler
 .text.TIM_Base_SetConfig
                0x08003f7c       0x98 CMakeFiles/RoboticStm32.elf.dir/Drivers/STM32F1xx_HAL_Driver/Src/stm32f1xx_hal_tim.c.obj
                0x08003f7c                TIM_Base_SetConfig
 .text.HAL_TIM_Base_Init
                0x08004014       0x58 CMakeFiles/RoboticStm32.elf.dir/Drivers/STM32F1xx_HAL_Driver/Src/stm32f1xx_hal_tim.c.obj
                0x08004014                HAL_TIM_Base_Init
 .text.HAL_TIM_PWM_Init
                0x0800406c       0x58 CMakeFiles/RoboticStm32.elf.dir/Drivers/STM32F1xx_HAL_Driver/Src/stm32f1xx_hal_tim.c.obj
                0x0800406c                HAL_TIM_PWM_Init
 .text.HAL_TIM_Encoder_Init
                0x080040c4       0xb6 CMakeFiles/RoboticStm32.elf.dir/Drivers/STM32F1xx_HAL_Driver/Src/stm32f1xx_hal_tim.c.obj
                0x080040c4                HAL_TIM_Encoder_Init
 *fill*         0x0800417a        0x2 
 .text.TIM_OC2_SetConfig
                0x0800417c       0x70 CMakeFiles/RoboticStm32.elf.dir/Drivers/STM32F1xx_HAL_Driver/Src/stm32f1xx_hal_tim.c.obj
                0x0800417c                TIM_OC2_SetConfig
 .text.HAL_TIM_PWM_ConfigChannel
                0x080041ec       0xdc CMakeFiles/RoboticStm32.elf.dir/Drivers/STM32F1xx_HAL_Driver/Src/stm32f1xx_hal_tim.c.obj
                0x080041ec                HAL_TIM_PWM_ConfigChannel
 .text.TIM_ETR_SetConfig
                0x080042c8       0x18 CMakeFiles/RoboticStm32.elf.dir/Drivers/STM32F1xx_HAL_Driver/Src/stm32f1xx_hal_tim.c.obj
                0x080042c8                TIM_ETR_SetConfig
 .text.HAL_TIM_ConfigClockSource
                0x080042e0       0xfe CMakeFiles/RoboticStm32.elf.dir/Drivers/STM32F1xx_HAL_Driver/Src/stm32f1xx_hal_tim.c.obj
                0x080042e0                HAL_TIM_ConfigClockSource
 *fill*         0x080043de        0x2 
 .text.HAL_TIMEx_MasterConfigSynchronization
                0x080043e0       0x7c CMakeFiles/RoboticStm32.elf.dir/Drivers/STM32F1xx_HAL_Driver/Src/stm32f1xx_hal_tim_ex.c.obj
                0x080043e0                HAL_TIMEx_MasterConfigSynchronization
 .text.HAL_TIMEx_ConfigBreakDeadTime
                0x0800445c       0x52 CMakeFiles/RoboticStm32.elf.dir/Drivers/STM32F1xx_HAL_Driver/Src/stm32f1xx_hal_tim_ex.c.obj
                0x0800445c                HAL_TIMEx_ConfigBreakDeadTime
 .text.HAL_TIMEx_CommutCallback
                0x080044ae        0x2 CMakeFiles/RoboticStm32.elf.dir/Drivers/STM32F1xx_HAL_Driver/Src/stm32f1xx_hal_tim_ex.c.obj
                0x080044ae                HAL_TIMEx_CommutCallback
 .text.HAL_TIMEx_BreakCallback
                0x080044b0        0x2 CMakeFiles/RoboticStm32.elf.dir/Drivers/STM32F1xx_HAL_Driver/Src/stm32f1xx_hal_tim_ex.c.obj
                0x080044b0                HAL_TIMEx_BreakCallback
 *fill*         0x080044b2        0x2 
 .text.UART_SetConfig
                0x080044b4       0x94 CMakeFiles/RoboticStm32.elf.dir/Drivers/STM32F1xx_HAL_Driver/Src/stm32f1xx_hal_uart.c.obj
 .text.UART_WaitOnFlagUntilTimeout
                0x08004548       0x84 CMakeFiles/RoboticStm32.elf.dir/Drivers/STM32F1xx_HAL_Driver/Src/stm32f1xx_hal_uart.c.obj
 .text.HAL_UART_Init
                0x080045cc       0x60 CMakeFiles/RoboticStm32.elf.dir/Drivers/STM32F1xx_HAL_Driver/Src/stm32f1xx_hal_uart.c.obj
                0x080045cc                HAL_UART_Init
 .text.HAL_UART_Transmit
                0x0800462c       0xbe CMakeFiles/RoboticStm32.elf.dir/Drivers/STM32F1xx_HAL_Driver/Src/stm32f1xx_hal_uart.c.obj
                0x0800462c                HAL_UART_Transmit
 *fill*         0x080046ea        0x2 
 .text.osKernelInitialize
                0x080046ec       0x44 CMakeFiles/RoboticStm32.elf.dir/Middlewares/Third_Party/FreeRTOS/Source/CMSIS_RTOS_V2/cmsis_os2.c.obj
                0x080046ec                osKernelInitialize
 .text.osKernelStart
                0x08004730       0x4c CMakeFiles/RoboticStm32.elf.dir/Middlewares/Third_Party/FreeRTOS/Source/CMSIS_RTOS_V2/cmsis_os2.c.obj
                0x08004730                osKernelStart
 .text.osThreadNew
                0x0800477c       0xf0 CMakeFiles/RoboticStm32.elf.dir/Middlewares/Third_Party/FreeRTOS/Source/CMSIS_RTOS_V2/cmsis_os2.c.obj
                0x0800477c                osThreadNew
 .text.vApplicationGetIdleTaskMemory
                0x0800486c       0x18 CMakeFiles/RoboticStm32.elf.dir/Middlewares/Third_Party/FreeRTOS/Source/CMSIS_RTOS_V2/cmsis_os2.c.obj
                0x0800486c                vApplicationGetIdleTaskMemory
 .text.vApplicationGetTimerTaskMemory
                0x08004884       0x18 CMakeFiles/RoboticStm32.elf.dir/Middlewares/Third_Party/FreeRTOS/Source/CMSIS_RTOS_V2/cmsis_os2.c.obj
                0x08004884                vApplicationGetTimerTaskMemory
 .text.vListInitialise
                0x0800489c       0x16 CMakeFiles/RoboticStm32.elf.dir/Middlewares/Third_Party/FreeRTOS/Source/list.c.obj
                0x0800489c                vListInitialise
 .text.vListInitialiseItem
                0x080048b2        0x6 CMakeFiles/RoboticStm32.elf.dir/Middlewares/Third_Party/FreeRTOS/Source/list.c.obj
                0x080048b2                vListInitialiseItem
 .text.vListInsertEnd
                0x080048b8       0x16 CMakeFiles/RoboticStm32.elf.dir/Middlewares/Third_Party/FreeRTOS/Source/list.c.obj
                0x080048b8                vListInsertEnd
 .text.vListInsert
                0x080048ce       0x32 CMakeFiles/RoboticStm32.elf.dir/Middlewares/Third_Party/FreeRTOS/Source/list.c.obj
                0x080048ce                vListInsert
 .text.uxListRemove
                0x08004900       0x26 CMakeFiles/RoboticStm32.elf.dir/Middlewares/Third_Party/FreeRTOS/Source/list.c.obj
                0x08004900                uxListRemove
 *fill*         0x08004926        0x2 
 .text.prvTaskExitError
                0x08004928       0x40 CMakeFiles/RoboticStm32.elf.dir/Middlewares/Third_Party/FreeRTOS/Source/portable/GCC/ARM_CM3/port.c.obj
 .text.prvPortStartFirstTask
                0x08004968       0x20 CMakeFiles/RoboticStm32.elf.dir/Middlewares/Third_Party/FreeRTOS/Source/portable/GCC/ARM_CM3/port.c.obj
 .text.pxPortInitialiseStack
                0x08004988       0x24 CMakeFiles/RoboticStm32.elf.dir/Middlewares/Third_Party/FreeRTOS/Source/portable/GCC/ARM_CM3/port.c.obj
                0x08004988                pxPortInitialiseStack
 *fill*         0x080049ac        0x4 
 .text.SVC_Handler
                0x080049b0       0x24 CMakeFiles/RoboticStm32.elf.dir/Middlewares/Third_Party/FreeRTOS/Source/portable/GCC/ARM_CM3/port.c.obj
                0x080049b0                SVC_Handler
 .text.vPortEnterCritical
                0x080049d4       0x44 CMakeFiles/RoboticStm32.elf.dir/Middlewares/Third_Party/FreeRTOS/Source/portable/GCC/ARM_CM3/port.c.obj
                0x080049d4                vPortEnterCritical
 .text.vPortExitCritical
                0x08004a18       0x2c CMakeFiles/RoboticStm32.elf.dir/Middlewares/Third_Party/FreeRTOS/Source/portable/GCC/ARM_CM3/port.c.obj
                0x08004a18                vPortExitCritical
 *fill*         0x08004a44        0xc 
 .text.PendSV_Handler
                0x08004a50       0x44 CMakeFiles/RoboticStm32.elf.dir/Middlewares/Third_Party/FreeRTOS/Source/portable/GCC/ARM_CM3/port.c.obj
                0x08004a50                PendSV_Handler
 .text.SysTick_Handler
                0x08004a94       0x2c CMakeFiles/RoboticStm32.elf.dir/Middlewares/Third_Party/FreeRTOS/Source/portable/GCC/ARM_CM3/port.c.obj
                0x08004a94                SysTick_Handler
 .text.vPortSetupTimerInterrupt
                0x08004ac0       0x28 CMakeFiles/RoboticStm32.elf.dir/Middlewares/Third_Party/FreeRTOS/Source/portable/GCC/ARM_CM3/port.c.obj
                0x08004ac0                vPortSetupTimerInterrupt
 .text.xPortStartScheduler
                0x08004ae8       0xc0 CMakeFiles/RoboticStm32.elf.dir/Middlewares/Third_Party/FreeRTOS/Source/portable/GCC/ARM_CM3/port.c.obj
                0x08004ae8                xPortStartScheduler
 .text.vPortValidateInterruptPriority
                0x08004ba8       0x5c CMakeFiles/RoboticStm32.elf.dir/Middlewares/Third_Party/FreeRTOS/Source/portable/GCC/ARM_CM3/port.c.obj
                0x08004ba8                vPortValidateInterruptPriority
 .text.prvHeapInit
                0x08004c04       0x68 CMakeFiles/RoboticStm32.elf.dir/Middlewares/Third_Party/FreeRTOS/Source/portable/MemMang/heap_4.c.obj
 .text.prvInsertBlockIntoFreeList
                0x08004c6c       0x60 CMakeFiles/RoboticStm32.elf.dir/Middlewares/Third_Party/FreeRTOS/Source/portable/MemMang/heap_4.c.obj
 .text.pvPortMalloc
                0x08004ccc       0xf8 CMakeFiles/RoboticStm32.elf.dir/Middlewares/Third_Party/FreeRTOS/Source/portable/MemMang/heap_4.c.obj
                0x08004ccc                pvPortMalloc
 .text.vPortFree
                0x08004dc4       0x70 CMakeFiles/RoboticStm32.elf.dir/Middlewares/Third_Party/FreeRTOS/Source/portable/MemMang/heap_4.c.obj
                0x08004dc4                vPortFree
 .text.prvIsQueueFull
                0x08004e34       0x1e CMakeFiles/RoboticStm32.elf.dir/Middlewares/Third_Party/FreeRTOS/Source/queue.c.obj
 .text.prvIsQueueEmpty
                0x08004e52       0x1a CMakeFiles/RoboticStm32.elf.dir/Middlewares/Third_Party/FreeRTOS/Source/queue.c.obj
 .text.prvCopyDataToQueue
                0x08004e6c       0x76 CMakeFiles/RoboticStm32.elf.dir/Middlewares/Third_Party/FreeRTOS/Source/queue.c.obj
 .text.prvCopyDataFromQueue
                0x08004ee2       0x24 CMakeFiles/RoboticStm32.elf.dir/Middlewares/Third_Party/FreeRTOS/Source/queue.c.obj
 .text.prvUnlockQueue
                0x08004f06       0x6e CMakeFiles/RoboticStm32.elf.dir/Middlewares/Third_Party/FreeRTOS/Source/queue.c.obj
 .text.xQueueGenericReset
                0x08004f74       0x84 CMakeFiles/RoboticStm32.elf.dir/Middlewares/Third_Party/FreeRTOS/Source/queue.c.obj
                0x08004f74                xQueueGenericReset
 .text.prvInitialiseNewQueue
                0x08004ff8       0x22 CMakeFiles/RoboticStm32.elf.dir/Middlewares/Third_Party/FreeRTOS/Source/queue.c.obj
 .text.xQueueGenericCreateStatic
                0x0800501a       0x92 CMakeFiles/RoboticStm32.elf.dir/Middlewares/Third_Party/FreeRTOS/Source/queue.c.obj
                0x0800501a                xQueueGenericCreateStatic
 .text.xQueueGenericSend
                0x080050ac      0x188 CMakeFiles/RoboticStm32.elf.dir/Middlewares/Third_Party/FreeRTOS/Source/queue.c.obj
                0x080050ac                xQueueGenericSend
 .text.xQueueGenericSendFromISR
                0x08005234       0xcc CMakeFiles/RoboticStm32.elf.dir/Middlewares/Third_Party/FreeRTOS/Source/queue.c.obj
                0x08005234                xQueueGenericSendFromISR
 .text.xQueueReceive
                0x08005300      0x15e CMakeFiles/RoboticStm32.elf.dir/Middlewares/Third_Party/FreeRTOS/Source/queue.c.obj
                0x08005300                xQueueReceive
 *fill*         0x0800545e        0x2 
 .text.vQueueAddToRegistry
                0x08005460       0x28 CMakeFiles/RoboticStm32.elf.dir/Middlewares/Third_Party/FreeRTOS/Source/queue.c.obj
                0x08005460                vQueueAddToRegistry
 .text.vQueueWaitForMessageRestricted
                0x08005488       0x52 CMakeFiles/RoboticStm32.elf.dir/Middlewares/Third_Party/FreeRTOS/Source/queue.c.obj
                0x08005488                vQueueWaitForMessageRestricted
 *fill*         0x080054da        0x2 
 .text.prvResetNextTaskUnblockTime
                0x080054dc       0x2c CMakeFiles/RoboticStm32.elf.dir/Middlewares/Third_Party/FreeRTOS/Source/tasks.c.obj
 .text.prvInitialiseNewTask
                0x08005508       0xf8 CMakeFiles/RoboticStm32.elf.dir/Middlewares/Third_Party/FreeRTOS/Source/tasks.c.obj
 .text.prvInitialiseTaskLists
                0x08005600       0x68 CMakeFiles/RoboticStm32.elf.dir/Middlewares/Third_Party/FreeRTOS/Source/tasks.c.obj
 .text.prvAddNewTaskToReadyList
                0x08005668       0xac CMakeFiles/RoboticStm32.elf.dir/Middlewares/Third_Party/FreeRTOS/Source/tasks.c.obj
 .text.prvDeleteTCB
                0x08005714       0x40 CMakeFiles/RoboticStm32.elf.dir/Middlewares/Third_Party/FreeRTOS/Source/tasks.c.obj
 .text.prvCheckTasksWaitingTermination
                0x08005754       0x4c CMakeFiles/RoboticStm32.elf.dir/Middlewares/Third_Party/FreeRTOS/Source/tasks.c.obj
 .text.prvIdleTask
                0x080057a0       0x28 CMakeFiles/RoboticStm32.elf.dir/Middlewares/Third_Party/FreeRTOS/Source/tasks.c.obj
 .text.prvAddCurrentTaskToDelayedList
                0x080057c8       0x7c CMakeFiles/RoboticStm32.elf.dir/Middlewares/Third_Party/FreeRTOS/Source/tasks.c.obj
 .text.xTaskCreateStatic
                0x08005844       0x78 CMakeFiles/RoboticStm32.elf.dir/Middlewares/Third_Party/FreeRTOS/Source/tasks.c.obj
                0x08005844                xTaskCreateStatic
 .text.xTaskCreate
                0x080058bc       0x66 CMakeFiles/RoboticStm32.elf.dir/Middlewares/Third_Party/FreeRTOS/Source/tasks.c.obj
                0x080058bc                xTaskCreate
 *fill*         0x08005922        0x2 
 .text.vTaskStartScheduler
                0x08005924       0xac CMakeFiles/RoboticStm32.elf.dir/Middlewares/Third_Party/FreeRTOS/Source/tasks.c.obj
                0x08005924                vTaskStartScheduler
 .text.vTaskSuspendAll
                0x080059d0       0x10 CMakeFiles/RoboticStm32.elf.dir/Middlewares/Third_Party/FreeRTOS/Source/tasks.c.obj
                0x080059d0                vTaskSuspendAll
 .text.xTaskGetTickCount
                0x080059e0        0xc CMakeFiles/RoboticStm32.elf.dir/Middlewares/Third_Party/FreeRTOS/Source/tasks.c.obj
                0x080059e0                xTaskGetTickCount
 .text.xTaskIncrementTick
                0x080059ec      0x118 CMakeFiles/RoboticStm32.elf.dir/Middlewares/Third_Party/FreeRTOS/Source/tasks.c.obj
                0x080059ec                xTaskIncrementTick
 .text.xTaskResumeAll
                0x08005b04       0xf8 CMakeFiles/RoboticStm32.elf.dir/Middlewares/Third_Party/FreeRTOS/Source/tasks.c.obj
                0x08005b04                xTaskResumeAll
 .text.vTaskDelay
                0x08005bfc       0x4c CMakeFiles/RoboticStm32.elf.dir/Middlewares/Third_Party/FreeRTOS/Source/tasks.c.obj
                0x08005bfc                vTaskDelay
 .text.vTaskSwitchContext
                0x08005c48       0xa4 CMakeFiles/RoboticStm32.elf.dir/Middlewares/Third_Party/FreeRTOS/Source/tasks.c.obj
                0x08005c48                vTaskSwitchContext
 .text.vTaskPlaceOnEventList
                0x08005cec       0x30 CMakeFiles/RoboticStm32.elf.dir/Middlewares/Third_Party/FreeRTOS/Source/tasks.c.obj
                0x08005cec                vTaskPlaceOnEventList
 .text.vTaskPlaceOnEventListRestricted
                0x08005d1c       0x38 CMakeFiles/RoboticStm32.elf.dir/Middlewares/Third_Party/FreeRTOS/Source/tasks.c.obj
                0x08005d1c                vTaskPlaceOnEventListRestricted
 .text.xTaskRemoveFromEventList
                0x08005d54       0x8c CMakeFiles/RoboticStm32.elf.dir/Middlewares/Third_Party/FreeRTOS/Source/tasks.c.obj
                0x08005d54                xTaskRemoveFromEventList
 .text.vTaskInternalSetTimeOutState
                0x08005de0       0x18 CMakeFiles/RoboticStm32.elf.dir/Middlewares/Third_Party/FreeRTOS/Source/tasks.c.obj
                0x08005de0                vTaskInternalSetTimeOutState
 .text.xTaskCheckForTimeOut
                0x08005df8       0x84 CMakeFiles/RoboticStm32.elf.dir/Middlewares/Third_Party/FreeRTOS/Source/tasks.c.obj
                0x08005df8                xTaskCheckForTimeOut
 .text.vTaskMissedYield
                0x08005e7c        0xc CMakeFiles/RoboticStm32.elf.dir/Middlewares/Third_Party/FreeRTOS/Source/tasks.c.obj
                0x08005e7c                vTaskMissedYield
 .text.xTaskGetSchedulerState
                0x08005e88       0x20 CMakeFiles/RoboticStm32.elf.dir/Middlewares/Third_Party/FreeRTOS/Source/tasks.c.obj
                0x08005e88                xTaskGetSchedulerState
 .text.xTaskPriorityDisinherit
                0x08005ea8       0x90 CMakeFiles/RoboticStm32.elf.dir/Middlewares/Third_Party/FreeRTOS/Source/tasks.c.obj
                0x08005ea8                xTaskPriorityDisinherit
 .text.prvGetNextExpireTime
                0x08005f38       0x20 CMakeFiles/RoboticStm32.elf.dir/Middlewares/Third_Party/FreeRTOS/Source/timers.c.obj
 .text.prvInsertTimerInActiveList
                0x08005f58       0x48 CMakeFiles/RoboticStm32.elf.dir/Middlewares/Third_Party/FreeRTOS/Source/timers.c.obj
 .text.prvCheckForValidListAndQueue
                0x08005fa0       0x70 CMakeFiles/RoboticStm32.elf.dir/Middlewares/Third_Party/FreeRTOS/Source/timers.c.obj
 .text.xTimerCreateTimerTask
                0x08006010       0x64 CMakeFiles/RoboticStm32.elf.dir/Middlewares/Third_Party/FreeRTOS/Source/timers.c.obj
                0x08006010                xTimerCreateTimerTask
 .text.xTimerGenericCommand
                0x08006074       0x6c CMakeFiles/RoboticStm32.elf.dir/Middlewares/Third_Party/FreeRTOS/Source/timers.c.obj
                0x08006074                xTimerGenericCommand
 .text.prvSwitchTimerLists
                0x080060e0       0x78 CMakeFiles/RoboticStm32.elf.dir/Middlewares/Third_Party/FreeRTOS/Source/timers.c.obj
 .text.prvSampleTimeNow
                0x08006158       0x2c CMakeFiles/RoboticStm32.elf.dir/Middlewares/Third_Party/FreeRTOS/Source/timers.c.obj
 .text.prvProcessExpiredTimer
                0x08006184       0x60 CMakeFiles/RoboticStm32.elf.dir/Middlewares/Third_Party/FreeRTOS/Source/timers.c.obj
 .text.prvProcessTimerOrBlockTask
                0x080061e4       0x70 CMakeFiles/RoboticStm32.elf.dir/Middlewares/Third_Party/FreeRTOS/Source/timers.c.obj
 .text.prvProcessReceivedCommands
                0x08006254       0xf8 CMakeFiles/RoboticStm32.elf.dir/Middlewares/Third_Party/FreeRTOS/Source/timers.c.obj
 .text.prvTimerTask
                0x0800634c       0x16 CMakeFiles/RoboticStm32.elf.dir/Middlewares/Third_Party/FreeRTOS/Source/timers.c.obj
 *fill*         0x08006362        0x2 
 .text.std      0x08006364       0x6c C:/software/STM32CubeCLT_1.15.1/GNU-tools-for-STM32/bin/../lib/gcc/arm-none-eabi/12.3.1/../../../../arm-none-eabi/lib/thumb/v7-m/nofp\libg.a(libc_a-findfp.o)
 .text.stdio_exit_handler
                0x080063d0       0x18 C:/software/STM32CubeCLT_1.15.1/GNU-tools-for-STM32/bin/../lib/gcc/arm-none-eabi/12.3.1/../../../../arm-none-eabi/lib/thumb/v7-m/nofp\libg.a(libc_a-findfp.o)
 .text.cleanup_stdio
                0x080063e8       0x40 C:/software/STM32CubeCLT_1.15.1/GNU-tools-for-STM32/bin/../lib/gcc/arm-none-eabi/12.3.1/../../../../arm-none-eabi/lib/thumb/v7-m/nofp\libg.a(libc_a-findfp.o)
 .text.global_stdio_init.part.0
                0x08006428       0x3c C:/software/STM32CubeCLT_1.15.1/GNU-tools-for-STM32/bin/../lib/gcc/arm-none-eabi/12.3.1/../../../../arm-none-eabi/lib/thumb/v7-m/nofp\libg.a(libc_a-findfp.o)
 .text.__sfp_lock_acquire
                0x08006464        0xc C:/software/STM32CubeCLT_1.15.1/GNU-tools-for-STM32/bin/../lib/gcc/arm-none-eabi/12.3.1/../../../../arm-none-eabi/lib/thumb/v7-m/nofp\libg.a(libc_a-findfp.o)
                0x08006464                __sfp_lock_acquire
 .text.__sfp_lock_release
                0x08006470        0xc C:/software/STM32CubeCLT_1.15.1/GNU-tools-for-STM32/bin/../lib/gcc/arm-none-eabi/12.3.1/../../../../arm-none-eabi/lib/thumb/v7-m/nofp\libg.a(libc_a-findfp.o)
                0x08006470                __sfp_lock_release
 .text.__sinit  0x0800647c       0x30 C:/software/STM32CubeCLT_1.15.1/GNU-tools-for-STM32/bin/../lib/gcc/arm-none-eabi/12.3.1/../../../../arm-none-eabi/lib/thumb/v7-m/nofp\libg.a(libc_a-findfp.o)
                0x0800647c                __sinit
 .text._fwalk_sglue
                0x080064ac       0x3c C:/software/STM32CubeCLT_1.15.1/GNU-tools-for-STM32/bin/../lib/gcc/arm-none-eabi/12.3.1/../../../../arm-none-eabi/lib/thumb/v7-m/nofp\libg.a(libc_a-fwalk.o)
                0x080064ac                _fwalk_sglue
 .text.snprintf
                0x080064e8       0x68 C:/software/STM32CubeCLT_1.15.1/GNU-tools-for-STM32/bin/../lib/gcc/arm-none-eabi/12.3.1/../../../../arm-none-eabi/lib/thumb/v7-m/nofp\libg.a(libc_a-snprintf.o)
                0x080064e8                snprintf
 .text.__sread  0x08006550       0x22 C:/software/STM32CubeCLT_1.15.1/GNU-tools-for-STM32/bin/../lib/gcc/arm-none-eabi/12.3.1/../../../../arm-none-eabi/lib/thumb/v7-m/nofp\libg.a(libc_a-stdio.o)
                0x08006550                __sread
 .text.__swrite
                0x08006572       0x38 C:/software/STM32CubeCLT_1.15.1/GNU-tools-for-STM32/bin/../lib/gcc/arm-none-eabi/12.3.1/../../../../arm-none-eabi/lib/thumb/v7-m/nofp\libg.a(libc_a-stdio.o)
                0x08006572                __swrite
 .text.__sseek  0x080065aa       0x24 C:/software/STM32CubeCLT_1.15.1/GNU-tools-for-STM32/bin/../lib/gcc/arm-none-eabi/12.3.1/../../../../arm-none-eabi/lib/thumb/v7-m/nofp\libg.a(libc_a-stdio.o)
                0x080065aa                __sseek
 .text.__sclose
                0x080065ce        0x8 C:/software/STM32CubeCLT_1.15.1/GNU-tools-for-STM32/bin/../lib/gcc/arm-none-eabi/12.3.1/../../../../arm-none-eabi/lib/thumb/v7-m/nofp\libg.a(libc_a-stdio.o)
                0x080065ce                __sclose
 .text.memset   0x080065d6       0x10 C:/software/STM32CubeCLT_1.15.1/GNU-tools-for-STM32/bin/../lib/gcc/arm-none-eabi/12.3.1/../../../../arm-none-eabi/lib/thumb/v7-m/nofp\libg.a(libc_a-memset.o)
                0x080065d6                memset
 *fill*         0x080065e6        0x2 
 .text._close_r
                0x080065e8       0x20 C:/software/STM32CubeCLT_1.15.1/GNU-tools-for-STM32/bin/../lib/gcc/arm-none-eabi/12.3.1/../../../../arm-none-eabi/lib/thumb/v7-m/nofp\libg.a(libc_a-closer.o)
                0x080065e8                _close_r
 .text._reclaim_reent
                0x08006608       0x58 C:/software/STM32CubeCLT_1.15.1/GNU-tools-for-STM32/bin/../lib/gcc/arm-none-eabi/12.3.1/../../../../arm-none-eabi/lib/thumb/v7-m/nofp\libg.a(libc_a-reent.o)
                0x08006608                _reclaim_reent
 .text._lseek_r
                0x08006660       0x24 C:/software/STM32CubeCLT_1.15.1/GNU-tools-for-STM32/bin/../lib/gcc/arm-none-eabi/12.3.1/../../../../arm-none-eabi/lib/thumb/v7-m/nofp\libg.a(libc_a-lseekr.o)
                0x08006660                _lseek_r
 .text._read_r  0x08006684       0x24 C:/software/STM32CubeCLT_1.15.1/GNU-tools-for-STM32/bin/../lib/gcc/arm-none-eabi/12.3.1/../../../../arm-none-eabi/lib/thumb/v7-m/nofp\libg.a(libc_a-readr.o)
                0x08006684                _read_r
 .text._write_r
                0x080066a8       0x24 C:/software/STM32CubeCLT_1.15.1/GNU-tools-for-STM32/bin/../lib/gcc/arm-none-eabi/12.3.1/../../../../arm-none-eabi/lib/thumb/v7-m/nofp\libg.a(libc_a-writer.o)
                0x080066a8                _write_r
 .text.__errno  0x080066cc        0xc C:/software/STM32CubeCLT_1.15.1/GNU-tools-for-STM32/bin/../lib/gcc/arm-none-eabi/12.3.1/../../../../arm-none-eabi/lib/thumb/v7-m/nofp\libg.a(libc_a-errno.o)
                0x080066cc                __errno
 .text.__libc_init_array
                0x080066d8       0x48 C:/software/STM32CubeCLT_1.15.1/GNU-tools-for-STM32/bin/../lib/gcc/arm-none-eabi/12.3.1/../../../../arm-none-eabi/lib/thumb/v7-m/nofp\libg.a(libc_a-init.o)
                0x080066d8                __libc_init_array
 .text.__retarget_lock_init_recursive
                0x08006720        0x2 C:/software/STM32CubeCLT_1.15.1/GNU-tools-for-STM32/bin/../lib/gcc/arm-none-eabi/12.3.1/../../../../arm-none-eabi/lib/thumb/v7-m/nofp\libg.a(libc_a-lock.o)
                0x08006720                __retarget_lock_init_recursive
 .text.__retarget_lock_close_recursive
                0x08006722        0x2 C:/software/STM32CubeCLT_1.15.1/GNU-tools-for-STM32/bin/../lib/gcc/arm-none-eabi/12.3.1/../../../../arm-none-eabi/lib/thumb/v7-m/nofp\libg.a(libc_a-lock.o)
                0x08006722                __retarget_lock_close_recursive
 .text.__retarget_lock_acquire_recursive
                0x08006724        0x2 C:/software/STM32CubeCLT_1.15.1/GNU-tools-for-STM32/bin/../lib/gcc/arm-none-eabi/12.3.1/../../../../arm-none-eabi/lib/thumb/v7-m/nofp\libg.a(libc_a-lock.o)
                0x08006724                __retarget_lock_acquire_recursive
 .text.__retarget_lock_release_recursive
                0x08006726        0x2 C:/software/STM32CubeCLT_1.15.1/GNU-tools-for-STM32/bin/../lib/gcc/arm-none-eabi/12.3.1/../../../../arm-none-eabi/lib/thumb/v7-m/nofp\libg.a(libc_a-lock.o)
                0x08006726                __retarget_lock_release_recursive
 .text.memcpy   0x08006728       0x1c C:/software/STM32CubeCLT_1.15.1/GNU-tools-for-STM32/bin/../lib/gcc/arm-none-eabi/12.3.1/../../../../arm-none-eabi/lib/thumb/v7-m/nofp\libg.a(libc_a-memcpy-stub.o)
                0x08006728                memcpy
 .text.startup.register_fini
                0x08006744       0x14 C:/software/STM32CubeCLT_1.15.1/GNU-tools-for-STM32/bin/../lib/gcc/arm-none-eabi/12.3.1/../../../../arm-none-eabi/lib/thumb/v7-m/nofp\libg.a(libc_a-__call_atexit.o)
 .text.atexit   0x08006758        0xc C:/software/STM32CubeCLT_1.15.1/GNU-tools-for-STM32/bin/../lib/gcc/arm-none-eabi/12.3.1/../../../../arm-none-eabi/lib/thumb/v7-m/nofp\libg.a(libc_a-atexit.o)
                0x08006758                atexit
 .text._malloc_trim_r
                0x08006764       0xac C:/software/STM32CubeCLT_1.15.1/GNU-tools-for-STM32/bin/../lib/gcc/arm-none-eabi/12.3.1/../../../../arm-none-eabi/lib/thumb/v7-m/nofp\libg.a(libc_a-freer.o)
                0x08006764                _malloc_trim_r
 .text._free_r  0x08006810      0x180 C:/software/STM32CubeCLT_1.15.1/GNU-tools-for-STM32/bin/../lib/gcc/arm-none-eabi/12.3.1/../../../../arm-none-eabi/lib/thumb/v7-m/nofp\libg.a(libc_a-freer.o)
                0x08006810                _free_r
 .text._malloc_r
                0x08006990      0x474 C:/software/STM32CubeCLT_1.15.1/GNU-tools-for-STM32/bin/../lib/gcc/arm-none-eabi/12.3.1/../../../../arm-none-eabi/lib/thumb/v7-m/nofp\libg.a(libc_a-mallocr.o)
                0x08006990                _malloc_r
 .text.__malloc_lock
                0x08006e04        0xc C:/software/STM32CubeCLT_1.15.1/GNU-tools-for-STM32/bin/../lib/gcc/arm-none-eabi/12.3.1/../../../../arm-none-eabi/lib/thumb/v7-m/nofp\libg.a(libc_a-mlock.o)
                0x08006e04                __malloc_lock
 .text.__malloc_unlock
                0x08006e10        0xc C:/software/STM32CubeCLT_1.15.1/GNU-tools-for-STM32/bin/../lib/gcc/arm-none-eabi/12.3.1/../../../../arm-none-eabi/lib/thumb/v7-m/nofp\libg.a(libc_a-mlock.o)
                0x08006e10                __malloc_unlock
 .text._svfprintf_r
                0x08006e1c     0x1378 C:/software/STM32CubeCLT_1.15.1/GNU-tools-for-STM32/bin/../lib/gcc/arm-none-eabi/12.3.1/../../../../arm-none-eabi/lib/thumb/v7-m/nofp\libg.a(libc_a-svfprintf.o)
                0x08006e1c                _svfprintf_r
 .text._fclose_r
                0x08008194       0xaa C:/software/STM32CubeCLT_1.15.1/GNU-tools-for-STM32/bin/../lib/gcc/arm-none-eabi/12.3.1/../../../../arm-none-eabi/lib/thumb/v7-m/nofp\libg.a(libc_a-fclose.o)
                0x08008194                _fclose_r
 *fill*         0x0800823e        0x2 
 .text.__sflush_r
                0x08008240      0x108 C:/software/STM32CubeCLT_1.15.1/GNU-tools-for-STM32/bin/../lib/gcc/arm-none-eabi/12.3.1/../../../../arm-none-eabi/lib/thumb/v7-m/nofp\libg.a(libc_a-fflush.o)
                0x08008240                __sflush_r
 .text._fflush_r
                0x08008348       0x4a C:/software/STM32CubeCLT_1.15.1/GNU-tools-for-STM32/bin/../lib/gcc/arm-none-eabi/12.3.1/../../../../arm-none-eabi/lib/thumb/v7-m/nofp\libg.a(libc_a-fflush.o)
                0x08008348                _fflush_r
 .text.strncpy  0x08008392       0x26 C:/software/STM32CubeCLT_1.15.1/GNU-tools-for-STM32/bin/../lib/gcc/arm-none-eabi/12.3.1/../../../../arm-none-eabi/lib/thumb/v7-m/nofp\libg.a(libc_a-strncpy.o)
                0x08008392                strncpy
 .text._localeconv_r
                0x080083b8        0x8 C:/software/STM32CubeCLT_1.15.1/GNU-tools-for-STM32/bin/../lib/gcc/arm-none-eabi/12.3.1/../../../../arm-none-eabi/lib/thumb/v7-m/nofp\libg.a(libc_a-localeconv.o)
                0x080083b8                _localeconv_r
 .text._sbrk_r  0x080083c0       0x20 C:/software/STM32CubeCLT_1.15.1/GNU-tools-for-STM32/bin/../lib/gcc/arm-none-eabi/12.3.1/../../../../arm-none-eabi/lib/thumb/v7-m/nofp\libg.a(libc_a-sbrkr.o)
                0x080083c0                _sbrk_r
 .text.__libc_fini_array
                0x080083e0       0x28 C:/software/STM32CubeCLT_1.15.1/GNU-tools-for-STM32/bin/../lib/gcc/arm-none-eabi/12.3.1/../../../../arm-none-eabi/lib/thumb/v7-m/nofp\libg.a(libc_a-fini.o)
                0x080083e0                __libc_fini_array
 .text.sysconf  0x08008408       0x18 C:/software/STM32CubeCLT_1.15.1/GNU-tools-for-STM32/bin/../lib/gcc/arm-none-eabi/12.3.1/../../../../arm-none-eabi/lib/thumb/v7-m/nofp\libg.a(libc_a-sysconf.o)
                0x08008408                sysconf
 .text.memchr   0x08008420       0x1c C:/software/STM32CubeCLT_1.15.1/GNU-tools-for-STM32/bin/../lib/gcc/arm-none-eabi/12.3.1/../../../../arm-none-eabi/lib/thumb/v7-m/nofp\libg.a(libc_a-memchr-stub.o)
                0x08008420                memchr
 .text.frexp    0x0800843c       0x68 C:/software/STM32CubeCLT_1.15.1/GNU-tools-for-STM32/bin/../lib/gcc/arm-none-eabi/12.3.1/../../../../arm-none-eabi/lib/thumb/v7-m/nofp\libg.a(libm_a-s_frexp.o)
                0x0800843c                frexp
 .text.__register_exitproc
                0x080084a4       0x80 C:/software/STM32CubeCLT_1.15.1/GNU-tools-for-STM32/bin/../lib/gcc/arm-none-eabi/12.3.1/../../../../arm-none-eabi/lib/thumb/v7-m/nofp\libg.a(libc_a-__atexit.o)
                0x080084a4                __register_exitproc
 .text.quorem   0x08008524      0x110 C:/software/STM32CubeCLT_1.15.1/GNU-tools-for-STM32/bin/../lib/gcc/arm-none-eabi/12.3.1/../../../../arm-none-eabi/lib/thumb/v7-m/nofp\libg.a(libc_a-dtoa.o)
 *fill*         0x08008634        0x4 
 .text._dtoa_r  0x08008638      0xb58 C:/software/STM32CubeCLT_1.15.1/GNU-tools-for-STM32/bin/../lib/gcc/arm-none-eabi/12.3.1/../../../../arm-none-eabi/lib/thumb/v7-m/nofp\libg.a(libc_a-dtoa.o)
                0x08008638                _dtoa_r
 .text._Balloc  0x08009190       0x4a C:/software/STM32CubeCLT_1.15.1/GNU-tools-for-STM32/bin/../lib/gcc/arm-none-eabi/12.3.1/../../../../arm-none-eabi/lib/thumb/v7-m/nofp\libg.a(libc_a-mprec.o)
                0x08009190                _Balloc
 .text._Bfree   0x080091da       0x12 C:/software/STM32CubeCLT_1.15.1/GNU-tools-for-STM32/bin/../lib/gcc/arm-none-eabi/12.3.1/../../../../arm-none-eabi/lib/thumb/v7-m/nofp\libg.a(libc_a-mprec.o)
                0x080091da                _Bfree
 .text.__multadd
                0x080091ec       0x8c C:/software/STM32CubeCLT_1.15.1/GNU-tools-for-STM32/bin/../lib/gcc/arm-none-eabi/12.3.1/../../../../arm-none-eabi/lib/thumb/v7-m/nofp\libg.a(libc_a-mprec.o)
                0x080091ec                __multadd
 .text.__hi0bits
                0x08009278       0x3e C:/software/STM32CubeCLT_1.15.1/GNU-tools-for-STM32/bin/../lib/gcc/arm-none-eabi/12.3.1/../../../../arm-none-eabi/lib/thumb/v7-m/nofp\libg.a(libc_a-mprec.o)
                0x08009278                __hi0bits
 .text.__lo0bits
                0x080092b6       0x5a C:/software/STM32CubeCLT_1.15.1/GNU-tools-for-STM32/bin/../lib/gcc/arm-none-eabi/12.3.1/../../../../arm-none-eabi/lib/thumb/v7-m/nofp\libg.a(libc_a-mprec.o)
                0x080092b6                __lo0bits
 .text.__i2b    0x08009310       0x2c C:/software/STM32CubeCLT_1.15.1/GNU-tools-for-STM32/bin/../lib/gcc/arm-none-eabi/12.3.1/../../../../arm-none-eabi/lib/thumb/v7-m/nofp\libg.a(libc_a-mprec.o)
                0x08009310                __i2b
 .text.__multiply
                0x0800933c      0x150 C:/software/STM32CubeCLT_1.15.1/GNU-tools-for-STM32/bin/../lib/gcc/arm-none-eabi/12.3.1/../../../../arm-none-eabi/lib/thumb/v7-m/nofp\libg.a(libc_a-mprec.o)
                0x0800933c                __multiply
 .text.__pow5mult
                0x0800948c       0x80 C:/software/STM32CubeCLT_1.15.1/GNU-tools-for-STM32/bin/../lib/gcc/arm-none-eabi/12.3.1/../../../../arm-none-eabi/lib/thumb/v7-m/nofp\libg.a(libc_a-mprec.o)
                0x0800948c                __pow5mult
 .text.__lshift
                0x0800950c       0xd8 C:/software/STM32CubeCLT_1.15.1/GNU-tools-for-STM32/bin/../lib/gcc/arm-none-eabi/12.3.1/../../../../arm-none-eabi/lib/thumb/v7-m/nofp\libg.a(libc_a-mprec.o)
                0x0800950c                __lshift
 .text.__mcmp   0x080095e4       0x36 C:/software/STM32CubeCLT_1.15.1/GNU-tools-for-STM32/bin/../lib/gcc/arm-none-eabi/12.3.1/../../../../arm-none-eabi/lib/thumb/v7-m/nofp\libg.a(libc_a-mprec.o)
                0x080095e4                __mcmp
 *fill*         0x0800961a        0x2 
 .text.__mdiff  0x0800961c      0x128 C:/software/STM32CubeCLT_1.15.1/GNU-tools-for-STM32/bin/../lib/gcc/arm-none-eabi/12.3.1/../../../../arm-none-eabi/lib/thumb/v7-m/nofp\libg.a(libc_a-mprec.o)
                0x0800961c                __mdiff
 .text.__d2b    0x08009744       0xb0 C:/software/STM32CubeCLT_1.15.1/GNU-tools-for-STM32/bin/../lib/gcc/arm-none-eabi/12.3.1/../../../../arm-none-eabi/lib/thumb/v7-m/nofp\libg.a(libc_a-mprec.o)
                0x08009744                __d2b
 .text.__ssprint_r
                0x080097f4       0xfa C:/software/STM32CubeCLT_1.15.1/GNU-tools-for-STM32/bin/../lib/gcc/arm-none-eabi/12.3.1/../../../../arm-none-eabi/lib/thumb/v7-m/nofp\libg.a(libc_a-svfiprintf.o)
                0x080097f4                __ssprint_r
 .text.memmove  0x080098ee       0x34 C:/software/STM32CubeCLT_1.15.1/GNU-tools-for-STM32/bin/../lib/gcc/arm-none-eabi/12.3.1/../../../../arm-none-eabi/lib/thumb/v7-m/nofp\libg.a(libc_a-memmove.o)
                0x080098ee                memmove
 *fill*         0x08009922        0x2 
 .text.__locale_mb_cur_max
                0x08009924        0xc C:/software/STM32CubeCLT_1.15.1/GNU-tools-for-STM32/bin/../lib/gcc/arm-none-eabi/12.3.1/../../../../arm-none-eabi/lib/thumb/v7-m/nofp\libg.a(libc_a-locale.o)
                0x08009924                __locale_mb_cur_max
 .text.__assert_func
                0x08009930       0x3c C:/software/STM32CubeCLT_1.15.1/GNU-tools-for-STM32/bin/../lib/gcc/arm-none-eabi/12.3.1/../../../../arm-none-eabi/lib/thumb/v7-m/nofp\libg.a(libc_a-assert.o)
                0x08009930                __assert_func
 .text._calloc_r
                0x0800996c       0x6a C:/software/STM32CubeCLT_1.15.1/GNU-tools-for-STM32/bin/../lib/gcc/arm-none-eabi/12.3.1/../../../../arm-none-eabi/lib/thumb/v7-m/nofp\libg.a(libc_a-callocr.o)
                0x0800996c                _calloc_r
 .text.__ascii_mbtowc
                0x080099d6       0x24 C:/software/STM32CubeCLT_1.15.1/GNU-tools-for-STM32/bin/../lib/gcc/arm-none-eabi/12.3.1/../../../../arm-none-eabi/lib/thumb/v7-m/nofp\libg.a(libc_a-mbtowc_r.o)
                0x080099d6                __ascii_mbtowc
 *fill*         0x080099fa        0x2 
 .text._realloc_r
                0x080099fc      0x358 C:/software/STM32CubeCLT_1.15.1/GNU-tools-for-STM32/bin/../lib/gcc/arm-none-eabi/12.3.1/../../../../arm-none-eabi/lib/thumb/v7-m/nofp\libg.a(libc_a-reallocr.o)
                0x080099fc                _realloc_r
 .text.__ascii_wctomb
                0x08009d54       0x1a C:/software/STM32CubeCLT_1.15.1/GNU-tools-for-STM32/bin/../lib/gcc/arm-none-eabi/12.3.1/../../../../arm-none-eabi/lib/thumb/v7-m/nofp\libg.a(libc_a-wctomb_r.o)
                0x08009d54                __ascii_wctomb
 *fill*         0x08009d6e        0x2 
 .text.fiprintf
                0x08009d70       0x24 C:/software/STM32CubeCLT_1.15.1/GNU-tools-for-STM32/bin/../lib/gcc/arm-none-eabi/12.3.1/../../../../arm-none-eabi/lib/thumb/v7-m/nofp\libg.a(libc_a-fiprintf.o)
                0x08009d70                fiprintf
 .text.__sprint_r
                0x08009d94       0x64 C:/software/STM32CubeCLT_1.15.1/GNU-tools-for-STM32/bin/../lib/gcc/arm-none-eabi/12.3.1/../../../../arm-none-eabi/lib/thumb/v7-m/nofp\libg.a(libc_a-vfiprintf.o)
                0x08009d94                __sprint_r
 .text._vfiprintf_r
                0x08009df8      0x914 C:/software/STM32CubeCLT_1.15.1/GNU-tools-for-STM32/bin/../lib/gcc/arm-none-eabi/12.3.1/../../../../arm-none-eabi/lib/thumb/v7-m/nofp\libg.a(libc_a-vfiprintf.o)
                0x08009df8                _vfiprintf_r
 .text.__sbprintf
                0x0800a70c       0x80 C:/software/STM32CubeCLT_1.15.1/GNU-tools-for-STM32/bin/../lib/gcc/arm-none-eabi/12.3.1/../../../../arm-none-eabi/lib/thumb/v7-m/nofp\libg.a(libc_a-vfiprintf.o)
 .text.__sfvwrite_r
                0x0800a78c      0x298 C:/software/STM32CubeCLT_1.15.1/GNU-tools-for-STM32/bin/../lib/gcc/arm-none-eabi/12.3.1/../../../../arm-none-eabi/lib/thumb/v7-m/nofp\libg.a(libc_a-fvwrite.o)
                0x0800a78c                __sfvwrite_r
 .text.__swsetup_r
                0x0800aa24       0xac C:/software/STM32CubeCLT_1.15.1/GNU-tools-for-STM32/bin/../lib/gcc/arm-none-eabi/12.3.1/../../../../arm-none-eabi/lib/thumb/v7-m/nofp\libg.a(libc_a-wsetup.o)
                0x0800aa24                __swsetup_r
 .text.__fputwc
                0x0800aad0       0x82 C:/software/STM32CubeCLT_1.15.1/GNU-tools-for-STM32/bin/../lib/gcc/arm-none-eabi/12.3.1/../../../../arm-none-eabi/lib/thumb/v7-m/nofp\libg.a(libc_a-fputwc.o)
                0x0800aad0                __fputwc
 .text._fputwc_r
                0x0800ab52       0x52 C:/software/STM32CubeCLT_1.15.1/GNU-tools-for-STM32/bin/../lib/gcc/arm-none-eabi/12.3.1/../../../../arm-none-eabi/lib/thumb/v7-m/nofp\libg.a(libc_a-fputwc.o)
                0x0800ab52                _fputwc_r
 .text.abort    0x0800aba4        0xe C:/software/STM32CubeCLT_1.15.1/GNU-tools-for-STM32/bin/../lib/gcc/arm-none-eabi/12.3.1/../../../../arm-none-eabi/lib/thumb/v7-m/nofp\libg.a(libc_a-abort.o)
                0x0800aba4                abort
 *fill*         0x0800abb2        0x2 
 .text._wcrtomb_r
                0x0800abb4       0x2c C:/software/STM32CubeCLT_1.15.1/GNU-tools-for-STM32/bin/../lib/gcc/arm-none-eabi/12.3.1/../../../../arm-none-eabi/lib/thumb/v7-m/nofp\libg.a(libc_a-wcrtomb.o)
                0x0800abb4                _wcrtomb_r
 .text.__swhatbuf_r
                0x0800abe0       0x50 C:/software/STM32CubeCLT_1.15.1/GNU-tools-for-STM32/bin/../lib/gcc/arm-none-eabi/12.3.1/../../../../arm-none-eabi/lib/thumb/v7-m/nofp\libg.a(libc_a-makebuf.o)
                0x0800abe0                __swhatbuf_r
 .text.__smakebuf_r
                0x0800ac30       0x78 C:/software/STM32CubeCLT_1.15.1/GNU-tools-for-STM32/bin/../lib/gcc/arm-none-eabi/12.3.1/../../../../arm-none-eabi/lib/thumb/v7-m/nofp\libg.a(libc_a-makebuf.o)
                0x0800ac30                __smakebuf_r
 .text.__swbuf_r
                0x0800aca8       0x92 C:/software/STM32CubeCLT_1.15.1/GNU-tools-for-STM32/bin/../lib/gcc/arm-none-eabi/12.3.1/../../../../arm-none-eabi/lib/thumb/v7-m/nofp\libg.a(libc_a-wbuf.o)
                0x0800aca8                __swbuf_r
 .text._raise_r
                0x0800ad3a       0x52 C:/software/STM32CubeCLT_1.15.1/GNU-tools-for-STM32/bin/../lib/gcc/arm-none-eabi/12.3.1/../../../../arm-none-eabi/lib/thumb/v7-m/nofp\libg.a(libc_a-signal.o)
                0x0800ad3a                _raise_r
 .text.raise    0x0800ad8c       0x10 C:/software/STM32CubeCLT_1.15.1/GNU-tools-for-STM32/bin/../lib/gcc/arm-none-eabi/12.3.1/../../../../arm-none-eabi/lib/thumb/v7-m/nofp\libg.a(libc_a-signal.o)
                0x0800ad8c                raise
 .text._fstat_r
                0x0800ad9c       0x24 C:/software/STM32CubeCLT_1.15.1/GNU-tools-for-STM32/bin/../lib/gcc/arm-none-eabi/12.3.1/../../../../arm-none-eabi/lib/thumb/v7-m/nofp\libg.a(libc_a-fstatr.o)
                0x0800ad9c                _fstat_r
 .text._isatty_r
                0x0800adc0       0x20 C:/software/STM32CubeCLT_1.15.1/GNU-tools-for-STM32/bin/../lib/gcc/arm-none-eabi/12.3.1/../../../../arm-none-eabi/lib/thumb/v7-m/nofp\libg.a(libc_a-isattyr.o)
                0x0800adc0                _isatty_r
 .text._kill_r  0x0800ade0       0x24 C:/software/STM32CubeCLT_1.15.1/GNU-tools-for-STM32/bin/../lib/gcc/arm-none-eabi/12.3.1/../../../../arm-none-eabi/lib/thumb/v7-m/nofp\libg.a(libc_a-signalr.o)
                0x0800ade0                _kill_r
 .text._getpid_r
                0x0800ae04        0x4 C:/software/STM32CubeCLT_1.15.1/GNU-tools-for-STM32/bin/../lib/gcc/arm-none-eabi/12.3.1/../../../../arm-none-eabi/lib/thumb/v7-m/nofp\libg.a(libc_a-signalr.o)
                0x0800ae04                _getpid_r
 *(.glue_7)
 .glue_7        0x0800ae08        0x0 linker stubs
 *(.glue_7t)
 .glue_7t       0x0800ae08        0x0 linker stubs
 *(.eh_frame)
 .eh_frame      0x0800ae08        0x0 C:/software/STM32CubeCLT_1.15.1/GNU-tools-for-STM32/bin/../lib/gcc/arm-none-eabi/12.3.1/thumb/v7-m/nofp/crtbegin.o
 *(.init)
 .init          0x0800ae08        0x4 C:/software/STM32CubeCLT_1.15.1/GNU-tools-for-STM32/bin/../lib/gcc/arm-none-eabi/12.3.1/thumb/v7-m/nofp/crti.o
                0x0800ae08                _init
 .init          0x0800ae0c        0x8 C:/software/STM32CubeCLT_1.15.1/GNU-tools-for-STM32/bin/../lib/gcc/arm-none-eabi/12.3.1/thumb/v7-m/nofp/crtn.o
 *(.fini)
 .fini          0x0800ae14        0x4 C:/software/STM32CubeCLT_1.15.1/GNU-tools-for-STM32/bin/../lib/gcc/arm-none-eabi/12.3.1/thumb/v7-m/nofp/crti.o
                0x0800ae14                _fini
 .fini          0x0800ae18        0x8 C:/software/STM32CubeCLT_1.15.1/GNU-tools-for-STM32/bin/../lib/gcc/arm-none-eabi/12.3.1/thumb/v7-m/nofp/crtn.o
                0x0800ae20                        . = ALIGN (0x4)
                0x0800ae20                        _etext = .

.vfp11_veneer   0x0800ae20        0x0
 .vfp11_veneer  0x0800ae20        0x0 linker stubs

.v4_bx          0x0800ae20        0x0
 .v4_bx         0x0800ae20        0x0 linker stubs

.iplt           0x0800ae20        0x0
 .iplt          0x0800ae20        0x0 C:/software/STM32CubeCLT_1.15.1/GNU-tools-for-STM32/bin/../lib/gcc/arm-none-eabi/12.3.1/thumb/v7-m/nofp/crtbegin.o

.rodata         0x0800ae20      0xc50
                0x0800ae20                        . = ALIGN (0x4)
 *(.rodata)
 *(.rodata*)
 .rodata.OLED_ShowVoltage.str1.4
                0x0800ae20        0x2 CMakeFiles/RoboticStm32.elf.dir/Bsp/adc/voltage.c.obj
 *fill*         0x0800ae22        0x2 
 .rodata.F8X16  0x0800ae24      0x5f0 CMakeFiles/RoboticStm32.elf.dir/Bsp/oled/oled.c.obj
                0x0800ae24                F8X16
 .rodata.F6X8   0x0800b414      0x228 CMakeFiles/RoboticStm32.elf.dir/Bsp/oled/oled.c.obj
                0x0800b414                F6X8
 .rodata.UART_SendImuData.str1.4
                0x0800b63c       0x1e CMakeFiles/RoboticStm32.elf.dir/Bsp/uart/uart.c.obj
 *fill*         0x0800b65a        0x2 
 .rodata.MX_FREERTOS_Init.str1.4
                0x0800b65c        0x4 CMakeFiles/RoboticStm32.elf.dir/Core/Src/freertos.c.obj
 .rodata.str1.4
                0x0800b660        0xc CMakeFiles/RoboticStm32.elf.dir/Core/Src/freertos.c.obj
 .rodata.defaultTask_attributes
                0x0800b66c       0x24 CMakeFiles/RoboticStm32.elf.dir/Core/Src/freertos.c.obj
                0x0800b66c                defaultTask_attributes
 .rodata.APBPrescTable
                0x0800b690        0x8 CMakeFiles/RoboticStm32.elf.dir/Core/Src/system_stm32f1xx.c.obj
                0x0800b690                APBPrescTable
 .rodata.AHBPrescTable
                0x0800b698       0x10 CMakeFiles/RoboticStm32.elf.dir/Core/Src/system_stm32f1xx.c.obj
                0x0800b698                AHBPrescTable
 .rodata.aPredivFactorTable.0
                0x0800b6a8        0x2 CMakeFiles/RoboticStm32.elf.dir/Drivers/STM32F1xx_HAL_Driver/Src/stm32f1xx_hal_rcc.c.obj
 *fill*         0x0800b6aa        0x2 
 .rodata.aPLLMULFactorTable.1
                0x0800b6ac       0x10 CMakeFiles/RoboticStm32.elf.dir/Drivers/STM32F1xx_HAL_Driver/Src/stm32f1xx_hal_rcc.c.obj
 .rodata.aPredivFactorTable.0
                0x0800b6bc        0x2 CMakeFiles/RoboticStm32.elf.dir/Drivers/STM32F1xx_HAL_Driver/Src/stm32f1xx_hal_rcc_ex.c.obj
 *fill*         0x0800b6be        0x2 
 .rodata.aPLLMULFactorTable.1
                0x0800b6c0       0x10 CMakeFiles/RoboticStm32.elf.dir/Drivers/STM32F1xx_HAL_Driver/Src/stm32f1xx_hal_rcc_ex.c.obj
 .rodata.vTaskStartScheduler.str1.4
                0x0800b6d0        0x5 CMakeFiles/RoboticStm32.elf.dir/Middlewares/Third_Party/FreeRTOS/Source/tasks.c.obj
 *fill*         0x0800b6d5        0x3 
 .rodata.prvCheckForValidListAndQueue.str1.4
                0x0800b6d8        0x5 CMakeFiles/RoboticStm32.elf.dir/Middlewares/Third_Party/FreeRTOS/Source/timers.c.obj
 *fill*         0x0800b6dd        0x3 
 .rodata.xTimerCreateTimerTask.str1.4
                0x0800b6e0        0x8 CMakeFiles/RoboticStm32.elf.dir/Middlewares/Third_Party/FreeRTOS/Source/timers.c.obj
 .rodata._svfprintf_r.str1.1
                0x0800b6e8       0x34 C:/software/STM32CubeCLT_1.15.1/GNU-tools-for-STM32/bin/../lib/gcc/arm-none-eabi/12.3.1/../../../../arm-none-eabi/lib/thumb/v7-m/nofp\libg.a(libc_a-svfprintf.o)
 .rodata.zeroes.0
                0x0800b71c       0x10 C:/software/STM32CubeCLT_1.15.1/GNU-tools-for-STM32/bin/../lib/gcc/arm-none-eabi/12.3.1/../../../../arm-none-eabi/lib/thumb/v7-m/nofp\libg.a(libc_a-svfprintf.o)
 .rodata.blanks.1
                0x0800b72c       0x10 C:/software/STM32CubeCLT_1.15.1/GNU-tools-for-STM32/bin/../lib/gcc/arm-none-eabi/12.3.1/../../../../arm-none-eabi/lib/thumb/v7-m/nofp\libg.a(libc_a-svfprintf.o)
 .rodata._dtoa_r.str1.1
                0x0800b73c       0x76 C:/software/STM32CubeCLT_1.15.1/GNU-tools-for-STM32/bin/../lib/gcc/arm-none-eabi/12.3.1/../../../../arm-none-eabi/lib/thumb/v7-m/nofp\libg.a(libc_a-dtoa.o)
                                 0x78 (size before relaxing)
 .rodata.__multadd.str1.1
                0x0800b7b2       0x59 C:/software/STM32CubeCLT_1.15.1/GNU-tools-for-STM32/bin/../lib/gcc/arm-none-eabi/12.3.1/../../../../arm-none-eabi/lib/thumb/v7-m/nofp\libg.a(libc_a-mprec.o)
                                 0x6a (size before relaxing)
 *fill*         0x0800b80b        0x1 
 .rodata.p05.0  0x0800b80c        0xc C:/software/STM32CubeCLT_1.15.1/GNU-tools-for-STM32/bin/../lib/gcc/arm-none-eabi/12.3.1/../../../../arm-none-eabi/lib/thumb/v7-m/nofp\libg.a(libc_a-mprec.o)
 .rodata.__mprec_bigtens
                0x0800b818       0x28 C:/software/STM32CubeCLT_1.15.1/GNU-tools-for-STM32/bin/../lib/gcc/arm-none-eabi/12.3.1/../../../../arm-none-eabi/lib/thumb/v7-m/nofp\libg.a(libc_a-mprec.o)
                0x0800b818                __mprec_bigtens
 .rodata.__mprec_tens
                0x0800b840       0xc8 C:/software/STM32CubeCLT_1.15.1/GNU-tools-for-STM32/bin/../lib/gcc/arm-none-eabi/12.3.1/../../../../arm-none-eabi/lib/thumb/v7-m/nofp\libg.a(libc_a-mprec.o)
                0x0800b840                __mprec_tens
 .rodata._setlocale_r.str1.1
                0x0800b908        0x8 C:/software/STM32CubeCLT_1.15.1/GNU-tools-for-STM32/bin/../lib/gcc/arm-none-eabi/12.3.1/../../../../arm-none-eabi/lib/thumb/v7-m/nofp\libg.a(libc_a-locale.o)
                                  0x9 (size before relaxing)
 .rodata.str1.1
                0x0800b910        0x2 C:/software/STM32CubeCLT_1.15.1/GNU-tools-for-STM32/bin/../lib/gcc/arm-none-eabi/12.3.1/../../../../arm-none-eabi/lib/thumb/v7-m/nofp\libg.a(libc_a-locale.o)
 .rodata.__assert_func.str1.1
                0x0800b912       0x3c C:/software/STM32CubeCLT_1.15.1/GNU-tools-for-STM32/bin/../lib/gcc/arm-none-eabi/12.3.1/../../../../arm-none-eabi/lib/thumb/v7-m/nofp\libg.a(libc_a-assert.o)
                                 0x3d (size before relaxing)
 .rodata._ctype_
                0x0800b94e      0x101 C:/software/STM32CubeCLT_1.15.1/GNU-tools-for-STM32/bin/../lib/gcc/arm-none-eabi/12.3.1/../../../../arm-none-eabi/lib/thumb/v7-m/nofp\libg.a(libc_a-ctype_.o)
                0x0800b94e                _ctype_
 .rodata._vfiprintf_r.str1.1
                0x0800ba4f       0x22 C:/software/STM32CubeCLT_1.15.1/GNU-tools-for-STM32/bin/../lib/gcc/arm-none-eabi/12.3.1/../../../../arm-none-eabi/lib/thumb/v7-m/nofp\libg.a(libc_a-vfiprintf.o)
 .rodata.zeroes.0
                0x0800ba4f       0x10 C:/software/STM32CubeCLT_1.15.1/GNU-tools-for-STM32/bin/../lib/gcc/arm-none-eabi/12.3.1/../../../../arm-none-eabi/lib/thumb/v7-m/nofp\libg.a(libc_a-vfiprintf.o)
 .rodata.blanks.1
                0x0800ba5f       0x10 C:/software/STM32CubeCLT_1.15.1/GNU-tools-for-STM32/bin/../lib/gcc/arm-none-eabi/12.3.1/../../../../arm-none-eabi/lib/thumb/v7-m/nofp\libg.a(libc_a-vfiprintf.o)
                0x0800ba74                        . = ALIGN (0x4)
 *fill*         0x0800ba6f        0x1 

.ARM.extab      0x0800ba70        0x0
                0x0800ba70                        . = ALIGN (0x4)
 *(.ARM.extab* .gnu.linkonce.armextab.*)
                0x0800ba70                        . = ALIGN (0x4)

.ARM            0x0800ba70        0x8
                0x0800ba70                        . = ALIGN (0x4)
                0x0800ba70                        __exidx_start = .
 *(.ARM.exidx*)
 .ARM.exidx     0x0800ba70        0x8 C:/software/STM32CubeCLT_1.15.1/GNU-tools-for-STM32/bin/../lib/gcc/arm-none-eabi/12.3.1/thumb/v7-m/nofp\libgcc.a(_udivmoddi4.o)
 .ARM.exidx     0x0800ba78        0x0 C:/software/STM32CubeCLT_1.15.1/GNU-tools-for-STM32/bin/../lib/gcc/arm-none-eabi/12.3.1/../../../../arm-none-eabi/lib/thumb/v7-m/nofp\libg.a(libc_a-strlen.o)
                                  0x8 (size before relaxing)
                0x0800ba78                        __exidx_end = .
                0x0800ba78                        . = ALIGN (0x4)

.preinit_array  0x0800ba78        0x0
                0x0800ba78                        . = ALIGN (0x4)
                0x0800ba78                        PROVIDE (__preinit_array_start = .)
 *(.preinit_array*)
                0x0800ba78                        PROVIDE (__preinit_array_end = .)
                0x0800ba78                        . = ALIGN (0x4)

.init_array     0x0800ba78        0x8
                0x0800ba78                        . = ALIGN (0x4)
                0x0800ba78                        PROVIDE (__init_array_start = .)
 *(SORT_BY_NAME(.init_array.*))
 .init_array.00000
                0x0800ba78        0x4 C:/software/STM32CubeCLT_1.15.1/GNU-tools-for-STM32/bin/../lib/gcc/arm-none-eabi/12.3.1/../../../../arm-none-eabi/lib/thumb/v7-m/nofp\libg.a(libc_a-__call_atexit.o)
 *(.init_array*)
 .init_array    0x0800ba7c        0x4 C:/software/STM32CubeCLT_1.15.1/GNU-tools-for-STM32/bin/../lib/gcc/arm-none-eabi/12.3.1/thumb/v7-m/nofp/crtbegin.o
                0x0800ba80                        PROVIDE (__init_array_end = .)
                0x0800ba80                        . = ALIGN (0x4)

.fini_array     0x0800ba80        0x4
                0x0800ba80                        . = ALIGN (0x4)
                0x0800ba80                        PROVIDE (__fini_array_start = .)
 *(SORT_BY_NAME(.fini_array.*))
 *(.fini_array*)
 .fini_array    0x0800ba80        0x4 C:/software/STM32CubeCLT_1.15.1/GNU-tools-for-STM32/bin/../lib/gcc/arm-none-eabi/12.3.1/thumb/v7-m/nofp/crtbegin.o
                0x0800ba84                        PROVIDE (__fini_array_end = .)
                0x0800ba84                        . = ALIGN (0x4)
                0x0800ba84                        _sidata = LOADADDR (.data)

.rel.dyn        0x0800ba84        0x0
 .rel.iplt      0x0800ba84        0x0 C:/software/STM32CubeCLT_1.15.1/GNU-tools-for-STM32/bin/../lib/gcc/arm-none-eabi/12.3.1/thumb/v7-m/nofp/crtbegin.o

.data           0x20000000      0x6d8 load address 0x0800ba84
                0x20000000                        . = ALIGN (0x4)
                0x20000000                        _sdata = .
 *(.data)
 *(.data*)
 .data.initcmd1
                0x20000000       0x16 CMakeFiles/RoboticStm32.elf.dir/Bsp/oled/oled.c.obj
                0x20000000                initcmd1
 *fill*         0x20000016        0x2 
 .data.SystemCoreClock
                0x20000018        0x4 CMakeFiles/RoboticStm32.elf.dir/Core/Src/system_stm32f1xx.c.obj
                0x20000018                SystemCoreClock
 .data.uwTickFreq
                0x2000001c        0x1 CMakeFiles/RoboticStm32.elf.dir/Drivers/STM32F1xx_HAL_Driver/Src/stm32f1xx_hal.c.obj
                0x2000001c                uwTickFreq
 *fill*         0x2000001d        0x3 
 .data.uwTickPrio
                0x20000020        0x4 CMakeFiles/RoboticStm32.elf.dir/Drivers/STM32F1xx_HAL_Driver/Src/stm32f1xx_hal.c.obj
                0x20000020                uwTickPrio
 .data.uxCriticalNesting
                0x20000024        0x4 CMakeFiles/RoboticStm32.elf.dir/Middlewares/Third_Party/FreeRTOS/Source/portable/GCC/ARM_CM3/port.c.obj
 .data.__sglue  0x20000028        0xc C:/software/STM32CubeCLT_1.15.1/GNU-tools-for-STM32/bin/../lib/gcc/arm-none-eabi/12.3.1/../../../../arm-none-eabi/lib/thumb/v7-m/nofp\libg.a(libc_a-findfp.o)
                0x20000028                __sglue
 .data._impure_ptr
                0x20000034        0x4 C:/software/STM32CubeCLT_1.15.1/GNU-tools-for-STM32/bin/../lib/gcc/arm-none-eabi/12.3.1/../../../../arm-none-eabi/lib/thumb/v7-m/nofp\libg.a(libc_a-impure.o)
                0x20000034                _impure_ptr
 .data._impure_data
                0x20000038      0x120 C:/software/STM32CubeCLT_1.15.1/GNU-tools-for-STM32/bin/../lib/gcc/arm-none-eabi/12.3.1/../../../../arm-none-eabi/lib/thumb/v7-m/nofp\libg.a(libc_a-impure.o)
                0x20000038                _impure_data
 .data.__atexit_recursive_mutex
                0x20000158        0x4 C:/software/STM32CubeCLT_1.15.1/GNU-tools-for-STM32/bin/../lib/gcc/arm-none-eabi/12.3.1/../../../../arm-none-eabi/lib/thumb/v7-m/nofp\libg.a(libc_a-__call_atexit.o)
                0x20000158                __atexit_recursive_mutex
 .data.__malloc_sbrk_base
                0x2000015c        0x4 C:/software/STM32CubeCLT_1.15.1/GNU-tools-for-STM32/bin/../lib/gcc/arm-none-eabi/12.3.1/../../../../arm-none-eabi/lib/thumb/v7-m/nofp\libg.a(libc_a-mallocr.o)
                0x2000015c                __malloc_sbrk_base
 .data.__malloc_trim_threshold
                0x20000160        0x4 C:/software/STM32CubeCLT_1.15.1/GNU-tools-for-STM32/bin/../lib/gcc/arm-none-eabi/12.3.1/../../../../arm-none-eabi/lib/thumb/v7-m/nofp\libg.a(libc_a-mallocr.o)
                0x20000160                __malloc_trim_threshold
 .data.__malloc_av_
                0x20000164      0x408 C:/software/STM32CubeCLT_1.15.1/GNU-tools-for-STM32/bin/../lib/gcc/arm-none-eabi/12.3.1/../../../../arm-none-eabi/lib/thumb/v7-m/nofp\libg.a(libc_a-mallocr.o)
                0x20000164                __malloc_av_
 .data.__global_locale
                0x2000056c      0x16c C:/software/STM32CubeCLT_1.15.1/GNU-tools-for-STM32/bin/../lib/gcc/arm-none-eabi/12.3.1/../../../../arm-none-eabi/lib/thumb/v7-m/nofp\libg.a(libc_a-locale.o)
                0x2000056c                __global_locale
 *(.RamFunc)
 *(.RamFunc*)
                0x200006d8                        . = ALIGN (0x4)
                0x200006d8                        _edata = .

.igot.plt       0x200006d8        0x0 load address 0x0800c15c
 .igot.plt      0x200006d8        0x0 C:/software/STM32CubeCLT_1.15.1/GNU-tools-for-STM32/bin/../lib/gcc/arm-none-eabi/12.3.1/thumb/v7-m/nofp/crtbegin.o
                0x200006d8                        . = ALIGN (0x4)

.bss            0x200006d8     0xb254 load address 0x0800c15c
                0x200006d8                        _sbss = .
                0x200006d8                        __bss_start__ = _sbss
 *(.bss)
 .bss           0x200006d8       0x1c C:/software/STM32CubeCLT_1.15.1/GNU-tools-for-STM32/bin/../lib/gcc/arm-none-eabi/12.3.1/thumb/v7-m/nofp/crtbegin.o
 *(.bss*)
 .bss.buffer.0  0x200006f4       0x40 CMakeFiles/RoboticStm32.elf.dir/Bsp/uart/uart.c.obj
 .bss.hadc1     0x20000734       0x30 CMakeFiles/RoboticStm32.elf.dir/Core/Src/adc.c.obj
                0x20000734                hadc1
 .bss.defaultTaskHandle
                0x20000764        0x4 CMakeFiles/RoboticStm32.elf.dir/Core/Src/freertos.c.obj
                0x20000764                defaultTaskHandle
 .bss.hi2c2     0x20000768       0x54 CMakeFiles/RoboticStm32.elf.dir/Core/Src/i2c.c.obj
                0x20000768                hi2c2
 .bss.htim6     0x200007bc       0x48 CMakeFiles/RoboticStm32.elf.dir/Core/Src/stm32f1xx_hal_timebase_tim.c.obj
                0x200007bc                htim6
 .bss.__sbrk_heap_end
                0x20000804        0x4 CMakeFiles/RoboticStm32.elf.dir/Core/Src/sysmem.c.obj
 .bss.htim8     0x20000808       0x48 CMakeFiles/RoboticStm32.elf.dir/Core/Src/tim.c.obj
                0x20000808                htim8
 .bss.htim7     0x20000850       0x48 CMakeFiles/RoboticStm32.elf.dir/Core/Src/tim.c.obj
                0x20000850                htim7
 .bss.htim5     0x20000898       0x48 CMakeFiles/RoboticStm32.elf.dir/Core/Src/tim.c.obj
                0x20000898                htim5
 .bss.htim4     0x200008e0       0x48 CMakeFiles/RoboticStm32.elf.dir/Core/Src/tim.c.obj
                0x200008e0                htim4
 .bss.htim3     0x20000928       0x48 CMakeFiles/RoboticStm32.elf.dir/Core/Src/tim.c.obj
                0x20000928                htim3
 .bss.htim2     0x20000970       0x48 CMakeFiles/RoboticStm32.elf.dir/Core/Src/tim.c.obj
                0x20000970                htim2
 .bss.htim1     0x200009b8       0x48 CMakeFiles/RoboticStm32.elf.dir/Core/Src/tim.c.obj
                0x200009b8                htim1
 .bss.huart1    0x20000a00       0x48 CMakeFiles/RoboticStm32.elf.dir/Core/Src/usart.c.obj
                0x20000a00                huart1